04-17 20:09:51.423  1603  2666 D LOWI-9.0.1.89.z: [LOWI-Scan] print_bss_handler: Report Probe TSF 969216260 as it greater than Beacon TSF 0
04-17 20:09:51.423  1603  2666 D LOWI-9.0.1.89.z: [LOWI-Scan] decode_rsn_wpa_ie: LOWI_ENCRYPTION_TYPE_WPA_PSK
04-17 20:09:51.423  1603  2666 D LOWI-9.0.1.89.z: [LOWI-Scan] BSS dc:39:6f:**:**:4d LOWI_PHY_MODE_11AC_VHT20_2G(11), Beacon Interval: 100, LOWI_ENCRYPTION_TYPE_WPA_PSK 11mcRanging: No, ANQP: No, LCI: No, Civic: No, capability(0x1431): ESS Privacy ShortPreamble ShortSlotTime
04-17 20:09:51.423  1603  2666 D LOWI-9.0.1.89.z: [LOWI-Scan] BSS dc:39:6f:**:**:4d FREQ: 2437, cFreq1[40:80:160] = [0:0:0] cFreq2 = 0 Country Code = DE 
04-17 20:09:51.423  1603  2666 D LOWI-9.0.1.89.z: [LOWI-Scan] BSS dc:39:6f:**:**:4d (wlan0) ASSO: NO AddInfo: 0x0, TSF 0, 00:16:09.216, RSSI: -162, CPL: 127, AGE: 0,  SSID Ami, TSFDelta: 0x0, TXRate: 0
04-17 20:09:51.423  1603  2666 D LOWI-9.0.1.89.z: [LOWIDiagLog] Log: lowiMeasResult->request: invalid null argument
04-17 20:09:51.423  1603  2666 I LOWI-9.0.1.89.z: [LOWI-Scan] lowi_close_record:Scan done in 945843ms, 22 APs in scan results
04-17 20:09:51.423  1603  2666 D LOWI-9.0.1.89.z: [LOWI-Scan] WipsScanUsingNL: passive scan cached 0, took 10013 ms, err 0
04-17 20:09:51.423  1603  2666 D LOWI-9.0.1.89.z: [LOWI-Scan] lowi_proc_req_passive_scan_with_live_meas - No WLAN Frames to be parsed
04-17 20:09:51.423  1603  2666 D LOWI-9.0.1.89.z: [LOWIScanResultReceiver] Send scan meas to listener
04-17 20:09:51.423  1603  2666 D LOWI-9.0.1.89.z: [LOWIScanResultReceiver] Enter passive listening mode
04-17 20:09:51.423  1603  2666 D LOWI-9.0.1.89.z: [LOWIWifiDriverInterface] getMeasurements - Passive listening mode
04-17 20:09:51.423  1603  2666 D LOWI-9.0.1.89.z: [LOWI-Scan] WipsScanUsingNL:wait -1 sec for netlink message
04-17 20:09:51.423  1023  4431 D NxpHal  : read successful status = 0x0
04-17 20:09:51.423  1023  4431 D NfccPowerTracker: NfccPowerTracker::ProcessNtf: Enter
04-17 20:09:51.423  1023  4431 D NfccPowerTracker: mActiveDurationFromLastScreenUpdate: 81726
04-17 20:09:51.423  1603  1697 D LOWI-9.0.1.89.z: [LOWIEventReceiver] handleEvent:FROM:NA, TO:NA, REQ:NA, IREQ:NA, REQ_ID:0, RESP:NA, INFO:NA
04-17 20:09:51.423  1603  1697 D LOWI-9.0.1.89.z: [LOWIBackgroundScanMgr] isRspForBgScanMgr: evt(LOWI_NO_EVT) - not handled
04-17 20:09:51.423  1603  1697 D LOWI-9.0.1.89.z: [LOWIScheduler] manageMsg: NULL results or NULL request in results
04-17 20:09:51.423  1603  1697 D LOWI-9.0.1.89.z: [LOWIController] Measurements received
04-17 20:09:51.423  1603  1697 D LOWI-9.0.1.89.z: [LOWICacheManager] putInCache:Num of Meas to add: 22
04-17 20:09:51.424  1603  1697 D LOWI-9.0.1.89.z: [LOWIController] processMeasurementResults: No current Request. Cache measurements
04-17 20:09:51.424  1603  1697 D LOWI-9.0.1.89.z: [LOWIControllerExtn] sendLOWILpDiscoveryScanResponse: Not a discovery scan response
04-17 20:09:51.424  3150  3186 E libnfc_nci: [ERROR:NativeNfcTag.cpp(1094)] nativeNfcTag_doTransceive: already deactivated
04-17 20:09:51.425  1430  1626 D SMARTMU : #(1626) [ os_wlan_driver_event.cpp : 40] ------------------>  NL80211_CMD_NEW_SCAN_RESULTS : 34 
04-17 20:09:51.425  8134  8340 W WaveShareV3Handler: Chunk 1/8 offset=0 IOException (attempt 1): Tag was lost.
04-17 20:09:51.426  1023  4427 D NxpTml  : PN54X - Read requested.....
04-17 20:09:51.426  1023  4427 D NxpTml  : PN54X - Invoking I2C Read.....
04-17 20:09:51.428  1449  2654 E fusionconfd: SkinnyCat: Present country code=DE
04-17 20:09:51.428  1449  2654 D fusionconfd: SkinnyCat: inside listen events
04-17 20:09:51.434  1525  2046 D WificondScannerImpl: Filtering out 7 scan results.
04-17 20:09:51.437  1525  1995 D ActivityManager: freezing 3417 com.zebra.location
04-17 20:09:51.451  1525  1846 D ActivityManager: sync unfroze 3417 com.zebra.location for 3
04-17 20:09:51.476  3150  3186 E libnfc_nci: [ERROR:NfcTag.cpp(1677)] NfcTag::getTransceiveTimeout: invalid tech=-1
04-17 20:09:51.476  8134  8340 W WaveShareV3Handler: Chunk 1/8 offset=0 IOException (attempt 2): Tag was lost.
04-17 20:09:51.577  3150  3186 E libnfc_nci: [ERROR:NfcTag.cpp(1677)] NfcTag::getTransceiveTimeout: invalid tech=-1
04-17 20:09:51.578  8134  8340 W WaveShareV3Handler: Chunk 1/8 offset=0 IOException (attempt 3): Tag was lost.
04-17 20:09:51.645  1023  4427 D NxpTml  : PN54X - I2C Read successful.....
04-17 20:09:51.645  1023  4427 D NxpNciR : len =  18 > 61030F0104000A040004B0E8A94D01200002
04-17 20:09:51.645  1023  4427 D NxpTml  : PN54X - Posting read message.....
04-17 20:09:51.645  1023  4431 D NxpHal  : read successful status = 0x0
04-17 20:09:51.645  1023  4431 D NfccPowerTracker: NfccPowerTracker::ProcessNtf: Enter
04-17 20:09:51.646  1023  4427 D NxpTml  : PN54X - Read requested.....
04-17 20:09:51.646  1023  4427 D NxpTml  : PN54X - Invoking I2C Read.....
04-17 20:09:51.647  1178  1889 D audioserver: FGS Logger Transaction failed
04-17 20:09:51.647  1178  1889 D audioserver: -129
04-17 20:09:51.652  1023  4427 D NxpTml  : PN54X - I2C Read successful.....
04-17 20:09:51.652  1023  4427 D NxpNciR : len =  18 > 61030F0280000A040004B0E8A94D01080000
04-17 20:09:51.652  1023  4427 D NxpTml  : PN54X - Posting read message.....
04-17 20:09:51.652  1023  4431 D NxpHal  : read successful status = 0x0
04-17 20:09:51.652  1023  4431 D NfccPowerTracker: NfccPowerTracker::ProcessNtf: Enter
04-17 20:09:51.653  1023  1023 D NfccPowerTracker: NfccPowerTracker::ProcessCmd: Enter, Received len :6
04-17 20:09:51.657  1023  4429 D NxpTml  : PN54X - Write requested.....
04-17 20:09:51.657  1023  4429 D NxpTml  : PN54X - Invoking I2C Write.....
04-17 20:09:51.658  1023  4427 D NxpTml  : PN54X - Read requested.....
04-17 20:09:51.658  1023  4427 D NxpTml  : PN54X - Invoking I2C Read.....
04-17 20:09:51.658  1023  4429 D NxpNciX : len =   6 > 210403010402
04-17 20:09:51.658  1023  4429 D NxpTml  : PN54X - I2C Write successful.....
04-17 20:09:51.658  1023  4429 D NxpTml  : PN54X - Posting Fresh Write message.....
04-17 20:09:51.658  1023  4431 D NxpHal  : write successful status = 0x0
04-17 20:09:51.658  1023  4429 D NxpTml  : PN54X - Tml Writer Thread Running................
04-17 20:09:51.662  1023  4427 D NxpTml  : PN54X - I2C Read successful.....
04-17 20:09:51.662  1023  4427 D NxpNciR : len =   4 > 41040100
04-17 20:09:51.662  1023  4427 D NxpTml  : PN54X - Posting read message.....
04-17 20:09:51.662  1023  4431 D NxpHal  : read successful status = 0x0
04-17 20:09:51.663  1023  4427 D NxpTml  : PN54X - Read requested.....
04-17 20:09:51.663  1023  4427 D NxpTml  : PN54X - Invoking I2C Read.....
04-17 20:09:51.666  1023  4427 D NxpTml  : PN54X - I2C Read successful.....
04-17 20:09:51.666  1023  4427 D NxpNciR : len =  37 > 61052201020400FF010A040004B0E8A94D0120000000000D0C78777002595A52434F530300
04-17 20:09:51.666  1023  4427 D NxpTml  : PN54X - Posting read message.....
04-17 20:09:51.666  1023  4431 D NxpHal  : read successful status = 0x0
04-17 20:09:51.666  1023  4431 D NxpHal  : NxpNci: RF Interface = ISO-DEP
04-17 20:09:51.666  1023  4431 D NxpHal  : NxpNci: Protocol = ISO-DEP
04-17 20:09:51.666  1023  4431 D NxpHal  : NxpNci: Mode = A Passive Poll
04-17 20:09:51.666  1023  4431 D NfccPowerTracker: NfccPowerTracker::ProcessNtf: Enter
04-17 20:09:51.667  1023  1023 D NfccPowerTracker: NfccPowerTracker::ProcessCmd: Enter, Received len :4
04-17 20:09:51.667  1023  4429 D NxpTml  : PN54X - Write requested.....
04-17 20:09:51.667  1023  4429 D NxpTml  : PN54X - Invoking I2C Write.....
04-17 20:09:51.668  1023  4429 D NxpNciX : len =   4 > 21060101
04-17 20:09:51.668  1023  4429 D NxpTml  : PN54X - I2C Write successful.....
04-17 20:09:51.668  1023  4427 D NxpTml  : PN54X - Read requested.....
04-17 20:09:51.668  1023  4429 D NxpTml  : PN54X - Posting Fresh Write message.....
04-17 20:09:51.668  1023  4427 D NxpTml  : PN54X - Invoking I2C Read.....
04-17 20:09:51.668  1023  4429 D NxpTml  : PN54X - Tml Writer Thread Running................
04-17 20:09:51.668  1023  4431 D NxpHal  : write successful status = 0x0
04-17 20:09:51.671  1023  4427 D NxpTml  : PN54X - I2C Read successful.....
04-17 20:09:51.671  1023  4427 D NxpNciR : len =   4 > 41060100
04-17 20:09:51.671  1023  4427 D NxpTml  : PN54X - Posting read message.....
04-17 20:09:51.671  1023  4431 D NxpHal  : read successful status = 0x0
04-17 20:09:51.671  1023  4427 D NxpTml  : PN54X - Read requested.....
04-17 20:09:51.671  1023  4427 D NxpTml  : PN54X - Invoking I2C Read.....
04-17 20:09:51.674  1023  4427 D NxpTml  : PN54X - I2C Read successful.....
04-17 20:09:51.674  1023  4427 D NxpNciR : len =   5 > 6106020100
04-17 20:09:51.674  1023  4427 D NxpTml  : PN54X - Posting read message.....
04-17 20:09:51.674  1023  4431 D NxpHal  : read successful status = 0x0
04-17 20:09:51.674  1023  4431 D NfccPowerTracker: NfccPowerTracker::ProcessNtf: Enter
04-17 20:09:51.674  1023  4431 D NfccPowerTracker: mActiveDurationFromLastScreenUpdate: 81734
04-17 20:09:51.675  1023  1023 D NfccPowerTracker: NfccPowerTracker::ProcessCmd: Enter, Received len :6
04-17 20:09:51.675  1023  4429 D NxpTml  : PN54X - Write requested.....
04-17 20:09:51.675  1023  4429 D NxpTml  : PN54X - Invoking I2C Write.....
04-17 20:09:51.675  1023  4427 D NxpTml  : PN54X - Read requested.....
04-17 20:09:51.675  1023  4427 D NxpTml  : PN54X - Invoking I2C Read.....
04-17 20:09:51.675  1023  4429 D NxpNciX : len =   6 > 210403028080
04-17 20:09:51.675  1023  4429 D NxpTml  : PN54X - I2C Write successful.....
04-17 20:09:51.675  1023  4429 D NxpTml  : PN54X - Posting Fresh Write message.....
04-17 20:09:51.675  1023  4429 D NxpTml  : PN54X - Tml Writer Thread Running................
04-17 20:09:51.676  1023  4431 D NxpHal  : write successful status = 0x0
04-17 20:09:51.679  1023  4427 D NxpTml  : PN54X - I2C Read successful.....
04-17 20:09:51.679  1023  4427 D NxpNciR : len =   4 > 41040100
04-17 20:09:51.679  1023  4427 D NxpTml  : PN54X - Posting read message.....
04-17 20:09:51.679  1023  4431 D NxpHal  : read successful status = 0x0
04-17 20:09:51.679  1023  4427 D NxpTml  : PN54X - Read requested.....
04-17 20:09:51.679  1023  4427 D NxpTml  : PN54X - Invoking I2C Read.....
04-17 20:09:51.683  1023  4427 D NxpTml  : PN54X - I2C Read successful.....
04-17 20:09:51.683  1023  4427 D NxpNciR : len =  24 > 61051502808000FF010A040004B0E8A94D01080000000000
04-17 20:09:51.683  1023  4427 D NxpTml  : PN54X - Posting read message.....
04-17 20:09:51.683  1023  4431 D NxpHal  : read successful status = 0x0
04-17 20:09:51.683  1023  4431 D NxpHal  : NxpNci: RF Interface = Mifare Enable MifareExtns
04-17 20:09:51.683  1023  4431 D NxpHal  : NxpNci: RF Interface = MIFARE
04-17 20:09:51.683  1023  4431 D NxpHal  : NxpNci: Protocol = MIFARE
04-17 20:09:51.683  1023  4431 D NxpHal  : NxpNci: Mode = A Passive Poll
04-17 20:09:51.683  1023  4431 D NfccPowerTracker: NfccPowerTracker::ProcessNtf: Enter
04-17 20:09:51.683  3150  4551 I com.android.nfc: --- WEIRD: removing null entry 385
04-17 20:09:51.683  3150  4551 W com.android.nfc: JNI WARNING: DeleteGlobalRef(0x3032) failed to find entry
04-17 20:09:51.684  3562  3596 D com.zebra.valueadd.enfc.ENFCSettingsService: readSharedPreference : nfc_cpu_boost : false
04-17 20:09:51.684  3562  3596 D com.zebra.valueadd.enfc.ENFCSettingsService: readENFCPreference : nfc_cpu_boost : false
04-17 20:09:51.684  1023  4427 D NxpTml  : PN54X - Read requested.....
04-17 20:09:51.684  1023  4427 D NxpTml  : PN54X - Invoking I2C Read.....
04-17 20:09:51.685  3150  3150 D EnterpriseNfcAdapter:  readENFCPreference : nfc_cpu_boost=false
04-17 20:09:51.685  3150  9522 D NativeNfcTag: Starting background presence check
04-17 20:09:51.685  1525  4148 D vibrator.VibratorManagerService: Starting vibrate for vibration 30
04-17 20:09:51.688  1178  2543 D audioserver: FGS Logger Transaction failed
04-17 20:09:51.688  1178  2543 D audioserver: -129
04-17 20:09:51.690  1079  1079 D vendor.qti.vibrator: Vibrator on for timeoutMs: 200
04-17 20:09:51.690  1079  9523 D vendor.qti.vibrator: Starting on on another thread
04-17 20:09:51.730  8134  8340 W NfcFlasher: SecurityException mid-transfer: Permission Denial: Tag ( ID: B0 E8 A9 4D ) is out of date
04-17 20:09:51.734  8134  8340 D StabilityLog: Logged: 2026-04-17T20:09:51,V3,isodep_forced,fail,1113,0,tag_expired
04-17 20:09:51.749  1038  1322 W SDM     : RCIntfImpl::ValidateMaskLayer: Unsupported mask layer format RGBA_8888_UBWC (12) on layer(0l, 0ft, 1200fr, 36b).
04-17 20:09:51.749  1038  1322 W SDM     : RCIntfImpl::ValidateMaskLayer: Unsupported mask layer format RGBA_8888_UBWC (12) on layer(0l, 0ft, 1200fr, 36b).
04-17 20:09:51.750  1038  1322 W SDM     : DisplayBase::Commit: Failed to set the data on driver for display: 32-0, Error: -1, status: 0
04-17 20:09:51.761  1525  4148 D CoreBackPreview: Window{7d94356 u0 Toast}: Setting back callback OnBackInvokedCallbackInfo{mCallback=android.window.IOnBackInvokedCallback$Stub$Proxy@211ebad, mPriority=0, mIsAnimationCallback=false}
04-17 20:09:51.763  1184  1184 W Layer   : gatherBufferInfo: Received unknown dataspace from gralloc
04-17 20:09:51.763  1184  1184 W Layer   : gatherBufferInfo: Received unknown dataspace from gralloc
04-17 20:09:51.765  2136  2136 W libc    : Access denied finding property "vendor.display.enable_optimal_refresh_rate"
04-17 20:09:51.762  2136  2136 W ndroid.systemui: type=1400 audit(0.0:482): avc:  denied  { read } for  name="u:object_r:vendor_display_prop:s0" dev="tmpfs" ino=2980 scontext=u:r:platform_app:s0:c512,c768 tcontext=u:object_r:vendor_display_prop:s0 tclass=file permissive=0 app=com.android.systemui
04-17 20:09:51.767  2136  2195 E OpenGLRenderer: Unable to match the desired swap behavior.
04-17 20:09:51.769  1038  1322 W SDM     : RCIntfImpl::ValidateMaskLayer: Unsupported mask layer format RGBA_8888_UBWC (12) on layer(0l, 0ft, 1200fr, 36b).
04-17 20:09:51.769  1038  1322 W SDM     : RCIntfImpl::ValidateMaskLayer: Unsupported mask layer format RGBA_8888_UBWC (12) on layer(0l, 0ft, 1200fr, 36b).
04-17 20:09:51.777  1038  1322 W SDM     : DisplayBase::Commit: Failed to set the data on driver for display: 32-0, Error: -1, status: 0
04-17 20:09:51.796  1184  1184 W Layer   : gatherBufferInfo: Received unknown dataspace from gralloc
04-17 20:09:51.796  1184  1184 W Layer   : gatherBufferInfo: Received unknown dataspace from gralloc
04-17 20:09:51.803  1038  1322 W SDM     : RCIntfImpl::ValidateMaskLayer: Unsupported mask layer format RGBA_8888_UBWC (12) on layer(0l, 0ft, 1200fr, 36b).
04-17 20:09:51.803  1038  1322 W SDM     : RCIntfImpl::ValidateMaskLayer: Unsupported mask layer format RGBA_8888_UBWC (12) on layer(0l, 0ft, 1200fr, 36b).
04-17 20:09:51.811  1038  1322 W SDM     : DisplayBase::Commit: Failed to set the data on driver for display: 32-0, Error: -1, status: 0
04-17 20:09:51.829  1184  1184 W Layer   : gatherBufferInfo: Received unknown dataspace from gralloc
04-17 20:09:51.830  1184  1184 W Layer   : gatherBufferInfo: Received unknown dataspace from gralloc
04-17 20:09:51.834  1038  1322 W SDM     : RCIntfImpl::ValidateMaskLayer: Unsupported mask layer format RGBA_8888_UBWC (12) on layer(0l, 0ft, 1200fr, 36b).
04-17 20:09:51.834  1038  1322 W SDM     : RCIntfImpl::ValidateMaskLayer: Unsupported mask layer format RGBA_8888_UBWC (12) on layer(0l, 0ft, 1200fr, 36b).
04-17 20:09:51.842  1038  1322 W SDM     : DisplayBase::Commit: Failed to set the data on driver for display: 32-0, Error: -1, status: 0
04-17 20:09:51.863  1184  1184 W Layer   : gatherBufferInfo: Received unknown dataspace from gralloc
04-17 20:09:51.863  1184  1184 W Layer   : gatherBufferInfo: Received unknown dataspace from gralloc
04-17 20:09:51.866  1038  1322 W SDM     : RCIntfImpl::ValidateMaskLayer: Unsupported mask layer format RGBA_8888_UBWC (12) on layer(0l, 0ft, 1200fr, 36b).
04-17 20:09:51.866  1038  1322 W SDM     : RCIntfImpl::ValidateMaskLayer: Unsupported mask layer format RGBA_8888_UBWC (12) on layer(0l, 0ft, 1200fr, 36b).
04-17 20:09:51.873  1038  1322 W SDM     : DisplayBase::Commit: Failed to set the data on driver for display: 32-0, Error: -1, status: 0
04-17 20:09:51.883  1184  1184 W Layer   : gatherBufferInfo: Received unknown dataspace from gralloc
04-17 20:09:51.883  1184  1184 W Layer   : gatherBufferInfo: Received unknown dataspace from gralloc
04-17 20:09:51.886  1525  1998 D vibrator.VibratorManagerService: Vibration 30 finished with EndInfo{status=FINISHED, endedBy=null}
04-17 20:09:51.886  1525  1998 D vibrator.VibratorManagerService: Reporting vibration 30 finished with EndInfo{status=FINISHED, endedBy=null}
04-17 20:09:51.886  1525  1998 D vibrator.VibratorManagerService: Vibration for uid=1027 and with attrs=VibrationAttributes: Usage=HARDWARE_FEEDBACK Audio Usage= USAGE_UNKNOWN Flags=0 ended with status FINISHED
04-17 20:09:51.887  1038  1322 W SDM     : RCIntfImpl::ValidateMaskLayer: Unsupported mask layer format RGBA_8888_UBWC (12) on layer(0l, 0ft, 1200fr, 36b).
04-17 20:09:51.887  1038  1322 W SDM     : RCIntfImpl::ValidateMaskLayer: Unsupported mask layer format RGBA_8888_UBWC (12) on layer(0l, 0ft, 1200fr, 36b).
04-17 20:09:51.891  1079  9523 D vendor.qti.vibrator: Notifying on complete
04-17 20:09:51.891  1525  2141 D vibrator.VibratorManagerService: Vibration 30 on vibrator 0 complete, notifying thread
04-17 20:09:51.891  1079  1079 D vendor.qti.vibrator: QTI Vibrator off
04-17 20:09:51.892  1525  1998 D vibrator.VibratorManagerService: VibrationThread released after finished vibration
04-17 20:09:51.892  1525  1998 D vibrator.VibratorManagerService: Processing VibrationThread released callback
04-17 20:09:51.896  1038  1322 W SDM     : DisplayBase::Commit: Failed to set the data on driver for display: 32-0, Error: -1, status: 0
04-17 20:09:51.912  1184  1184 W Layer   : gatherBufferInfo: Received unknown dataspace from gralloc
04-17 20:09:51.912  1184  1184 W Layer   : gatherBufferInfo: Received unknown dataspace from gralloc
04-17 20:09:51.915  1038  1322 W SDM     : RCIntfImpl::ValidateMaskLayer: Unsupported mask layer format RGBA_8888_UBWC (12) on layer(0l, 0ft, 1200fr, 36b).
04-17 20:09:51.915  1038  1322 W SDM     : RCIntfImpl::ValidateMaskLayer: Unsupported mask layer format RGBA_8888_UBWC (12) on layer(0l, 0ft, 1200fr, 36b).
04-17 20:09:51.922  1038  1322 W SDM     : DisplayBase::Commit: Failed to set the data on driver for display: 32-0, Error: -1, status: 0
04-17 20:09:51.929  1092  1092 I vendor.zebra.hardware.health@1.0-service: getZebraHealthInfo
04-17 20:09:51.932  1184  1184 W Layer   : gatherBufferInfo: Received unknown dataspace from gralloc
04-17 20:09:51.932  1184  1184 W Layer   : gatherBufferInfo: Received unknown dataspace from gralloc
04-17 20:09:51.932  1525  4665 E BatteryService: The battery temperature is 25 and battery present is true ,not going for shutdown
04-17 20:09:51.936  1038  1322 W SDM     : RCIntfImpl::ValidateMaskLayer: Unsupported mask layer format RGBA_8888_UBWC (12) on layer(0l, 0ft, 1200fr, 36b).
04-17 20:09:51.936  1038  1322 W SDM     : RCIntfImpl::ValidateMaskLayer: Unsupported mask layer format RGBA_8888_UBWC (12) on layer(0l, 0ft, 1200fr, 36b).
04-17 20:09:51.943  1038  1322 W SDM     : DisplayBase::Commit: Failed to set the data on driver for display: 32-0, Error: -1, status: 0
04-17 20:09:51.955  5370  5370 I FusionManager: getCountry ENTER
04-17 20:09:51.955  1091  1091 D vendor.zebra.fusion_aidl-service: is80211dEnabled: returns 1
04-17 20:09:51.955  5426  5458 E D       : is80211dEnabled true
04-17 20:09:51.956  1449  1449 I fusionconfd: getDriverCountry ENTER
04-17 20:09:51.962  1184  1184 W Layer   : gatherBufferInfo: Received unknown dataspace from gralloc
04-17 20:09:51.963  1184  1184 W Layer   : gatherBufferInfo: Received unknown dataspace from gralloc
04-17 20:09:51.966  1038  1322 W SDM     : RCIntfImpl::ValidateMaskLayer: Unsupported mask layer format RGBA_8888_UBWC (12) on layer(0l, 0ft, 1200fr, 36b).
04-17 20:09:51.966  1038  1322 W SDM     : RCIntfImpl::ValidateMaskLayer: Unsupported mask layer format RGBA_8888_UBWC (12) on layer(0l, 0ft, 1200fr, 36b).
04-17 20:09:51.966  1449  1449 I fusionconfd: getDriverCountry country_info=DE
04-17 20:09:51.972  1038  1322 W SDM     : DisplayBase::Commit: Failed to set the data on driver for display: 32-0, Error: -1, status: 0
04-17 20:09:51.981  1184  1184 W Layer   : gatherBufferInfo: Received unknown dataspace from gralloc
04-17 20:09:51.982  1184  1184 W Layer   : gatherBufferInfo: Received unknown dataspace from gralloc
04-17 20:09:51.985  1038  1322 W SDM     : RCIntfImpl::ValidateMaskLayer: Unsupported mask layer format RGBA_8888_UBWC (12) on layer(0l, 0ft, 1200fr, 36b).
04-17 20:09:51.985  1038  1322 W SDM     : RCIntfImpl::ValidateMaskLayer: Unsupported mask layer format RGBA_8888_UBWC (12) on layer(0l, 0ft, 1200fr, 36b).
04-17 20:09:51.993  1038  1322 W SDM     : DisplayBase::Commit: Failed to set the data on driver for display: 32-0, Error: -1, status: 0
04-17 20:09:52.012  1184  1184 W Layer   : gatherBufferInfo: Received unknown dataspace from gralloc
04-17 20:09:52.013  1184  1184 W Layer   : gatherBufferInfo: Received unknown dataspace from gralloc
04-17 20:09:52.016  1038  1322 W SDM     : RCIntfImpl::ValidateMaskLayer: Unsupported mask layer format RGBA_8888_UBWC (12) on layer(0l, 0ft, 1200fr, 36b).
04-17 20:09:52.016  1038  1322 W SDM     : RCIntfImpl::ValidateMaskLayer: Unsupported mask layer format RGBA_8888_UBWC (12) on layer(0l, 0ft, 1200fr, 36b).
04-17 20:09:52.022  1038  1322 W SDM     : DisplayBase::Commit: Failed to set the data on driver for display: 32-0, Error: -1, status: 0
04-17 20:09:52.032  1184  1184 W Layer   : gatherBufferInfo: Received unknown dataspace from gralloc
04-17 20:09:52.032  1184  1184 W Layer   : gatherBufferInfo: Received unknown dataspace from gralloc
04-17 20:09:52.035  1038  1322 W SDM     : RCIntfImpl::ValidateMaskLayer: Unsupported mask layer format RGBA_8888_UBWC (12) on layer(0l, 0ft, 1200fr, 36b).
04-17 20:09:52.036  1038  1322 W SDM     : RCIntfImpl::ValidateMaskLayer: Unsupported mask layer format RGBA_8888_UBWC (12) on layer(0l, 0ft, 1200fr, 36b).
04-17 20:09:52.043  1038  1322 W SDM     : DisplayBase::Commit: Failed to set the data on driver for display: 32-0, Error: -1, status: 0
04-17 20:09:52.062  1184  1184 W Layer   : gatherBufferInfo: Received unknown dataspace from gralloc
04-17 20:09:52.062  1184  1184 W Layer   : gatherBufferInfo: Received unknown dataspace from gralloc
04-17 20:09:52.065  1038  1322 W SDM     : RCIntfImpl::ValidateMaskLayer: Unsupported mask layer format RGBA_8888_UBWC (12) on layer(0l, 0ft, 1200fr, 36b).
04-17 20:09:52.066  1038  1322 W SDM     : RCIntfImpl::ValidateMaskLayer: Unsupported mask layer format RGBA_8888_UBWC (12) on layer(0l, 0ft, 1200fr, 36b).
04-17 20:09:52.073  1038  1322 W SDM     : DisplayBase::Commit: Failed to set the data on driver for display: 32-0, Error: -1, status: 0
04-17 20:09:52.084  1184  1184 W Layer   : gatherBufferInfo: Received unknown dataspace from gralloc
04-17 20:09:52.084  1184  1184 W Layer   : gatherBufferInfo: Received unknown dataspace from gralloc
04-17 20:09:52.088  1038  1322 W SDM     : RCIntfImpl::ValidateMaskLayer: Unsupported mask layer format RGBA_8888_UBWC (12) on layer(0l, 0ft, 1200fr, 36b).
04-17 20:09:52.088  1038  1322 W SDM     : RCIntfImpl::ValidateMaskLayer: Unsupported mask layer format RGBA_8888_UBWC (12) on layer(0l, 0ft, 1200fr, 36b).
04-17 20:09:52.095  1038  1322 W SDM     : DisplayBase::Commit: Failed to set the data on driver for display: 32-0, Error: -1, status: 0
04-17 20:09:52.112  1184  1184 W Layer   : gatherBufferInfo: Received unknown dataspace from gralloc
04-17 20:09:52.112  1184  1184 W Layer   : gatherBufferInfo: Received unknown dataspace from gralloc
04-17 20:09:52.115  1038  1322 W SDM     : RCIntfImpl::ValidateMaskLayer: Unsupported mask layer format RGBA_8888_UBWC (12) on layer(0l, 0ft, 1200fr, 36b).
04-17 20:09:52.116  1038  1322 W SDM     : RCIntfImpl::ValidateMaskLayer: Unsupported mask layer format RGBA_8888_UBWC (12) on layer(0l, 0ft, 1200fr, 36b).
04-17 20:09:52.122  1038  1322 W SDM     : DisplayBase::Commit: Failed to set the data on driver for display: 32-0, Error: -1, status: 0
04-17 20:09:52.133  1184  1184 W Layer   : gatherBufferInfo: Received unknown dataspace from gralloc
04-17 20:09:52.133  1184  1184 W Layer   : gatherBufferInfo: Received unknown dataspace from gralloc
04-17 20:09:52.138  1038  1322 W SDM     : RCIntfImpl::ValidateMaskLayer: Unsupported mask layer format RGBA_8888_UBWC (12) on layer(0l, 0ft, 1200fr, 36b).
04-17 20:09:52.138  1038  1322 W SDM     : RCIntfImpl::ValidateMaskLayer: Unsupported mask layer format RGBA_8888_UBWC (12) on layer(0l, 0ft, 1200fr, 36b).
04-17 20:09:52.147  1038  1322 W SDM     : DisplayBase::Commit: Failed to set the data on driver for display: 32-0, Error: -1, status: 0
04-17 20:09:52.162  1184  1184 W Layer   : gatherBufferInfo: Received unknown dataspace from gralloc
04-17 20:09:52.163  1184  1184 W Layer   : gatherBufferInfo: Received unknown dataspace from gralloc
04-17 20:09:52.166  1038  1322 W SDM     : RCIntfImpl::ValidateMaskLayer: Unsupported mask layer format RGBA_8888_UBWC (12) on layer(0l, 0ft, 1200fr, 36b).
04-17 20:09:52.166  1038  1322 W SDM     : RCIntfImpl::ValidateMaskLayer: Unsupported mask layer format RGBA_8888_UBWC (12) on layer(0l, 0ft, 1200fr, 36b).
04-17 20:09:52.173  1038  1322 W SDM     : DisplayBase::Commit: Failed to set the data on driver for display: 32-0, Error: -1, status: 0
04-17 20:09:52.182  1184  1184 W Layer   : gatherBufferInfo: Received unknown dataspace from gralloc
04-17 20:09:52.182  1184  1184 W Layer   : gatherBufferInfo: Received unknown dataspace from gralloc
04-17 20:09:52.186  1038  1322 W SDM     : RCIntfImpl::ValidateMaskLayer: Unsupported mask layer format RGBA_8888_UBWC (12) on layer(0l, 0ft, 1200fr, 36b).
04-17 20:09:52.186  1038  1322 W SDM     : RCIntfImpl::ValidateMaskLayer: Unsupported mask layer format RGBA_8888_UBWC (12) on layer(0l, 0ft, 1200fr, 36b).
04-17 20:09:52.193  1038  1322 W SDM     : DisplayBase::Commit: Failed to set the data on driver for display: 32-0, Error: -1, status: 0
04-17 20:09:52.298  1038  1322 W SDM     : RCIntfImpl::ValidateMaskLayer: Unsupported mask layer format RGBA_8888_UBWC (12) on layer(0l, 0ft, 1200fr, 36b).
04-17 20:09:52.298  1038  1322 W SDM     : RCIntfImpl::ValidateMaskLayer: Unsupported mask layer format RGBA_8888_UBWC (12) on layer(0l, 0ft, 1200fr, 36b).
04-17 20:09:52.306  1038  1322 W SDM     : DisplayBase::Commit: Failed to set the data on driver for display: 32-0, Error: -1, status: 0
04-17 20:09:52.647  1178  1889 D audioserver: FGS Logger Transaction failed
04-17 20:09:52.647  1178  1889 D audioserver: -129
04-17 20:09:53.290   640  9483 I keystore2: system/security/keystore2/src/watchdog.rs:319 - Watchdog thread idle -> terminating. Have a great day.
04-17 20:09:53.329  1525  2141 D ActivityManager: com.google.android.gms is skipped freeze by freezeAppAsyncInternalLSP
04-17 20:09:53.330  1525  2141 W ProcessStats: Tracking association SourceState{64e1d4c com.google.android.gms.persistent/10158 BFgs #4502} whose proc state 4 is better than process ProcessState{efab781 com.google.android.adservices.api/10240 pkg=com.google.android.adservices.api} proc state 14 (25 skipped)
04-17 20:09:53.672  3365  9092 W jccx    : [{0}] Failed to resolve name. status={1}
04-17 20:09:53.731  1525  1875 I DisplayPowerController2[0]: BrightnessEvent: disp=0, physDisp=local:4630946258474618241, brt=0.12939858, initBrt=0.105146915, rcmdBrt=0.12939858, preBrt=0.105146915, lux=106.846535, preLux=76.259514, hbmMax=1.0, hbmMode=off, rbcStrength=50, thrmMax=1.0, powerFactor=1.0, wasShortTermModelActive=false, flags=, reason=automatic, autoBrightness=true, strategy=InvalidBrightnessStrategy
04-17 20:09:53.731  1525  1838 D DisplayManagerService: Ignore redundant display event 0/4 to 10157/4185
04-17 20:09:53.731  1525  1838 D DisplayManagerService: Ignore redundant display event 0/4 to 2000/7706
04-17 20:09:53.732  1525  1838 D DisplayManagerService: Ignore redundant display event 0/4 to 10157/4185
04-17 20:09:53.732  1525  1838 D DisplayManagerService: Ignore redundant display event 0/4 to 2000/7706
04-17 20:09:53.734  1525  1525 I BrightnessSynchronizer: [95] New Update 0.12939858(f) set brightness values:  34(i)
04-17 20:09:53.734  1525  1525 I BrightnessSynchronizer: New PendingUpdate: {[96] 0.12939858(f), mUpdatedTypes=0, mConfirmedTypes=0, mTimeUpdated=0}, prev=null
04-17 20:09:53.736  1525  1525 I BrightnessSynchronizer: Swallowing update of 34(i) by update: {[95] 0.12939858(f), mUpdatedTypes=1, mConfirmedTypes=1, mTimeUpdated=971530}
04-17 20:09:53.736  1525  1525 I BrightnessSynchronizer: Completed Update: {[95] 0.12939858(f), mUpdatedTypes=1, mConfirmedTypes=1, mTimeUpdated=971530}
04-17 20:09:54.096  1184  1184 W Layer   : gatherBufferInfo: Received unknown dataspace from gralloc
04-17 20:09:54.096  1184  1184 W Layer   : gatherBufferInfo: Received unknown dataspace from gralloc
04-17 20:09:54.101  1038  1322 W SDM     : RCIntfImpl::ValidateMaskLayer: Unsupported mask layer format RGBA_8888_UBWC (12) on layer(0l, 0ft, 1200fr, 36b).
04-17 20:09:54.101  1038  1322 W SDM     : RCIntfImpl::ValidateMaskLayer: Unsupported mask layer format RGBA_8888_UBWC (12) on layer(0l, 0ft, 1200fr, 36b).
04-17 20:09:54.103  1038  1322 W SDM     : DisplayBase::Commit: Failed to set the data on driver for display: 32-0, Error: -1, status: 0
04-17 20:09:54.114  1184  1184 W Layer   : gatherBufferInfo: Received unknown dataspace from gralloc
04-17 20:09:54.115  1184  1184 W Layer   : gatherBufferInfo: Received unknown dataspace from gralloc
04-17 20:09:54.118  1038  1322 W SDM     : DisplayBase::Commit: Failed to set the data on driver for display: 32-0, Error: -1, status: 0
04-17 20:09:54.131  1184  1184 W Layer   : gatherBufferInfo: Received unknown dataspace from gralloc
04-17 20:09:54.131  1184  1184 W Layer   : gatherBufferInfo: Received unknown dataspace from gralloc
04-17 20:09:54.134  1038  1322 W SDM     : DisplayBase::Commit: Failed to set the data on driver for display: 32-0, Error: -1, status: 0
04-17 20:09:54.145  1184  1184 W Layer   : gatherBufferInfo: Received unknown dataspace from gralloc
04-17 20:09:54.145  1184  1184 W Layer   : gatherBufferInfo: Received unknown dataspace from gralloc
04-17 20:09:54.148  1038  1322 W SDM     : DisplayBase::Commit: Failed to set the data on driver for display: 32-0, Error: -1, status: 0
04-17 20:09:54.162  1184  1184 W Layer   : gatherBufferInfo: Received unknown dataspace from gralloc
04-17 20:09:54.163  1184  1184 W Layer   : gatherBufferInfo: Received unknown dataspace from gralloc
04-17 20:09:54.166  1038  1322 W SDM     : DisplayBase::Commit: Failed to set the data on driver for display: 32-0, Error: -1, status: 0
04-17 20:09:54.179  1184  1184 W Layer   : gatherBufferInfo: Received unknown dataspace from gralloc
04-17 20:09:54.179  1184  1184 W Layer   : gatherBufferInfo: Received unknown dataspace from gralloc
04-17 20:09:54.183  1038  1322 W SDM     : DisplayBase::Commit: Failed to set the data on driver for display: 32-0, Error: -1, status: 0
04-17 20:09:54.195  1184  1184 W Layer   : gatherBufferInfo: Received unknown dataspace from gralloc
04-17 20:09:54.196  1184  1184 W Layer   : gatherBufferInfo: Received unknown dataspace from gralloc
04-17 20:09:54.199  1038  1322 W SDM     : DisplayBase::Commit: Failed to set the data on driver for display: 32-0, Error: -1, status: 0
04-17 20:09:54.212  1184  1184 W Layer   : gatherBufferInfo: Received unknown dataspace from gralloc
04-17 20:09:54.212  1184  1184 W Layer   : gatherBufferInfo: Received unknown dataspace from gralloc
04-17 20:09:54.216  1038  1322 W SDM     : DisplayBase::Commit: Failed to set the data on driver for display: 32-0, Error: -1, status: 0
04-17 20:09:54.229  1184  1184 W Layer   : gatherBufferInfo: Received unknown dataspace from gralloc
04-17 20:09:54.229  1184  1184 W Layer   : gatherBufferInfo: Received unknown dataspace from gralloc
04-17 20:09:54.232  1038  1322 W SDM     : DisplayBase::Commit: Failed to set the data on driver for display: 32-0, Error: -1, status: 0
04-17 20:09:54.246  1184  1184 W Layer   : gatherBufferInfo: Received unknown dataspace from gralloc
04-17 20:09:54.246  1184  1184 W Layer   : gatherBufferInfo: Received unknown dataspace from gralloc
04-17 20:09:54.249  1038  1322 W SDM     : DisplayBase::Commit: Failed to set the data on driver for display: 32-0, Error: -1, status: 0
04-17 20:09:54.262  1184  1184 W Layer   : gatherBufferInfo: Received unknown dataspace from gralloc
04-17 20:09:54.262  1184  1184 W Layer   : gatherBufferInfo: Received unknown dataspace from gralloc
04-17 20:09:54.266  1038  1322 W SDM     : DisplayBase::Commit: Failed to set the data on driver for display: 32-0, Error: -1, status: 0
04-17 20:09:54.279  1184  1184 W Layer   : gatherBufferInfo: Received unknown dataspace from gralloc
04-17 20:09:54.279  1184  1184 W Layer   : gatherBufferInfo: Received unknown dataspace from gralloc
04-17 20:09:54.282  1038  1322 W SDM     : DisplayBase::Commit: Failed to set the data on driver for display: 32-0, Error: -1, status: 0
04-17 20:09:54.295  1184  1184 W Layer   : gatherBufferInfo: Received unknown dataspace from gralloc
04-17 20:09:54.296  1184  1184 W Layer   : gatherBufferInfo: Received unknown dataspace from gralloc
04-17 20:09:54.299  1038  1322 W SDM     : DisplayBase::Commit: Failed to set the data on driver for display: 32-0, Error: -1, status: 0
04-17 20:09:54.312  1184  1184 W Layer   : gatherBufferInfo: Received unknown dataspace from gralloc
04-17 20:09:54.313  1184  1184 W Layer   : gatherBufferInfo: Received unknown dataspace from gralloc
04-17 20:09:54.316  1038  1322 W SDM     : DisplayBase::Commit: Failed to set the data on driver for display: 32-0, Error: -1, status: 0
04-17 20:09:54.327  2136  2136 W WindowOnBackDispatcher: sendCancelIfRunning: isInProgress=falsecallback=android.view.ViewRootImpl$$ExternalSyntheticLambda17@7c32f90
04-17 20:09:54.327  1525  2141 D CoreBackPreview: Window{7d94356 u0 Toast}: Setting back callback null
04-17 20:09:54.329  1184  1184 W Layer   : gatherBufferInfo: Received unknown dataspace from gralloc
04-17 20:09:54.329  1184  1184 W Layer   : gatherBufferInfo: Received unknown dataspace from gralloc
04-17 20:09:54.330  1525  2141 W InputManager-JNI: Input channel object '7d94356 Toast (client)' was disposed without first being removed with the input manager!
04-17 20:09:54.333  1038  1322 W SDM     : DisplayBase::Commit: Failed to set the data on driver for display: 32-0, Error: -1, status: 0
04-17 20:09:54.333  1525  2141 W NotificationService: Toast already killed. pkg=com.adient.nfcv4 token=android.os.BinderProxy@98e95a9
04-17 20:09:54.354  1038  1322 W SDM     : RCIntfImpl::ValidateMaskLayer: Unsupported mask layer format RGBA_8888_UBWC (12) on layer(0l, 0ft, 1200fr, 36b).
04-17 20:09:54.354  1038  1322 W SDM     : RCIntfImpl::ValidateMaskLayer: Unsupported mask layer format RGBA_8888_UBWC (12) on layer(0l, 0ft, 1200fr, 36b).
04-17 20:09:54.360  1038  1322 W SDM     : DisplayBase::Commit: Failed to set the data on driver for display: 32-0, Error: -1, status: 0
04-17 20:09:54.388  1038  1322 W SDM     : RCIntfImpl::ValidateMaskLayer: Unsupported mask layer format RGBA_8888_UBWC (12) on layer(0l, 0ft, 1200fr, 36b).
04-17 20:09:54.388  1038  1322 W SDM     : RCIntfImpl::ValidateMaskLayer: Unsupported mask layer format RGBA_8888_UBWC (12) on layer(0l, 0ft, 1200fr, 36b).
04-17 20:09:54.390  1038  1322 W SDM     : DisplayBase::Commit: Failed to set the data on driver for display: 32-0, Error: -1, status: 0
04-17 20:09:54.497  1038  1322 W SDM     : RCIntfImpl::ValidateMaskLayer: Unsupported mask layer format RGBA_8888_UBWC (12) on layer(0l, 0ft, 1200fr, 36b).
04-17 20:09:54.497  1038  1322 W SDM     : RCIntfImpl::ValidateMaskLayer: Unsupported mask layer format RGBA_8888_UBWC (12) on layer(0l, 0ft, 1200fr, 36b).
04-17 20:09:54.505  1038  1322 W SDM     : DisplayBase::Commit: Failed to set the data on driver for display: 32-0, Error: -1, status: 0
04-17 20:09:54.713  1474  9466 D BufferPoolAccessor2.0: bufferpool2 0xb4000074f388bfc8 : 65(83229 size) total buffers - 1(535 size) used buffers - 51/322 (recycle/alloc) - 275/321 (fetch/transfer)
04-17 20:09:55.560  1010  1915 D audio_hw_primary: out_standby: enter: stream (0xee3821a0) usecase(1: low-latency-playback)
04-17 20:09:55.610  1010  1915 D audio_hw_primary: disable_audio_route: reset and update mixer path: low-latency-playback
04-17 20:09:55.610  1010  1915 D soundtrigger: audio_extn_sound_trigger_update_stream_status: uc_info->id 1 of type 0 for Event 2, with Raise=0
04-17 20:09:55.610  1010  1915 D hardware_info: hw_info_append_hw_type : device_name = speaker
04-17 20:09:55.610  1010  1915 D audio_hw_primary: disable_snd_device: snd_device(2: speaker)
04-17 20:09:55.619  1010  1915 I soundtrigger: audio_extn_sound_trigger_update_device_status: device 0x2 of type 0 for Event 0, with Raise=0
04-17 20:09:55.802  2136  2649 W libc    : Access denied finding property "vendor.torch.protection"
04-17 20:09:56.578  1023  1023 D NfccPowerTracker: NfccPowerTracker::ProcessCmd: Enter, Received len :4
04-17 20:09:56.579  1023  4429 D NxpTml  : PN54X - Write requested.....
04-17 20:09:56.579  1023  4429 D NxpTml  : PN54X - Invoking I2C Write.....
04-17 20:09:56.580  1023  4429 D NxpNciX : len =   4 > 21060101
04-17 20:09:56.580  1023  4429 D NxpTml  : PN54X - I2C Write successful.....
04-17 20:09:56.580  1023  4429 D NxpTml  : PN54X - Posting Fresh Write message.....
04-17 20:09:56.580  1023  4429 D NxpTml  : PN54X - Tml Writer Thread Running................
04-17 20:09:56.580  1023  4431 D NxpHal  : write successful status = 0x0
04-17 20:09:56.584  1023  4427 D NxpTml  : PN54X - I2C Read successful.....
04-17 20:09:56.584  1023  4427 D NxpNciR : len =   4 > 41060100
04-17 20:09:56.584  1023  4427 D NxpTml  : PN54X - Posting read message.....
04-17 20:09:56.584  1023  4431 D NxpHal  : read successful status = 0x0
04-17 20:09:56.585  1023  4427 D NxpTml  : PN54X - Read requested.....
04-17 20:09:56.585  1023  4427 D NxpTml  : PN54X - Invoking I2C Read.....
04-17 20:09:56.588  1023  4427 D NxpTml  : PN54X - I2C Read successful.....
04-17 20:09:56.588  1023  4427 D NxpNciR : len =   5 > 6106020100
04-17 20:09:56.588  1023  4427 D NxpTml  : PN54X - Posting read message.....
04-17 20:09:56.589  1023  4431 D NxpHal  : read successful status = 0x0
04-17 20:09:56.589  1023  4431 D NfccPowerTracker: NfccPowerTracker::ProcessNtf: Enter
04-17 20:09:56.589  1023  4431 D NfccPowerTracker: mActiveDurationFromLastScreenUpdate: 86639
04-17 20:09:56.590  1023  4427 D NxpTml  : PN54X - Read requested.....
04-17 20:09:56.590  1023  4427 D NxpTml  : PN54X - Invoking I2C Read.....
04-17 20:09:56.590  1023  1023 D NfccPowerTracker: NfccPowerTracker::ProcessCmd: Enter, Received len :6
04-17 20:09:56.590  1023  4429 D NxpTml  : PN54X - Write requested.....
04-17 20:09:56.591  1023  4429 D NxpTml  : PN54X - Invoking I2C Write.....
04-17 20:09:56.591  1023  4429 D NxpNciX : len =   6 > 210403028080
04-17 20:09:56.591  1023  4429 D NxpTml  : PN54X - I2C Write successful.....
04-17 20:09:56.591  1023  4429 D NxpTml  : PN54X - Posting Fresh Write message.....
04-17 20:09:56.591  1023  4429 D NxpTml  : PN54X - Tml Writer Thread Running................
04-17 20:09:56.592  1023  4431 D NxpHal  : write successful status = 0x0
04-17 20:09:56.595  1023  4427 D NxpTml  : PN54X - I2C Read successful.....
04-17 20:09:56.595  1023  4427 D NxpNciR : len =   4 > 41040100
04-17 20:09:56.595  1023  4427 D NxpTml  : PN54X - Posting read message.....
04-17 20:09:56.595  1023  4431 D NxpHal  : read successful status = 0x0
04-17 20:09:56.596  1023  4427 D NxpTml  : PN54X - Read requested.....
04-17 20:09:56.596  1023  4427 D NxpTml  : PN54X - Invoking I2C Read.....
04-17 20:09:56.599  1023  4427 D NxpTml  : PN54X - I2C Read successful.....
04-17 20:09:56.599  1023  4427 D NxpNciR : len =   4 > 600701A1
04-17 20:09:56.599  1023  4427 D NxpTml  : PN54X - Posting read message.....
04-17 20:09:56.599  1023  4431 D NxpHal  : read successful status = 0x0
04-17 20:09:56.599  1023  4431 D NfccPowerTracker: NfccPowerTracker::ProcessNtf: Enter
04-17 20:09:56.601  1023  1023 D NfccPowerTracker: NfccPowerTracker::ProcessCmd: Enter, Received len :4
04-17 20:09:56.601  3150  9514 D NativeNfcTag: Tag lost, restarting polling loop
04-17 20:09:56.601  1023  4429 D NxpTml  : PN54X - Write requested.....
04-17 20:09:56.601  1023  4427 D NxpTml  : PN54X - Read requested.....
04-17 20:09:56.601  1023  4429 D NxpTml  : PN54X - Invoking I2C Write.....
04-17 20:09:56.601  1023  4427 D NxpTml  : PN54X - Invoking I2C Read.....
04-17 20:09:56.601  1023  4429 D NxpNciX : len =   4 > 21060100
04-17 20:09:56.601  1023  4429 D NxpTml  : PN54X - I2C Write successful.....
04-17 20:09:56.601  1023  4429 D NxpTml  : PN54X - Posting Fresh Write message.....
04-17 20:09:56.601  1023  4429 D NxpTml  : PN54X - Tml Writer Thread Running................
04-17 20:09:56.601  1023  4431 D NxpHal  : write successful status = 0x0
04-17 20:09:56.602  3562  3596 D com.zebra.valueadd.enfc.ENFCSettingsService: readSharedPreference : nfc_type_all_key : true
04-17 20:09:56.602  3562  3596 D com.zebra.valueadd.enfc.ENFCSettingsService: readENFCPreference : nfc_type_all_key : true
04-17 20:09:56.603  3150  9514 D EnterpriseNfcAdapter:  readENFCPreference : nfc_type_all_key=true
04-17 20:09:56.604  3562  3596 D com.zebra.valueadd.enfc.ENFCSettingsService: readSharedPreference : nfc_type_a_key : true
04-17 20:09:56.604  3562  3596 D com.zebra.valueadd.enfc.ENFCSettingsService: readENFCPreference : nfc_type_a_key : true
04-17 20:09:56.604  3150  9514 D EnterpriseNfcAdapter:  readENFCPreference : nfc_type_a_key=true
04-17 20:09:56.605  3562  3596 D com.zebra.valueadd.enfc.ENFCSettingsService: readSharedPreference : nfc_type_b_key : true
04-17 20:09:56.605  3562  3596 D com.zebra.valueadd.enfc.ENFCSettingsService: readENFCPreference : nfc_type_b_key : true
04-17 20:09:56.605  1023  4427 D NxpTml  : PN54X - I2C Read successful.....
04-17 20:09:56.605  1023  4427 D NxpNciR : len =   4 > 41060100
04-17 20:09:56.605  1023  4427 D NxpTml  : PN54X - Posting read message.....
04-17 20:09:56.605  3150  9514 D EnterpriseNfcAdapter:  readENFCPreference : nfc_type_b_key=true
04-17 20:09:56.606  1023  4431 D NxpHal  : read successful status = 0x0
04-17 20:09:56.606  3562  3596 D com.zebra.valueadd.enfc.ENFCSettingsService: readSharedPreference : nfc_type_f_key : true
04-17 20:09:56.606  3562  3596 D com.zebra.valueadd.enfc.ENFCSettingsService: readENFCPreference : nfc_type_f_key : true
04-17 20:09:56.607  3150  9514 D EnterpriseNfcAdapter:  readENFCPreference : nfc_type_f_key=true
04-17 20:09:56.607  1023  4427 D NxpTml  : PN54X - Read requested.....
04-17 20:09:56.607  1023  4427 D NxpTml  : PN54X - Invoking I2C Read.....
04-17 20:09:56.607  3562  3596 D com.zebra.valueadd.enfc.ENFCSettingsService: readSharedPreference : nfc_type_v_key : true
04-17 20:09:56.607  3562  3596 D com.zebra.valueadd.enfc.ENFCSettingsService: readENFCPreference : nfc_type_v_key : true
04-17 20:09:56.607  1023  1023 D NxpHal  : > Polling Loop Started
04-17 20:09:56.608  1023  1023 D NfccPowerTracker: NfccPowerTracker::ProcessCmd: Enter, Received len :6
04-17 20:09:56.608  3150  9514 D EnterpriseNfcAdapter:  readENFCPreference : nfc_type_v_key=true
04-17 20:09:56.609  1023  4429 D NxpTml  : PN54X - Write requested.....
04-17 20:09:56.609  1023  4429 D NxpTml  : PN54X - Invoking I2C Write.....
04-17 20:09:56.608  3562  3596 D com.zebra.valueadd.enfc.ENFCSettingsService: readSharedPreference : nfc_p2p_key : true
04-17 20:09:56.609  1023  4429 D NxpNciX : len =   6 > 210303010001
04-17 20:09:56.609  3562  3596 D com.zebra.valueadd.enfc.ENFCSettingsService: readENFCPreference : nfc_p2p_key : true
04-17 20:09:56.609  1023  4429 D NxpTml  : PN54X - I2C Write successful.....
04-17 20:09:56.609  1023  4429 D NxpTml  : PN54X - Posting Fresh Write message.....
04-17 20:09:56.609  1023  4429 D NxpTml  : PN54X - Tml Writer Thread Running................
04-17 20:09:56.609  1023  4431 D NxpHal  : write successful status = 0x0
04-17 20:09:56.610  3150  9514 D EnterpriseNfcAdapter:  readENFCPreference : nfc_p2p_key=true
04-17 20:09:56.610  3562  3596 D com.zebra.valueadd.enfc.ENFCSettingsService: readSharedPreference : nfc_ce_key : true
04-17 20:09:56.610  3562  3596 D com.zebra.valueadd.enfc.ENFCSettingsService: readENFCPreference : nfc_ce_key : true
04-17 20:09:56.611  3150  9514 D EnterpriseNfcAdapter:  readENFCPreference : nfc_ce_key=true
04-17 20:09:56.611  3150  9514 D EnterpriseNfcAdapter: isCEEnabled  = true
04-17 20:09:56.612  3150  9514 D NfcService: Not updating discovery parameters, tag connected.
04-17 20:09:56.612  3150  9514 D NativeNfcTag: Stopping background presence check
04-17 20:09:56.614  1023  4427 D NxpTml  : PN54X - I2C Read successful.....
04-17 20:09:56.614  1023  4427 D NxpNciR : len =   4 > 41030100
04-17 20:09:56.614  1023  4427 D NxpTml  : PN54X - Posting read message.....
04-17 20:09:56.614  1023  4431 D NxpHal  : read successful status = 0x0
04-17 20:09:56.615  1023  4427 D NxpTml  : PN54X - Read requested.....
04-17 20:09:56.616  1023  4427 D NxpTml  : PN54X - Invoking I2C Read.....
04-17 20:09:56.686  3150  9522 D NativeNfcTag: Tag lost, restarting polling loop
04-17 20:09:56.686  3150  9522 W libnfc_nci: [WARNING:NativeNfcTag.cpp(961)] nativeNfcTag_doDisconnect: tag already deactivated
04-17 20:09:56.687  3562  3596 D com.zebra.valueadd.enfc.ENFCSettingsService: readSharedPreference : nfc_type_all_key : true
04-17 20:09:56.687  3562  3596 D com.zebra.valueadd.enfc.ENFCSettingsService: readENFCPreference : nfc_type_all_key : true
04-17 20:09:56.688  3150  9522 D EnterpriseNfcAdapter:  readENFCPreference : nfc_type_all_key=true
04-17 20:09:56.688  3562  3596 D com.zebra.valueadd.enfc.ENFCSettingsService: readSharedPreference : nfc_type_a_key : true
04-17 20:09:56.688  3562  3596 D com.zebra.valueadd.enfc.ENFCSettingsService: readENFCPreference : nfc_type_a_key : true
04-17 20:09:56.689  3150  9522 D EnterpriseNfcAdapter:  readENFCPreference : nfc_type_a_key=true
04-17 20:09:56.689  3562  3596 D com.zebra.valueadd.enfc.ENFCSettingsService: readSharedPreference : nfc_type_b_key : true
04-17 20:09:56.689  3562  3596 D com.zebra.valueadd.enfc.ENFCSettingsService: readENFCPreference : nfc_type_b_key : true
04-17 20:09:56.690  3150  9522 D EnterpriseNfcAdapter:  readENFCPreference : nfc_type_b_key=true
04-17 20:09:56.690  3562  3596 D com.zebra.valueadd.enfc.ENFCSettingsService: readSharedPreference : nfc_type_f_key : true
04-17 20:09:56.690  3562  3596 D com.zebra.valueadd.enfc.ENFCSettingsService: readENFCPreference : nfc_type_f_key : true
04-17 20:09:56.691  3150  9522 D EnterpriseNfcAdapter:  readENFCPreference : nfc_type_f_key=true
04-17 20:09:56.691  3562  3596 D com.zebra.valueadd.enfc.ENFCSettingsService: readSharedPreference : nfc_type_v_key : true
04-17 20:09:56.692  3562  3596 D com.zebra.valueadd.enfc.ENFCSettingsService: readENFCPreference : nfc_type_v_key : true
04-17 20:09:56.692  3150  9522 D EnterpriseNfcAdapter:  readENFCPreference : nfc_type_v_key=true
04-17 20:09:56.692  3562  3596 D com.zebra.valueadd.enfc.ENFCSettingsService: readSharedPreference : nfc_p2p_key : true
04-17 20:09:56.692  3562  3596 D com.zebra.valueadd.enfc.ENFCSettingsService: readENFCPreference : nfc_p2p_key : true
04-17 20:09:56.693  3150  9522 D EnterpriseNfcAdapter:  readENFCPreference : nfc_p2p_key=true
04-17 20:09:56.693  3562  3596 D com.zebra.valueadd.enfc.ENFCSettingsService: readSharedPreference : nfc_ce_key : true
04-17 20:09:56.694  3562  3596 D com.zebra.valueadd.enfc.ENFCSettingsService: readENFCPreference : nfc_ce_key : true
04-17 20:09:56.694  3150  9522 D EnterpriseNfcAdapter:  readENFCPreference : nfc_ce_key=true
04-17 20:09:56.694  3150  9522 D EnterpriseNfcAdapter: isCEEnabled  = true
04-17 20:09:56.695  3150  9522 D NfcService: Discovery configuration equal, not updating.
04-17 20:09:56.695  3150  9522 D NativeNfcTag: Stopping background presence check
04-17 20:09:56.851  1023  4427 D NxpTml  : PN54X - I2C Read successful.....
04-17 20:09:56.851  1023  4427 D NxpNciR : len =  18 > 61030F0104000A040004B0E8A94D01200002
04-17 20:09:56.851  1023  4427 D NxpTml  : PN54X - Posting read message.....
04-17 20:09:56.851  1023  4431 D NxpHal  : read successful status = 0x0
04-17 20:09:56.851  1023  4431 D NfccPowerTracker: NfccPowerTracker::ProcessNtf: Enter
04-17 20:09:56.852  1023  4427 D NxpTml  : PN54X - Read requested.....
04-17 20:09:56.852  1023  4427 D NxpTml  : PN54X - Invoking I2C Read.....
04-17 20:09:56.857  1023  4427 D NxpTml  : PN54X - I2C Read successful.....
04-17 20:09:56.857  1023  4427 D NxpNciR : len =  18 > 61030F0280000A040004B0E8A94D01080000
04-17 20:09:56.857  1023  4427 D NxpTml  : PN54X - Posting read message.....
04-17 20:09:56.857  1023  4431 D NxpHal  : read successful status = 0x0
04-17 20:09:56.858  1023  4431 D NfccPowerTracker: NfccPowerTracker::ProcessNtf: Enter
04-17 20:09:56.860  1023  1023 D NfccPowerTracker: NfccPowerTracker::ProcessCmd: Enter, Received len :6
04-17 20:09:56.861  1023  4427 D NxpTml  : PN54X - Read requested.....
04-17 20:09:56.861  1023  4427 D NxpTml  : PN54X - Invoking I2C Read.....
04-17 20:09:56.861  1023  4429 D NxpTml  : PN54X - Write requested.....
04-17 20:09:56.861  1023  4429 D NxpTml  : PN54X - Invoking I2C Write.....
04-17 20:09:56.862  1023  4429 D NxpNciX : len =   6 > 210403010402
04-17 20:09:56.862  1023  4429 D NxpTml  : PN54X - I2C Write successful.....
04-17 20:09:56.862  1023  4429 D NxpTml  : PN54X - Posting Fresh Write message.....
04-17 20:09:56.862  1023  4429 D NxpTml  : PN54X - Tml Writer Thread Running................
04-17 20:09:56.863  1023  4431 D NxpHal  : write successful status = 0x0
