04-17 20:09:49.402  1525  1525 I BrightnessSynchronizer: Completed Update: {[93] 0.105146915(f), mUpdatedTypes=1, mConfirmedTypes=1, mTimeUpdated=967196}
04-17 20:09:49.407  1525  1835 V WindowManager: Finish Transition #22: created at 04-17 20:09:48.722 collect-started=0.108ms request-sent=6.82ms started=23.887ms ready=23.853ms sent=149.473ms finished=683.829ms
04-17 20:09:49.411  2136  2178 V WindowManagerShell: Track 0 became idle
04-17 20:09:49.411  2136  2178 V WindowManagerShell: All active transition animations finished
04-17 20:09:49.417  1038  1322 W SDM     : DisplayBase::Commit: Failed to set the data on driver for display: 32-0, Error: -1, status: 0
04-17 20:09:49.418  2342  2529 I DynamicDDSService: handleMessage(ACTIVITY_SUSPEND{appInfo=com.adient.nfcv4 isFullScreen=}true)
04-17 20:09:49.418  2342  2529 W DynamicDDSService: mAppNames is empty, no need to send QMI
04-17 20:09:49.420  1525  1838 D ActivityManager: com.google.android.gms is skipped freeze by freezeAppAsyncInternalLSP
04-17 20:09:49.429  1184  1184 W Layer   : gatherBufferInfo: Received unknown dataspace from gralloc
04-17 20:09:49.429  1184  1184 W Layer   : gatherBufferInfo: Received unknown dataspace from gralloc
04-17 20:09:49.429  1184  1184 W Layer   : gatherBufferInfo: Received unknown dataspace from gralloc
04-17 20:09:49.429  1184  1184 W Layer   : gatherBufferInfo: Received unknown dataspace from gralloc
04-17 20:09:49.432  1038  1322 W SDM     : RCIntfImpl::ValidateMaskLayer: Unsupported mask layer format RGBA_8888_UBWC (12) on layer(0l, 0ft, 1200fr, 36b).
04-17 20:09:49.432  1038  1322 W SDM     : RCIntfImpl::ValidateMaskLayer: Unsupported mask layer format RGBA_8888_UBWC (12) on layer(0l, 0ft, 1200fr, 36b).
04-17 20:09:49.433  1038  1322 W SDM     : DisplayBase::Commit: Failed to set the data on driver for display: 32-0, Error: -1, status: 0
04-17 20:09:49.452  1525  4140 D ActivityManager: com.google.android.gms is skipped freeze by freezeAppAsyncInternalLSP
04-17 20:09:49.464  1038  1322 W SDM     : RCIntfImpl::ValidateMaskLayer: Unsupported mask layer format RGBA_8888_UBWC (12) on layer(0l, 0ft, 1200fr, 36b).
04-17 20:09:49.465  1038  1322 W SDM     : RCIntfImpl::ValidateMaskLayer: Unsupported mask layer format RGBA_8888_UBWC (12) on layer(0l, 0ft, 1200fr, 36b).
04-17 20:09:49.465  1038  1322 W SDM     : DisplayBase::Commit: Failed to set the data on driver for display: 32-0, Error: -1, status: 0
04-17 20:09:49.484  1038  1322 W SDM     : DisplayBase::Commit: Failed to set the data on driver for display: 32-0, Error: -1, status: 0
04-17 20:09:49.597  1038  1322 W SDM     : RCIntfImpl::ValidateMaskLayer: Unsupported mask layer format RGBA_8888_UBWC (12) on layer(0l, 0ft, 1200fr, 36b).
04-17 20:09:49.597  1038  1322 W SDM     : RCIntfImpl::ValidateMaskLayer: Unsupported mask layer format RGBA_8888_UBWC (12) on layer(0l, 0ft, 1200fr, 36b).
04-17 20:09:49.603  1038  1322 W SDM     : DisplayBase::Commit: Failed to set the data on driver for display: 32-0, Error: -1, status: 0
04-17 20:09:49.800  1946  2945 E ANDR-PERF-LM: VmRssMeter:: start() 453: Could not find pid, can not collect vmrss data
04-17 20:09:49.800  1946  2944 E ANDR-PERF-LM: VmRssMeter:: start() 453: Could not find pid, can not collect vmrss data
04-17 20:09:49.801  1946  2945 E ANDR-PERF-LM: AdaptiveLaunch: writeToDataBase() 64: Meter aborted or could not get meter data for this run
04-17 20:09:50.122  1023  4427 D NxpTml  : PN54X - I2C Read successful.....
04-17 20:09:50.122  1023  4427 D NxpNciR : len =  18 > 61030F0104000A040004B0E8A94D01200002
04-17 20:09:50.123  1023  4427 D NxpTml  : PN54X - Posting read message.....
04-17 20:09:50.123  1023  4431 D NxpHal  : read successful status = 0x0
04-17 20:09:50.123  1023  4431 D NfccPowerTracker: NfccPowerTracker::ProcessNtf: Enter
04-17 20:09:50.124  1023  4427 D NxpTml  : PN54X - Read requested.....
04-17 20:09:50.124  1023  4427 D NxpTml  : PN54X - Invoking I2C Read.....
04-17 20:09:50.128  1023  4427 D NxpTml  : PN54X - I2C Read successful.....
04-17 20:09:50.129  1023  4427 D NxpNciR : len =  18 > 61030F0280000A040004B0E8A94D01080000
04-17 20:09:50.129  1023  4427 D NxpTml  : PN54X - Posting read message.....
04-17 20:09:50.129  1023  4431 D NxpHal  : read successful status = 0x0
04-17 20:09:50.129  1023  4431 D NfccPowerTracker: NfccPowerTracker::ProcessNtf: Enter
04-17 20:09:50.130  1023  4427 D NxpTml  : PN54X - Read requested.....
04-17 20:09:50.130  1023  4427 D NxpTml  : PN54X - Invoking I2C Read.....
04-17 20:09:50.130  1023  1023 D NfccPowerTracker: NfccPowerTracker::ProcessCmd: Enter, Received len :6
04-17 20:09:50.130  1023  4429 D NxpTml  : PN54X - Write requested.....
04-17 20:09:50.130  1023  4429 D NxpTml  : PN54X - Invoking I2C Write.....
04-17 20:09:50.131  1023  4429 D NxpNciX : len =   6 > 210403010402
04-17 20:09:50.131  1023  4429 D NxpTml  : PN54X - I2C Write successful.....
04-17 20:09:50.131  1023  4429 D NxpTml  : PN54X - Posting Fresh Write message.....
04-17 20:09:50.131  1023  4429 D NxpTml  : PN54X - Tml Writer Thread Running................
04-17 20:09:50.131  1023  4431 D NxpHal  : write successful status = 0x0
04-17 20:09:50.135  1023  4427 D NxpTml  : PN54X - I2C Read successful.....
04-17 20:09:50.135  1023  4427 D NxpNciR : len =   4 > 41040100
04-17 20:09:50.135  1023  4427 D NxpTml  : PN54X - Posting read message.....
04-17 20:09:50.135  1023  4431 D NxpHal  : read successful status = 0x0
04-17 20:09:50.136  1023  4427 D NxpTml  : PN54X - Read requested.....
04-17 20:09:50.136  1023  4427 D NxpTml  : PN54X - Invoking I2C Read.....
04-17 20:09:50.139  1023  4427 D NxpTml  : PN54X - I2C Read successful.....
04-17 20:09:50.140  1023  4427 D NxpNciR : len =  37 > 61052201020400FF010A040004B0E8A94D0120000000000D0C78777002595A52434F530300
04-17 20:09:50.140  1023  4427 D NxpTml  : PN54X - Posting read message.....
04-17 20:09:50.140  1023  4431 D NxpHal  : read successful status = 0x0
04-17 20:09:50.140  1023  4431 D NxpHal  : NxpNci: RF Interface = ISO-DEP
04-17 20:09:50.140  1023  4431 D NxpHal  : NxpNci: Protocol = ISO-DEP
04-17 20:09:50.140  1023  4431 D NxpHal  : NxpNci: Mode = A Passive Poll
04-17 20:09:50.140  1023  4431 D NfccPowerTracker: NfccPowerTracker::ProcessNtf: Enter
04-17 20:09:50.141  1023  4427 D NxpTml  : PN54X - Read requested.....
04-17 20:09:50.141  1023  4427 D NxpTml  : PN54X - Invoking I2C Read.....
04-17 20:09:50.142  1023  1023 D NfccPowerTracker: NfccPowerTracker::ProcessCmd: Enter, Received len :4
04-17 20:09:50.143  1023  4429 D NxpTml  : PN54X - Write requested.....
04-17 20:09:50.143  1023  4429 D NxpTml  : PN54X - Invoking I2C Write.....
04-17 20:09:50.143  1023  4429 D NxpNciX : len =   4 > 21060101
04-17 20:09:50.143  1023  4429 D NxpTml  : PN54X - I2C Write successful.....
04-17 20:09:50.143  1023  4429 D NxpTml  : PN54X - Posting Fresh Write message.....
04-17 20:09:50.143  1023  4429 D NxpTml  : PN54X - Tml Writer Thread Running................
04-17 20:09:50.144  1023  4431 D NxpHal  : write successful status = 0x0
04-17 20:09:50.146  1023  4427 D NxpTml  : PN54X - I2C Read successful.....
04-17 20:09:50.146  1023  4427 D NxpNciR : len =   4 > 41060100
04-17 20:09:50.146  1023  4427 D NxpTml  : PN54X - Posting read message.....
04-17 20:09:50.146  1023  4431 D NxpHal  : read successful status = 0x0
04-17 20:09:50.147  1023  4427 D NxpTml  : PN54X - Read requested.....
04-17 20:09:50.147  1023  4427 D NxpTml  : PN54X - Invoking I2C Read.....
04-17 20:09:50.171  1023  4427 D NxpTml  : PN54X - I2C Read successful.....
04-17 20:09:50.171  1023  4427 D NxpNciR : len =   5 > 6106020104
04-17 20:09:50.171  1023  4427 D NxpTml  : PN54X - Posting read message.....
04-17 20:09:50.171  1023  4431 D NxpHal  : read successful status = 0x0
04-17 20:09:50.171  1023  4431 D NfccPowerTracker: NfccPowerTracker::ProcessNtf: Enter
04-17 20:09:50.171  1023  4431 D NfccPowerTracker: mActiveDurationFromLastScreenUpdate: 80477
04-17 20:09:50.172  1023  4427 D NxpTml  : PN54X - Read requested.....
04-17 20:09:50.172  1023  1023 D NfccPowerTracker: NfccPowerTracker::ProcessCmd: Enter, Received len :4
04-17 20:09:50.172  1023  4427 D NxpTml  : PN54X - Invoking I2C Read.....
04-17 20:09:50.172  1023  4429 D NxpTml  : PN54X - Write requested.....
04-17 20:09:50.172  1023  4429 D NxpTml  : PN54X - Invoking I2C Write.....
04-17 20:09:50.173  1023  4429 D NxpNciX : len =   4 > 21060101
04-17 20:09:50.173  1023  4429 D NxpTml  : PN54X - I2C Write successful.....
04-17 20:09:50.173  1023  4429 D NxpTml  : PN54X - Posting Fresh Write message.....
04-17 20:09:50.173  1023  4429 D NxpTml  : PN54X - Tml Writer Thread Running................
04-17 20:09:50.173  1023  4431 D NxpHal  : write successful status = 0x0
04-17 20:09:50.177  1023  4427 D NxpTml  : PN54X - I2C Read successful.....
04-17 20:09:50.177  1023  4427 D NxpNciR : len =   4 > 41060100
04-17 20:09:50.177  1023  4427 D NxpTml  : PN54X - Posting read message.....
04-17 20:09:50.177  1023  4431 D NxpHal  : read successful status = 0x0
04-17 20:09:50.178  1023  4427 D NxpTml  : PN54X - Read requested.....
04-17 20:09:50.178  1023  4427 D NxpTml  : PN54X - Invoking I2C Read.....
04-17 20:09:50.201  1023  4427 D NxpTml  : PN54X - I2C Read successful.....
04-17 20:09:50.201  1023  4427 D NxpNciR : len =   5 > 6106020104
04-17 20:09:50.201  1023  4427 D NxpTml  : PN54X - Posting read message.....
04-17 20:09:50.201  1023  4431 D NxpHal  : read successful status = 0x0
04-17 20:09:50.201  1023  4431 D NfccPowerTracker: NfccPowerTracker::ProcessNtf: Enter
04-17 20:09:50.201  1023  4431 D NfccPowerTracker: mActiveDurationFromLastScreenUpdate: 80538
04-17 20:09:50.202  1023  4427 D NxpTml  : PN54X - Read requested.....
04-17 20:09:50.202  1023  4427 D NxpTml  : PN54X - Invoking I2C Read.....
04-17 20:09:50.202  1023  1023 D NfccPowerTracker: NfccPowerTracker::ProcessCmd: Enter, Received len :4
04-17 20:09:50.203  1023  4429 D NxpTml  : PN54X - Write requested.....
04-17 20:09:50.203  1023  4429 D NxpTml  : PN54X - Invoking I2C Write.....
04-17 20:09:50.203  1023  4429 D NxpNciX : len =   4 > 21060101
04-17 20:09:50.203  1023  4429 D NxpTml  : PN54X - I2C Write successful.....
04-17 20:09:50.203  1023  4429 D NxpTml  : PN54X - Posting Fresh Write message.....
04-17 20:09:50.203  1023  4429 D NxpTml  : PN54X - Tml Writer Thread Running................
04-17 20:09:50.204  1023  4431 D NxpHal  : write successful status = 0x0
04-17 20:09:50.207  1023  4427 D NxpTml  : PN54X - I2C Read successful.....
04-17 20:09:50.208  1023  4427 D NxpNciR : len =   4 > 41060100
04-17 20:09:50.208  1023  4427 D NxpTml  : PN54X - Posting read message.....
04-17 20:09:50.208  1023  4431 D NxpHal  : read successful status = 0x0
04-17 20:09:50.210  1023  4427 D NxpTml  : PN54X - Read requested.....
04-17 20:09:50.210  1023  4427 D NxpTml  : PN54X - Invoking I2C Read.....
04-17 20:09:50.231  1023  4427 D NxpTml  : PN54X - I2C Read successful.....
04-17 20:09:50.231  1023  4427 D NxpNciR : len =   5 > 6106020104
04-17 20:09:50.231  1023  4427 D NxpTml  : PN54X - Posting read message.....
04-17 20:09:50.232  1023  4431 D NxpHal  : read successful status = 0x0
04-17 20:09:50.232  1023  4431 D NfccPowerTracker: NfccPowerTracker::ProcessNtf: Enter
04-17 20:09:50.232  1023  4431 D NfccPowerTracker: mActiveDurationFromLastScreenUpdate: 80629
04-17 20:09:50.233  1023  1023 D NfccPowerTracker: NfccPowerTracker::ProcessCmd: Enter, Received len :4
04-17 20:09:50.233  1023  4429 D NxpTml  : PN54X - Write requested.....
04-17 20:09:50.233  1023  4429 D NxpTml  : PN54X - Invoking I2C Write.....
04-17 20:09:50.233  1023  4427 D NxpTml  : PN54X - Read requested.....
04-17 20:09:50.233  1023  4427 D NxpTml  : PN54X - Invoking I2C Read.....
04-17 20:09:50.234  1023  4429 D NxpNciX : len =   4 > 21060101
04-17 20:09:50.234  1023  4429 D NxpTml  : PN54X - I2C Write successful.....
04-17 20:09:50.234  1023  4429 D NxpTml  : PN54X - Posting Fresh Write message.....
04-17 20:09:50.234  1023  4429 D NxpTml  : PN54X - Tml Writer Thread Running................
04-17 20:09:50.234  1023  4431 D NxpHal  : write successful status = 0x0
04-17 20:09:50.237  1023  4427 D NxpTml  : PN54X - I2C Read successful.....
04-17 20:09:50.237  1023  4427 D NxpNciR : len =   4 > 41060100
04-17 20:09:50.237  1023  4427 D NxpTml  : PN54X - Posting read message.....
04-17 20:09:50.237  1023  4431 D NxpHal  : read successful status = 0x0
04-17 20:09:50.238  1023  4427 D NxpTml  : PN54X - Read requested.....
04-17 20:09:50.238  1023  4427 D NxpTml  : PN54X - Invoking I2C Read.....
04-17 20:09:50.244  1474  2175 D BufferPoolAccessor2.0: evictor expired: 1, evicted: 0
04-17 20:09:50.262  1023  4427 D NxpTml  : PN54X - I2C Read successful.....
04-17 20:09:50.262  1023  4427 D NxpNciR : len =   5 > 6106020104
04-17 20:09:50.262  1023  4427 D NxpTml  : PN54X - Posting read message.....
04-17 20:09:50.262  1023  4431 D NxpHal  : read successful status = 0x0
04-17 20:09:50.262  1023  4431 D NfccPowerTracker: NfccPowerTracker::ProcessNtf: Enter
04-17 20:09:50.262  1023  4431 D NfccPowerTracker: mActiveDurationFromLastScreenUpdate: 80751
04-17 20:09:50.263  1023  4427 D NxpTml  : PN54X - Read requested.....
04-17 20:09:50.263  1023  4427 D NxpTml  : PN54X - Invoking I2C Read.....
04-17 20:09:50.263  1023  1023 D NfccPowerTracker: NfccPowerTracker::ProcessCmd: Enter, Received len :4
04-17 20:09:50.263  1023  4429 D NxpTml  : PN54X - Write requested.....
04-17 20:09:50.263  1023  4429 D NxpTml  : PN54X - Invoking I2C Write.....
04-17 20:09:50.264  1023  4429 D NxpNciX : len =   4 > 21060103
04-17 20:09:50.264  1023  4429 D NxpTml  : PN54X - I2C Write successful.....
04-17 20:09:50.264  1023  4429 D NxpTml  : PN54X - Posting Fresh Write message.....
04-17 20:09:50.264  1023  4429 D NxpTml  : PN54X - Tml Writer Thread Running................
04-17 20:09:50.264  1023  4431 D NxpHal  : write successful status = 0x0
04-17 20:09:50.268  1023  4427 D NxpTml  : PN54X - I2C Read successful.....
04-17 20:09:50.268  1023  4427 D NxpNciR : len =   4 > 41060100
04-17 20:09:50.268  1023  4427 D NxpTml  : PN54X - Posting read message.....
04-17 20:09:50.269  1023  4431 D NxpHal  : read successful status = 0x0
04-17 20:09:50.269  1023  4427 D NxpTml  : PN54X - Read requested.....
04-17 20:09:50.269  1023  4427 D NxpTml  : PN54X - Invoking I2C Read.....
04-17 20:09:50.292  1023  4427 D NxpTml  : PN54X - I2C Read successful.....
04-17 20:09:50.292  1023  4427 D NxpNciR : len =   5 > 6106020300
04-17 20:09:50.292  1023  4427 D NxpTml  : PN54X - Posting read message.....
04-17 20:09:50.292  1023  4431 D NxpHal  : read successful status = 0x0
04-17 20:09:50.293  1023  4431 D NfccPowerTracker: NfccPowerTracker::ProcessNtf: Enter
04-17 20:09:50.293  1023  4431 D NfccPowerTracker: mActiveDurationFromLastScreenUpdate: 80903
04-17 20:09:50.293  3150  4551 E libnfc_nci: [ERROR:NativeNfcManager.cpp(400)] nfaConnectionCallback: NFA_SELECT_RESULT_EVT error: status = 3
04-17 20:09:50.294  1023  4427 D NxpTml  : PN54X - Read requested.....
04-17 20:09:50.294  1023  4427 D NxpTml  : PN54X - Invoking I2C Read.....
04-17 20:09:50.294  3150  4551 E libnfc_nci: [ERROR:nfa_dm_act.cc(844)] invalid protocol, mode or state
04-17 20:09:50.516  1023  4427 D NxpTml  : PN54X - I2C Read successful.....
04-17 20:09:50.516  1023  4427 D NxpNciR : len =  18 > 61030F0104000A040004B0E8A94D01200002
04-17 20:09:50.516  1023  4427 D NxpTml  : PN54X - Posting read message.....
04-17 20:09:50.516  1023  4431 D NxpHal  : read successful status = 0x0
04-17 20:09:50.517  1023  4431 D NfccPowerTracker: NfccPowerTracker::ProcessNtf: Enter
04-17 20:09:50.518  1023  4427 D NxpTml  : PN54X - Read requested.....
04-17 20:09:50.518  1023  4427 D NxpTml  : PN54X - Invoking I2C Read.....
04-17 20:09:50.521  1023  4427 D NxpTml  : PN54X - I2C Read successful.....
04-17 20:09:50.521  1023  4427 D NxpNciR : len =  18 > 61030F0280000A040004B0E8A94D01080000
04-17 20:09:50.521  1023  4427 D NxpTml  : PN54X - Posting read message.....
04-17 20:09:50.522  1023  4431 D NxpHal  : read successful status = 0x0
04-17 20:09:50.522  1023  4431 D NfccPowerTracker: NfccPowerTracker::ProcessNtf: Enter
04-17 20:09:50.523  1023  4427 D NxpTml  : PN54X - Read requested.....
04-17 20:09:50.523  1023  4427 D NxpTml  : PN54X - Invoking I2C Read.....
04-17 20:09:50.523  1023  1023 D NfccPowerTracker: NfccPowerTracker::ProcessCmd: Enter, Received len :6
04-17 20:09:50.523  1023  4429 D NxpTml  : PN54X - Write requested.....
04-17 20:09:50.523  1023  4429 D NxpTml  : PN54X - Invoking I2C Write.....
04-17 20:09:50.524  1023  4429 D NxpNciX : len =   6 > 210403010402
04-17 20:09:50.524  1023  4429 D NxpTml  : PN54X - I2C Write successful.....
04-17 20:09:50.524  1023  4429 D NxpTml  : PN54X - Posting Fresh Write message.....
04-17 20:09:50.524  1023  4429 D NxpTml  : PN54X - Tml Writer Thread Running................
04-17 20:09:50.524  1023  4431 D NxpHal  : write successful status = 0x0
04-17 20:09:50.527  1023  4427 D NxpTml  : PN54X - I2C Read successful.....
04-17 20:09:50.527  1023  4427 D NxpNciR : len =   4 > 41040100
04-17 20:09:50.527  1023  4427 D NxpTml  : PN54X - Posting read message.....
04-17 20:09:50.528  1023  4431 D NxpHal  : read successful status = 0x0
04-17 20:09:50.529  1023  4427 D NxpTml  : PN54X - Read requested.....
04-17 20:09:50.529  1023  4427 D NxpTml  : PN54X - Invoking I2C Read.....
04-17 20:09:50.534  1023  4427 D NxpTml  : PN54X - I2C Read successful.....
04-17 20:09:50.534  1023  4427 D NxpNciR : len =   4 > 600701A1
04-17 20:09:50.534  1023  4427 D NxpTml  : PN54X - Posting read message.....
04-17 20:09:50.534  1023  4431 D NxpHal  : read successful status = 0x0
04-17 20:09:50.534  1023  4431 D NfccPowerTracker: NfccPowerTracker::ProcessNtf: Enter
04-17 20:09:50.534  3150  4551 E libnfc_nci: [ERROR:NativeNfcManager.cpp(400)] nfaConnectionCallback: NFA_SELECT_RESULT_EVT error: status = 3
04-17 20:09:50.535  1023  4427 D NxpTml  : PN54X - Read requested.....
04-17 20:09:50.535  1023  4427 D NxpTml  : PN54X - Invoking I2C Read.....
04-17 20:09:50.535  1023  1023 D NfccPowerTracker: NfccPowerTracker::ProcessCmd: Enter, Received len :4
04-17 20:09:50.535  1023  4429 D NxpTml  : PN54X - Write requested.....
04-17 20:09:50.535  1023  4429 D NxpTml  : PN54X - Invoking I2C Write.....
04-17 20:09:50.536  1023  4429 D NxpNciX : len =   4 > 21060100
04-17 20:09:50.536  1023  4429 D NxpTml  : PN54X - I2C Write successful.....
04-17 20:09:50.536  1023  4429 D NxpTml  : PN54X - Posting Fresh Write message.....
04-17 20:09:50.536  1023  4429 D NxpTml  : PN54X - Tml Writer Thread Running................
04-17 20:09:50.536  1023  4431 D NxpHal  : write successful status = 0x0
04-17 20:09:50.539  1023  4427 D NxpTml  : PN54X - I2C Read successful.....
04-17 20:09:50.539  1023  4427 D NxpNciR : len =   4 > 41060100
04-17 20:09:50.539  1023  4427 D NxpTml  : PN54X - Posting read message.....
04-17 20:09:50.539  1023  4431 D NxpHal  : read successful status = 0x0
04-17 20:09:50.540  1023  1023 D NxpHal  : > Polling Loop Started
04-17 20:09:50.541  1023  1023 D NfccPowerTracker: NfccPowerTracker::ProcessCmd: Enter, Received len :6
04-17 20:09:50.541  1023  4429 D NxpTml  : PN54X - Write requested.....
04-17 20:09:50.541  1023  4429 D NxpTml  : PN54X - Invoking I2C Write.....
04-17 20:09:50.541  1023  4427 D NxpTml  : PN54X - Read requested.....
04-17 20:09:50.541  1023  4427 D NxpTml  : PN54X - Invoking I2C Read.....
04-17 20:09:50.541  1023  4429 D NxpNciX : len =   6 > 210303010001
04-17 20:09:50.541  1023  4429 D NxpTml  : PN54X - I2C Write successful.....
04-17 20:09:50.541  1023  4429 D NxpTml  : PN54X - Posting Fresh Write message.....
04-17 20:09:50.541  1023  4429 D NxpTml  : PN54X - Tml Writer Thread Running................
04-17 20:09:50.541  1023  4431 D NxpHal  : write successful status = 0x0
04-17 20:09:50.542  3150  4551 E libnfc_nci: [ERROR:NativeNfcManager.cpp(400)] nfaConnectionCallback: NFA_SELECT_RESULT_EVT error: status = 3
04-17 20:09:50.542  3150  4551 E libnfc_nci: [ERROR:nfa_dm_act.cc(844)] invalid protocol, mode or state
04-17 20:09:50.546  1023  4427 D NxpTml  : PN54X - I2C Read successful.....
04-17 20:09:50.546  1023  4427 D NxpNciR : len =   4 > 41030100
04-17 20:09:50.546  1023  4427 D NxpTml  : PN54X - Posting read message.....
04-17 20:09:50.546  1023  4431 D NxpHal  : read successful status = 0x0
04-17 20:09:50.547  1023  4427 D NxpTml  : PN54X - Read requested.....
04-17 20:09:50.547  1023  4427 D NxpTml  : PN54X - Invoking I2C Read.....
04-17 20:09:50.567  1023  4427 D NxpTml  : PN54X - I2C Read successful.....
04-17 20:09:50.567  1023  4427 D NxpNciR : len =  18 > 61030F0104000A040004B0E8A94D01200002
04-17 20:09:50.567  1023  4427 D NxpTml  : PN54X - Posting read message.....
04-17 20:09:50.567  1023  4431 D NxpHal  : read successful status = 0x0
04-17 20:09:50.567  1023  4431 D NfccPowerTracker: NfccPowerTracker::ProcessNtf: Enter
04-17 20:09:50.568  1023  4427 D NxpTml  : PN54X - Read requested.....
04-17 20:09:50.568  1023  4427 D NxpTml  : PN54X - Invoking I2C Read.....
04-17 20:09:50.571  1023  4427 D NxpTml  : PN54X - I2C Read successful.....
04-17 20:09:50.571  1023  4427 D NxpNciR : len =  18 > 61030F0280000A040004B0E8A94D01080000
04-17 20:09:50.571  1023  4427 D NxpTml  : PN54X - Posting read message.....
04-17 20:09:50.571  1023  4431 D NxpHal  : read successful status = 0x0
04-17 20:09:50.571  1023  4431 D NfccPowerTracker: NfccPowerTracker::ProcessNtf: Enter
04-17 20:09:50.572  1023  4427 D NxpTml  : PN54X - Read requested.....
04-17 20:09:50.572  1023  4427 D NxpTml  : PN54X - Invoking I2C Read.....
04-17 20:09:50.572  1023  1023 D NfccPowerTracker: NfccPowerTracker::ProcessCmd: Enter, Received len :6
04-17 20:09:50.572  1023  4429 D NxpTml  : PN54X - Write requested.....
04-17 20:09:50.572  1023  4429 D NxpTml  : PN54X - Invoking I2C Write.....
04-17 20:09:50.572  1023  4429 D NxpNciX : len =   6 > 210403010402
04-17 20:09:50.572  1023  4429 D NxpTml  : PN54X - I2C Write successful.....
04-17 20:09:50.572  1023  4429 D NxpTml  : PN54X - Posting Fresh Write message.....
04-17 20:09:50.572  1023  4429 D NxpTml  : PN54X - Tml Writer Thread Running................
04-17 20:09:50.573  1023  4431 D NxpHal  : write successful status = 0x0
04-17 20:09:50.576  1023  4427 D NxpTml  : PN54X - I2C Read successful.....
04-17 20:09:50.576  1023  4427 D NxpNciR : len =   4 > 41040100
04-17 20:09:50.576  1023  4427 D NxpTml  : PN54X - Posting read message.....
04-17 20:09:50.576  1023  4431 D NxpHal  : read successful status = 0x0
04-17 20:09:50.577  1023  4427 D NxpTml  : PN54X - Read requested.....
04-17 20:09:50.577  1023  4427 D NxpTml  : PN54X - Invoking I2C Read.....
04-17 20:09:50.580  1023  4427 D NxpTml  : PN54X - I2C Read successful.....
04-17 20:09:50.580  1023  4427 D NxpNciR : len =  37 > 61052201020400FF010A040004B0E8A94D0120000000000D0C78777002595A52434F530300
04-17 20:09:50.580  1023  4427 D NxpTml  : PN54X - Posting read message.....
04-17 20:09:50.581  1023  4431 D NxpHal  : read successful status = 0x0
04-17 20:09:50.581  1023  4431 D NxpHal  : NxpNci: RF Interface = ISO-DEP
04-17 20:09:50.581  1023  4431 D NxpHal  : NxpNci: Protocol = ISO-DEP
04-17 20:09:50.581  1023  4431 D NxpHal  : NxpNci: Mode = A Passive Poll
04-17 20:09:50.581  1023  4431 D NfccPowerTracker: NfccPowerTracker::ProcessNtf: Enter
04-17 20:09:50.581  1023  4427 D NxpTml  : PN54X - Read requested.....
04-17 20:09:50.581  1023  4427 D NxpTml  : PN54X - Invoking I2C Read.....
04-17 20:09:50.582  1023  1023 D NfccPowerTracker: NfccPowerTracker::ProcessCmd: Enter, Received len :4
04-17 20:09:50.582  1023  4429 D NxpTml  : PN54X - Write requested.....
04-17 20:09:50.582  1023  4429 D NxpTml  : PN54X - Invoking I2C Write.....
04-17 20:09:50.583  1023  4429 D NxpNciX : len =   4 > 21060101
04-17 20:09:50.583  1023  4429 D NxpTml  : PN54X - I2C Write successful.....
04-17 20:09:50.583  1023  4429 D NxpTml  : PN54X - Posting Fresh Write message.....
04-17 20:09:50.583  1023  4429 D NxpTml  : PN54X - Tml Writer Thread Running................
04-17 20:09:50.583  1023  4431 D NxpHal  : write successful status = 0x0
04-17 20:09:50.586  1023  4427 D NxpTml  : PN54X - I2C Read successful.....
04-17 20:09:50.586  1023  4427 D NxpNciR : len =   4 > 41060100
04-17 20:09:50.586  1023  4427 D NxpTml  : PN54X - Posting read message.....
04-17 20:09:50.586  1023  4431 D NxpHal  : read successful status = 0x0
04-17 20:09:50.587  1023  4427 D NxpTml  : PN54X - Read requested.....
04-17 20:09:50.587  1023  4427 D NxpTml  : PN54X - Invoking I2C Read.....
04-17 20:09:50.590  1023  4427 D NxpTml  : PN54X - I2C Read successful.....
04-17 20:09:50.590  1023  4427 D NxpNciR : len =   5 > 6106020100
04-17 20:09:50.590  1023  4427 D NxpTml  : PN54X - Posting read message.....
04-17 20:09:50.590  1023  4431 D NxpHal  : read successful status = 0x0
04-17 20:09:50.590  1023  4431 D NfccPowerTracker: NfccPowerTracker::ProcessNtf: Enter
04-17 20:09:50.590  1023  4431 D NfccPowerTracker: mActiveDurationFromLastScreenUpdate: 80913
04-17 20:09:50.590  1023  4427 D NxpTml  : PN54X - Read requested.....
04-17 20:09:50.590  1023  4427 D NxpTml  : PN54X - Invoking I2C Read.....
04-17 20:09:50.591  1023  1023 D NfccPowerTracker: NfccPowerTracker::ProcessCmd: Enter, Received len :6
04-17 20:09:50.591  1023  4429 D NxpTml  : PN54X - Write requested.....
04-17 20:09:50.591  1023  4429 D NxpTml  : PN54X - Invoking I2C Write.....
04-17 20:09:50.591  1023  4429 D NxpNciX : len =   6 > 210403028080
04-17 20:09:50.591  1023  4429 D NxpTml  : PN54X - I2C Write successful.....
04-17 20:09:50.591  1023  4429 D NxpTml  : PN54X - Posting Fresh Write message.....
04-17 20:09:50.591  1023  4429 D NxpTml  : PN54X - Tml Writer Thread Running................
04-17 20:09:50.591  1023  4431 D NxpHal  : write successful status = 0x0
04-17 20:09:50.595  1023  4427 D NxpTml  : PN54X - I2C Read successful.....
04-17 20:09:50.595  1023  4427 D NxpNciR : len =   4 > 41040100
04-17 20:09:50.595  1023  4427 D NxpTml  : PN54X - Posting read message.....
04-17 20:09:50.595  1023  4431 D NxpHal  : read successful status = 0x0
04-17 20:09:50.595  1023  4427 D NxpTml  : PN54X - Read requested.....
04-17 20:09:50.595  1023  4427 D NxpTml  : PN54X - Invoking I2C Read.....
04-17 20:09:50.599  1023  4427 D NxpTml  : PN54X - I2C Read successful.....
04-17 20:09:50.599  1023  4427 D NxpNciR : len =  24 > 61051502808000FF010A040004B0E8A94D01080000000000
04-17 20:09:50.599  1023  4427 D NxpTml  : PN54X - Posting read message.....
04-17 20:09:50.599  1023  4431 D NxpHal  : read successful status = 0x0
04-17 20:09:50.599  1023  4431 D NxpHal  : NxpNci: RF Interface = Mifare Enable MifareExtns
04-17 20:09:50.599  1023  4431 D NxpHal  : NxpNci: RF Interface = MIFARE
04-17 20:09:50.599  1023  4431 D NxpHal  : NxpNci: Protocol = MIFARE
04-17 20:09:50.599  1023  4431 D NxpHal  : NxpNci: Mode = A Passive Poll
04-17 20:09:50.599  1023  4431 D NfccPowerTracker: NfccPowerTracker::ProcessNtf: Enter
04-17 20:09:50.599  1023  4427 D NxpTml  : PN54X - Read requested.....
04-17 20:09:50.600  1023  4427 D NxpTml  : PN54X - Invoking I2C Read.....
04-17 20:09:50.600  3150  4551 I com.android.nfc: --- WEIRD: removing null entry 385
04-17 20:09:50.600  3150  4551 W com.android.nfc: JNI WARNING: DeleteGlobalRef(0x302a) failed to find entry
04-17 20:09:50.601  3562  3596 D com.zebra.valueadd.enfc.ENFCSettingsService: readSharedPreference : nfc_cpu_boost : false
04-17 20:09:50.601  3562  3596 D com.zebra.valueadd.enfc.ENFCSettingsService: readENFCPreference : nfc_cpu_boost : false
04-17 20:09:50.602  3150  3150 D EnterpriseNfcAdapter:  readENFCPreference : nfc_cpu_boost=false
04-17 20:09:50.603  3150  9514 D NativeNfcTag: Starting background presence check
04-17 20:09:50.604  1525  4140 D vibrator.VibratorManagerService: Starting vibrate for vibration 29
04-17 20:09:50.606  1079  1079 D vendor.qti.vibrator: Vibrator on for timeoutMs: 200
04-17 20:09:50.607  1079  9515 D vendor.qti.vibrator: Starting on on another thread
04-17 20:09:50.609  1178  2543 D audioserver: FGS Logger Transaction failed
04-17 20:09:50.609  1178  2543 D audioserver: -129
04-17 20:09:50.614  1010  8422 D audio_hw_primary: start_output_stream: enter: stream(0xee3821a0)usecase(1: low-latency-playback) devices(0x2) is_haptic_usecase(0)
04-17 20:09:50.614  8134  8145 D NfcFlasher: Tag discovered. techs=[android.nfc.tech.IsoDep, android.nfc.tech.NfcA, android.nfc.tech.NfcA, android.nfc.tech.MifareClassic] protocol=FORCE_V3
04-17 20:09:50.614  8134  8145 D NfcFlasher: Force V3 — IsoDep handler
04-17 20:09:50.614  1010  8422 D audio_hw_primary: select_devices for use case (low-latency-playback)
04-17 20:09:50.615  1010  8422 I msm8974_platform: platform_check_and_set_codec_backend_cfg:becf: afe: bitwidth 16, samplerate 48000 channels 2, backend_idx 0 usecase = 1 device (speaker)
04-17 20:09:50.615  1010  8422 I msm8974_platform: platform_check_and_set_codec_backend_cfg: new_snd_devices[0] is 2
04-17 20:09:50.615  1010  8422 I msm8974_platform: platform_check_codec_backend_cfg:becf: afe: bitwidth 16, samplerate 48000 channels 2, backend_idx 0 usecase = 1 device (speaker)
04-17 20:09:50.617  1010  8422 D msm8974_platform: platform_check_codec_backend_cfg:becf: updated afe: bitwidth 16, samplerate 48000 channels 2,backend_idx 0 usecase = 1 device (speaker)
04-17 20:09:50.617  1010  8422 I msm8974_platform: platform_check_codec_backend_cfg:becf: afe: Codec selected backend: 0 updated bit width: 16 and sample rate: 48000
04-17 20:09:50.617  1010  8422 D audio_hw_primary: check_usecases_codec_backend:becf: force routing 0
04-17 20:09:50.617  1010  8422 D audio_hw_primary: check_usecases_codec_backend:becf: (93) check_usecases curr device: speaker, usecase device: backends match 0
04-17 20:09:50.617  1010  8422 D audio_hw_primary: check_usecases_codec_backend:becf: check_usecases num.of Usecases to switch 0
04-17 20:09:50.617  1010  8422 W msm8974_platform: platform_get_backend_index:napb: Invalid device - 0 
04-17 20:09:50.618  1010  8422 D hardware_info: hw_info_append_hw_type : device_name = speaker
04-17 20:09:50.618  1010  8422 D audio_hw_primary: enable_snd_device: snd_device(2: speaker)
04-17 20:09:50.618  1010  8422 D msm8974_platform: platform_get_island_cfg_on_device:island cfg status on snd_device = (speaker 0)
04-17 20:09:50.618  1010  8422 I soundtrigger: audio_extn_sound_trigger_update_device_status: device 0x2 of type 0 for Event 1, with Raise=0
04-17 20:09:50.618  1010  8422 D audio_route: Apply path: speaker
04-17 20:09:50.643  1010  8422 D soundtrigger: audio_extn_sound_trigger_update_stream_status: uc_info->id 1 of type 0 for Event 3, with Raise=0
04-17 20:09:50.643  1010  8422 D audio_hw_utils: audio_extn_utils_send_app_type_cfg: usecase->out_snd_device speaker
04-17 20:09:50.643  1010  8422 I audio_hw_utils: send_app_type_cfg_for_device PLAYBACK app_type 69937, acdb_dev_id 14, sample_rate 48000, snd_device_be_idx 189
04-17 20:09:50.644  1010  8422 D ACDB-LOADER: ACDB -> send_audio_cal, acdb_id = 14, path = 0, app id = 69937, sample rate = 48000, use_case = 0,buffer_idx_w_path =0, afe_sample_rate = 48000, cal_mode = 1, offset_index = 0
04-17 20:09:50.644  1010  8422 D ACDB-LOADER: ACDB -> send_asm_topology
04-17 20:09:50.644  1010  8422 D ACDB-LOADER: ACDB -> ACDB_CMD_GET_AUDPROC_STREAM_TOPOLOGY_ID
04-17 20:09:50.644  1010  8422 D ACDB-LOADER: ACDB -> send_adm_topology
04-17 20:09:50.645  1010  8422 D ACDB-LOADER: ACDB -> ACDB_CMD_GET_AUDPROC_COMMON_TOPOLOGY_ID
04-17 20:09:50.645  1010  8422 D ACDB-LOADER: ACDB -> send_audtable
04-17 20:09:50.645  1010  8422 D ACDB-LOADER: ACDB -> ACDB_CMD_GET_AUDPROC_INSTANCE_COMMON_TABLE_SIZE
04-17 20:09:50.645  1010  8422 D ACDB-LOADER: ACDB -> ACDB_CMD_GET_AUDPROC_INSTANCE_COMMON_TABLE
04-17 20:09:50.645  1010  8422 D ACDB-LOADER: ACDB -> AUDIO_SET_AUDPROC_CAL cal_type[11] acdb_id[14] app_type[69937]
04-17 20:09:50.645  1010  8422 D ACDB-LOADER: ACDB -> send_audvoltable
04-17 20:09:50.645  1010  8422 D ACDB-LOADER: ACDB -> ACDB_CMD_GET_AUDPROC_INSTANCE_GAIN_DEP_STEP_TABLE_SIZE
04-17 20:09:50.645  1010  8422 D ACDB-LOADER: ACDB -> ACDB_CMD_GET_AUDPROC_INSTANCE_GAIN_DEP_STEP_TABLE, vol index 0
04-17 20:09:50.645  1184  1184 W Layer   : gatherBufferInfo: Received unknown dataspace from gralloc
04-17 20:09:50.645  1010  8422 D ACDB-LOADER: ACDB -> AUDIO_SET_VOL_CAL cal type = 12
04-17 20:09:50.645  1010  8422 D ACDB-LOADER: ACDB -> ACDB_CMD_GET_AUDPROC_INSTANCE_STREAM_TABLE_SIZE
04-17 20:09:50.645  1184  1184 W Layer   : gatherBufferInfo: Received unknown dataspace from gralloc
04-17 20:09:50.645  1010  8422 D ACDB-LOADER: ACDB -> send_audstrmtable
04-17 20:09:50.645  1010  8422 D ACDB-LOADER: ACDB -> ACDB_CMD_GET_AUDPROC_INSTANCE_STREAM_TABLE
04-17 20:09:50.645  1010  8422 D ACDB-LOADER: ACDB -> audstrm_cal->cal_type.cal_data.cal_size = 20
04-17 20:09:50.645  1010  8422 D ACDB-LOADER: ACDB -> send_afe_topology
04-17 20:09:50.645  1010  8422 D ACDB-LOADER: ACDB -> ACDB_CMD_GET_AFE_TOPOLOGY_ID
04-17 20:09:50.645  1010  8422 D ACDB-LOADER: ACDB -> GET_AFE_TOPOLOGY_ID for adcd_id 14, Topology Id 112fc
04-17 20:09:50.645  1010  8422 D ACDB-LOADER: ACDB -> send_afe_cal
04-17 20:09:50.645  1010  8422 D ACDB-LOADER: ACDB -> ACDB_CMD_GET_AFE_INSTANCE_COMMON_TABLE_SIZE
04-17 20:09:50.645  1010  8422 D android.hardware.audio.service: Failed to fetch the lookup information of the device 0000000E 
04-17 20:09:50.645  1010  8422 D ACDB-LOADER: Error: ACDB_CMD_GET_AFE_INSTANCE_COMMON_TABLE_SIZE Returned = -19
04-17 20:09:50.645  1010  8422 D ACDB-LOADER: ACDB -> ACDB_CMD_GET_AFE_INSTANCE_COMMON_TABLE
04-17 20:09:50.645  1010  8422 D android.hardware.audio.service: Failed to fetch the lookup information of the device 0000000E 
04-17 20:09:50.645  1010  8422 D ACDB-LOADER: Error: ACDB AFE returned = -19
04-17 20:09:50.645  1010  8422 D ACDB-LOADER: ACDB -> AUDIO_SET_AFE_CAL cal_type[16] acdb_id[14]
04-17 20:09:50.645  1010  8422 D ACDB-LOADER: ACDB -> send_hw_delay : acdb_id = 14 path = 0
04-17 20:09:50.645  1010  8422 D ACDB-LOADER: ACDB -> ACDB_AVSYNC_INFO: ACDB_CMD_GET_DEVICE_PROPERTY
04-17 20:09:50.645  1010  8422 D audio_hw_primary: enable_audio_route: apply mixer and update path: low-latency-playback
04-17 20:09:50.645  1010  8422 D audio_route: Apply path: low-latency-playback
04-17 20:09:50.646  1010  8422 D audio_hw_primary: select_devices: done
04-17 20:09:50.646  1010  8422 D msm8974_platform: platform_set_channel_map mixer_ctl_name:Playback Channel Map9
04-17 20:09:50.646  1010  8422 D msm8974_platform: platform_set_channel_map: set mapping(1 2 0 0 0 0 0 0) for channel:2
04-17 20:09:50.647  1038  1322 W SDM     : RCIntfImpl::ValidateMaskLayer: Unsupported mask layer format RGBA_8888_UBWC (12) on layer(0l, 0ft, 1200fr, 36b).
04-17 20:09:50.647  1038  1322 W SDM     : RCIntfImpl::ValidateMaskLayer: Unsupported mask layer format RGBA_8888_UBWC (12) on layer(0l, 0ft, 1200fr, 36b).
04-17 20:09:50.651  1038  1322 W SDM     : DisplayBase::Commit: Failed to set the data on driver for display: 32-0, Error: -1, status: 0
04-17 20:09:50.665  8134  8340 D WaveShareV3Handler: Encoded 48000 raw bytes -> 8076 compressed bytes
04-17 20:09:50.666  3150  3186 D NativeNfcTag: Connect to a tech with a different handle
04-17 20:09:50.666  3150  3186 E libnfc_nci: [ERROR:NativeNfcTag.cpp(576)] nativeNfcTag_doConnect:  doConnect sCurrentConnectedTargetProtocol 4 sCurrentConnectedTargetType 3
04-17 20:09:50.666  1023  1023 D NfccPowerTracker: NfccPowerTracker::ProcessCmd: Enter, Received len :4
04-17 20:09:50.666  1023  4429 D NxpTml  : PN54X - Write requested.....
04-17 20:09:50.666  1023  4429 D NxpTml  : PN54X - Invoking I2C Write.....
04-17 20:09:50.667  1023  4429 D NxpNciX : len =   4 > 21060101
04-17 20:09:50.667  1023  4429 D NxpTml  : PN54X - I2C Write successful.....
04-17 20:09:50.667  1023  4429 D NxpTml  : PN54X - Posting Fresh Write message.....
04-17 20:09:50.667  1023  4429 D NxpTml  : PN54X - Tml Writer Thread Running................
04-17 20:09:50.667  1023  4431 D NxpHal  : write successful status = 0x0
04-17 20:09:50.670  1023  4427 D NxpTml  : PN54X - I2C Read successful.....
04-17 20:09:50.670  1023  4427 D NxpNciR : len =   4 > 41060100
04-17 20:09:50.670  1023  4427 D NxpTml  : PN54X - Posting read message.....
04-17 20:09:50.670  1023  4431 D NxpHal  : read successful status = 0x0
04-17 20:09:50.671  1023  4427 D NxpTml  : PN54X - Read requested.....
04-17 20:09:50.671  1023  4427 D NxpTml  : PN54X - Invoking I2C Read.....
04-17 20:09:50.673  1023  4427 D NxpTml  : PN54X - I2C Read successful.....
04-17 20:09:50.673  1023  4427 D NxpNciR : len =   5 > 6106020100
04-17 20:09:50.674  1023  4427 D NxpTml  : PN54X - Posting read message.....
04-17 20:09:50.674  1023  4431 D NxpHal  : read successful status = 0x0
04-17 20:09:50.674  1023  4431 D NfccPowerTracker: NfccPowerTracker::ProcessNtf: Enter
04-17 20:09:50.674  1023  4431 D NfccPowerTracker: mActiveDurationFromLastScreenUpdate: 80987
04-17 20:09:50.674  1023  1023 D NfccPowerTracker: NfccPowerTracker::ProcessCmd: Enter, Received len :6
04-17 20:09:50.674  1023  4429 D NxpTml  : PN54X - Write requested.....
04-17 20:09:50.674  1023  4429 D NxpTml  : PN54X - Invoking I2C Write.....
04-17 20:09:50.674  8134  8141 W om.adient.nfcv4: Cleared Reference was only reachable from finalizer (only reported once)
04-17 20:09:50.674  1023  4427 D NxpTml  : PN54X - Read requested.....
04-17 20:09:50.674  1023  4427 D NxpTml  : PN54X - Invoking I2C Read.....
04-17 20:09:50.674  1023  4429 D NxpNciX : len =   6 > 210403010402
04-17 20:09:50.674  1023  4429 D NxpTml  : PN54X - I2C Write successful.....
04-17 20:09:50.674  1023  4429 D NxpTml  : PN54X - Posting Fresh Write message.....
04-17 20:09:50.674  1023  4429 D NxpTml  : PN54X - Tml Writer Thread Running................
04-17 20:09:50.674  1023  4431 D NxpHal  : write successful status = 0x0
04-17 20:09:50.678  1023  4427 D NxpTml  : PN54X - I2C Read successful.....
04-17 20:09:50.678  1023  4427 D NxpNciR : len =   4 > 41040100
04-17 20:09:50.678  1023  4427 D NxpTml  : PN54X - Posting read message.....
04-17 20:09:50.678  1023  4431 D NxpHal  : read successful status = 0x0
04-17 20:09:50.679  1023  4427 D NxpTml  : PN54X - Read requested.....
04-17 20:09:50.679  1023  4427 D NxpTml  : PN54X - Invoking I2C Read.....
04-17 20:09:50.684  1023  4427 D NxpTml  : PN54X - I2C Read successful.....
04-17 20:09:50.684  1023  4427 D NxpNciR : len =  37 > 61052201020400FF010A040004B0E8A94D0120000000000D0C78777002595A52434F530300
04-17 20:09:50.684  1023  4427 D NxpTml  : PN54X - Posting read message.....
04-17 20:09:50.684  1023  4431 D NxpHal  : read successful status = 0x0
04-17 20:09:50.684  1023  4431 D NxpHal  : NxpNci: RF Interface = ISO-DEP
04-17 20:09:50.684  1023  4431 D NxpHal  : NxpNci: Protocol = ISO-DEP
04-17 20:09:50.684  1023  4431 D NxpHal  : NxpNci: Mode = A Passive Poll
04-17 20:09:50.684  1023  4431 D NfccPowerTracker: NfccPowerTracker::ProcessNtf: Enter
04-17 20:09:50.685  8134  8340 D WaveShareV3Handler: IsoDep connected (attempt 1). timeout=5000ms maxTransceiveLength=65279
04-17 20:09:50.686  1023  4427 D NxpTml  : PN54X - Read requested.....
04-17 20:09:50.686  1023  4427 D NxpTml  : PN54X - Invoking I2C Read.....
04-17 20:09:50.686  1010  8422 D audio_hw_primary: start_output_stream: exit
04-17 20:09:50.686  1010  8422 D audio_hw_primary: start_output_stream: disable lpm and boost
04-17 20:09:50.686  1023  1023 D NfccPowerTracker: NfccPowerTracker::ProcessCmd: Enter, Received len :16
04-17 20:09:50.687  1023  4429 D NxpTml  : PN54X - Write requested.....
04-17 20:09:50.687  1023  4429 D NxpTml  : PN54X - Invoking I2C Write.....
04-17 20:09:50.687  1023  4429 D NxpNciX : len =  16 > 00000D74B10000080011223344556677
04-17 20:09:50.687  1023  4429 D NxpTml  : PN54X - I2C Write successful.....
04-17 20:09:50.687  1023  4429 D NxpTml  : PN54X - Posting Fresh Write message.....
04-17 20:09:50.687  1023  4429 D NxpTml  : PN54X - Tml Writer Thread Running................
04-17 20:09:50.687  1023  4431 D NxpHal  : write successful status = 0x0
04-17 20:09:50.691  1023  4427 D NxpTml  : PN54X - I2C Read successful.....
04-17 20:09:50.691  1023  4427 D NxpNciR : len =   6 > 600603010001
04-17 20:09:50.691  1023  4427 D NxpTml  : PN54X - Posting read message.....
04-17 20:09:50.691  1023  4431 D NxpHal  : read successful status = 0x0
04-17 20:09:50.691  1023  4431 D NfccPowerTracker: NfccPowerTracker::ProcessNtf: Enter
04-17 20:09:50.692  1023  4427 D NxpTml  : PN54X - Read requested.....
04-17 20:09:50.692  1023  4427 D NxpTml  : PN54X - Invoking I2C Read.....
04-17 20:09:50.698  1023  4427 D NxpTml  : PN54X - I2C Read successful.....
04-17 20:09:50.698  1023  4427 D NxpNciR : len =   5 > 0000029000
04-17 20:09:50.698  1023  4427 D NxpTml  : PN54X - Posting read message.....
04-17 20:09:50.698  1023  4431 D NxpHal  : read successful status = 0x0
04-17 20:09:50.699  1023  4427 D NxpTml  : PN54X - Read requested.....
04-17 20:09:50.699  1023  4427 D NxpTml  : PN54X - Invoking I2C Read.....
04-17 20:09:50.699  8134  8340 D WaveShareV3Handler: 0xB1 reset response: 90 00
04-17 20:09:50.700  1023  1023 D NfccPowerTracker: NfccPowerTracker::ProcessCmd: Enter, Received len :8
04-17 20:09:50.700  1023  4429 D NxpTml  : PN54X - Write requested.....
04-17 20:09:50.700  1023  4429 D NxpTml  : PN54X - Invoking I2C Write.....
04-17 20:09:50.701  1023  4429 D NxpNciX : len =   8 > 0000057497010800
04-17 20:09:50.701  1023  4429 D NxpTml  : PN54X - I2C Write successful.....
04-17 20:09:50.701  1023  4429 D NxpTml  : PN54X - Posting Fresh Write message.....
04-17 20:09:50.701  1023  4429 D NxpTml  : PN54X - Tml Writer Thread Running................
04-17 20:09:50.701  1023  4431 D NxpHal  : write successful status = 0x0
04-17 20:09:50.706  1023  4427 D NxpTml  : PN54X - I2C Read successful.....
04-17 20:09:50.706  1023  4427 D NxpNciR : len =   6 > 600603010001
04-17 20:09:50.706  1023  4427 D NxpTml  : PN54X - Posting read message.....
04-17 20:09:50.706  1023  4431 D NxpHal  : read successful status = 0x0
04-17 20:09:50.706  1023  4431 D NfccPowerTracker: NfccPowerTracker::ProcessNtf: Enter
04-17 20:09:50.706  1023  4427 D NxpTml  : PN54X - Read requested.....
04-17 20:09:50.706  1023  4427 D NxpTml  : PN54X - Invoking I2C Read.....
04-17 20:09:50.712  1023  4427 D NxpTml  : PN54X - I2C Read successful.....
04-17 20:09:50.712  1023  4427 D NxpNciR : len =   5 > 0000029000
04-17 20:09:50.712  1023  4427 D NxpTml  : PN54X - Posting read message.....
04-17 20:09:50.712  1023  4431 D NxpHal  : read successful status = 0x0
04-17 20:09:50.712  1023  4427 D NxpTml  : PN54X - Read requested.....
04-17 20:09:50.712  1023  4427 D NxpTml  : PN54X - Invoking I2C Read.....
04-17 20:09:50.733  1092  1092 I vendor.zebra.hardware.health@1.0-service: getZebraHealthInfo
04-17 20:09:50.735  1525  4665 E BatteryService: The battery temperature is 25 and battery present is true ,not going for shutdown
04-17 20:09:50.746  1184  1184 W Layer   : gatherBufferInfo: Received unknown dataspace from gralloc
04-17 20:09:50.746  1184  1184 W Layer   : gatherBufferInfo: Received unknown dataspace from gralloc
04-17 20:09:50.749  1038  1322 W SDM     : RCIntfImpl::ValidateMaskLayer: Unsupported mask layer format RGBA_8888_UBWC (12) on layer(0l, 0ft, 1200fr, 36b).
04-17 20:09:50.749  1038  1322 W SDM     : RCIntfImpl::ValidateMaskLayer: Unsupported mask layer format RGBA_8888_UBWC (12) on layer(0l, 0ft, 1200fr, 36b).
04-17 20:09:50.757  1038  1322 W SDM     : DisplayBase::Commit: Failed to set the data on driver for display: 32-0, Error: -1, status: 0
04-17 20:09:50.763  1023  1023 D NfccPowerTracker: NfccPowerTracker::ProcessCmd: Enter, Received len :8
04-17 20:09:50.763  1023  4429 D NxpTml  : PN54X - Write requested.....
04-17 20:09:50.763  1023  4429 D NxpTml  : PN54X - Invoking I2C Write.....
04-17 20:09:50.764  1023  4429 D NxpNciX : len =   8 > 0000057497000800
04-17 20:09:50.764  1023  4429 D NxpTml  : PN54X - I2C Write successful.....
04-17 20:09:50.764  1023  4429 D NxpTml  : PN54X - Posting Fresh Write message.....
04-17 20:09:50.764  1023  4429 D NxpTml  : PN54X - Tml Writer Thread Running................
04-17 20:09:50.764  1023  4431 D NxpHal  : write successful status = 0x0
04-17 20:09:50.768  1023  4427 D NxpTml  : PN54X - I2C Read successful.....
04-17 20:09:50.768  1023  4427 D NxpNciR : len =   6 > 600603010001
04-17 20:09:50.768  1023  4427 D NxpTml  : PN54X - Posting read message.....
04-17 20:09:50.768  1023  4431 D NxpHal  : read successful status = 0x0
04-17 20:09:50.769  1023  4431 D NfccPowerTracker: NfccPowerTracker::ProcessNtf: Enter
04-17 20:09:50.769  1023  4427 D NxpTml  : PN54X - Read requested.....
04-17 20:09:50.769  1023  4427 D NxpTml  : PN54X - Invoking I2C Read.....
04-17 20:09:50.773  1023  4427 D NxpTml  : PN54X - I2C Read successful.....
04-17 20:09:50.773  1184  1184 W Layer   : gatherBufferInfo: Received unknown dataspace from gralloc
04-17 20:09:50.774  1023  4427 D NxpNciR : len =   5 > 0000029000
04-17 20:09:50.774  1023  4427 D NxpTml  : PN54X - Posting read message.....
04-17 20:09:50.774  1184  1184 W Layer   : gatherBufferInfo: Received unknown dataspace from gralloc
04-17 20:09:50.774  1023  4431 D NxpHal  : read successful status = 0x0
04-17 20:09:50.775  1023  4427 D NxpTml  : PN54X - Read requested.....
04-17 20:09:50.775  1023  4427 D NxpTml  : PN54X - Invoking I2C Read.....
04-17 20:09:50.775  1038  1322 W SDM     : RCIntfImpl::ValidateMaskLayer: Unsupported mask layer format RGBA_8888_UBWC (12) on layer(0l, 0ft, 1200fr, 36b).
04-17 20:09:50.775  1038  1322 W SDM     : RCIntfImpl::ValidateMaskLayer: Unsupported mask layer format RGBA_8888_UBWC (12) on layer(0l, 0ft, 1200fr, 36b).
04-17 20:09:50.776  1038  1322 W SDM     : DisplayBase::Commit: Failed to set the data on driver for display: 32-0, Error: -1, status: 0
04-17 20:09:50.776  8134  8134 W Choreographer: Frame time is 0.103568 ms in the future!  Check that graphics HAL is generating vsync timestamps using the correct timebase.
04-17 20:09:50.795  1184  1184 W Layer   : gatherBufferInfo: Received unknown dataspace from gralloc
04-17 20:09:50.795  1184  1184 W Layer   : gatherBufferInfo: Received unknown dataspace from gralloc
04-17 20:09:50.796  1038  1322 W SDM     : DisplayBase::Commit: Failed to set the data on driver for display: 32-0, Error: -1, status: 0
04-17 20:09:50.801  2136  2649 W libc    : Access denied finding property "vendor.torch.protection"
04-17 20:09:50.806  1525  1998 D vibrator.VibratorManagerService: Vibration 29 finished with EndInfo{status=FINISHED, endedBy=null}
04-17 20:09:50.806  1525  1998 D vibrator.VibratorManagerService: Reporting vibration 29 finished with EndInfo{status=FINISHED, endedBy=null}
04-17 20:09:50.806  1525  1998 D vibrator.VibratorManagerService: Vibration for uid=1027 and with attrs=VibrationAttributes: Usage=HARDWARE_FEEDBACK Audio Usage= USAGE_UNKNOWN Flags=0 ended with status FINISHED
04-17 20:09:50.808  1079  9515 D vendor.qti.vibrator: Notifying on complete
04-17 20:09:50.808  1525  2226 D vibrator.VibratorManagerService: Vibration 29 on vibrator 0 complete, notifying thread
04-17 20:09:50.809  1079  1079 D vendor.qti.vibrator: QTI Vibrator off
04-17 20:09:50.810  1525  1998 D vibrator.VibratorManagerService: VibrationThread released after finished vibration
04-17 20:09:50.810  1525  1998 D vibrator.VibratorManagerService: Processing VibrationThread released callback
04-17 20:09:50.812  1184  1184 W Layer   : gatherBufferInfo: Received unknown dataspace from gralloc
04-17 20:09:50.812  1184  1184 W Layer   : gatherBufferInfo: Received unknown dataspace from gralloc
04-17 20:09:50.813  1038  1322 W SDM     : DisplayBase::Commit: Failed to set the data on driver for display: 32-0, Error: -1, status: 0
04-17 20:09:50.826  1023  1023 D NfccPowerTracker: NfccPowerTracker::ProcessCmd: Enter, Received len :8
04-17 20:09:50.827  1023  4429 D NxpTml  : PN54X - Write requested.....
04-17 20:09:50.827  1023  4429 D NxpTml  : PN54X - Invoking I2C Write.....
04-17 20:09:50.827  1023  4429 D NxpNciX : len =   8 > 0000057497010800
04-17 20:09:50.827  1023  4429 D NxpTml  : PN54X - I2C Write successful.....
04-17 20:09:50.827  1023  4429 D NxpTml  : PN54X - Posting Fresh Write message.....
04-17 20:09:50.827  1023  4429 D NxpTml  : PN54X - Tml Writer Thread Running................
04-17 20:09:50.827  1023  4431 D NxpHal  : write successful status = 0x0
04-17 20:09:50.829  1184  1184 W Layer   : gatherBufferInfo: Received unknown dataspace from gralloc
04-17 20:09:50.829  1184  1184 W Layer   : gatherBufferInfo: Received unknown dataspace from gralloc
04-17 20:09:50.830  1023  4427 D NxpTml  : PN54X - I2C Read successful.....
04-17 20:09:50.830  1023  4427 D NxpNciR : len =   6 > 600603010001
04-17 20:09:50.830  1023  4427 D NxpTml  : PN54X - Posting read message.....
04-17 20:09:50.830  1023  4431 D NxpHal  : read successful status = 0x0
04-17 20:09:50.830  1023  4431 D NfccPowerTracker: NfccPowerTracker::ProcessNtf: Enter
04-17 20:09:50.831  1023  4427 D NxpTml  : PN54X - Read requested.....
04-17 20:09:50.831  1023  4427 D NxpTml  : PN54X - Invoking I2C Read.....
04-17 20:09:50.832  1038  1322 W SDM     : DisplayBase::Commit: Failed to set the data on driver for display: 32-0, Error: -1, status: 0
04-17 20:09:50.833  1023  4427 D NxpTml  : PN54X - I2C Read successful.....
04-17 20:09:50.833  1023  4427 D NxpNciR : len =   5 > 0000029000
04-17 20:09:50.833  1023  4427 D NxpTml  : PN54X - Posting read message.....
04-17 20:09:50.833  1023  4431 D NxpHal  : read successful status = 0x0
04-17 20:09:50.833  1023  4427 D NxpTml  : PN54X - Read requested.....
04-17 20:09:50.833  1023  4427 D NxpTml  : PN54X - Invoking I2C Read.....
04-17 20:09:50.845  1023  1023 D NfccPowerTracker: NfccPowerTracker::ProcessCmd: Enter, Received len :9
04-17 20:09:50.845  1023  4429 D NxpTml  : PN54X - Write requested.....
04-17 20:09:50.845  1023  4429 D NxpTml  : PN54X - Invoking I2C Write.....
