04-17 20:09:50.846  1023  4429 D NxpNciX : len =   9 > 0000067499000D0100
04-17 20:09:50.846  1023  4429 D NxpTml  : PN54X - I2C Write successful.....
04-17 20:09:50.846  1023  4429 D NxpTml  : PN54X - Posting Fresh Write message.....
04-17 20:09:50.846  1023  4429 D NxpTml  : PN54X - Tml Writer Thread Running................
04-17 20:09:50.846  1023  4431 D NxpHal  : write successful status = 0x0
04-17 20:09:50.849  1023  4427 D NxpTml  : PN54X - I2C Read successful.....
04-17 20:09:50.849  1023  4427 D NxpNciR : len =   6 > 600603010001
04-17 20:09:50.849  1023  4427 D NxpTml  : PN54X - Posting read message.....
04-17 20:09:50.849  1023  4431 D NxpHal  : read successful status = 0x0
04-17 20:09:50.849  1023  4431 D NfccPowerTracker: NfccPowerTracker::ProcessNtf: Enter
04-17 20:09:50.850  1023  4427 D NxpTml  : PN54X - Read requested.....
04-17 20:09:50.850  1023  4427 D NxpTml  : PN54X - Invoking I2C Read.....
04-17 20:09:50.852  1023  4427 D NxpTml  : PN54X - I2C Read successful.....
04-17 20:09:50.852  1023  4427 D NxpNciR : len =   5 > 0000029000
04-17 20:09:50.852  1023  4427 D NxpTml  : PN54X - Posting read message.....
04-17 20:09:50.852  1023  4431 D NxpHal  : read successful status = 0x0
04-17 20:09:50.853  1023  4427 D NxpTml  : PN54X - Read requested.....
04-17 20:09:50.853  1023  4427 D NxpTml  : PN54X - Invoking I2C Read.....
04-17 20:09:50.859  1023  1023 D NfccPowerTracker: NfccPowerTracker::ProcessCmd: Enter, Received len :9
04-17 20:09:50.859  1023  4429 D NxpTml  : PN54X - Write requested.....
04-17 20:09:50.859  1023  4429 D NxpTml  : PN54X - Invoking I2C Write.....
04-17 20:09:50.859  1023  4429 D NxpNciX : len =   9 > 000006749A000E011F
04-17 20:09:50.859  1023  4429 D NxpTml  : PN54X - I2C Write successful.....
04-17 20:09:50.859  1023  4429 D NxpTml  : PN54X - Posting Fresh Write message.....
04-17 20:09:50.859  1023  4429 D NxpTml  : PN54X - Tml Writer Thread Running................
04-17 20:09:50.859  1023  4431 D NxpHal  : write successful status = 0x0
04-17 20:09:50.863  1023  4427 D NxpTml  : PN54X - I2C Read successful.....
04-17 20:09:50.863  1023  4427 D NxpNciR : len =   6 > 600603010001
04-17 20:09:50.863  1023  4427 D NxpTml  : PN54X - Posting read message.....
04-17 20:09:50.863  1023  4431 D NxpHal  : read successful status = 0x0
04-17 20:09:50.863  1023  4431 D NfccPowerTracker: NfccPowerTracker::ProcessNtf: Enter
04-17 20:09:50.863  1023  4427 D NxpTml  : PN54X - Read requested.....
04-17 20:09:50.863  1023  4427 D NxpTml  : PN54X - Invoking I2C Read.....
04-17 20:09:50.866  1023  4427 D NxpTml  : PN54X - I2C Read successful.....
04-17 20:09:50.866  1023  4427 D NxpNciR : len =   5 > 0000029000
04-17 20:09:50.866  1023  4427 D NxpTml  : PN54X - Posting read message.....
04-17 20:09:50.866  1023  4431 D NxpHal  : read successful status = 0x0
04-17 20:09:50.866  1023  4427 D NxpTml  : PN54X - Read requested.....
04-17 20:09:50.866  1023  4427 D NxpTml  : PN54X - Invoking I2C Read.....
04-17 20:09:50.868  1023  1023 D NfccPowerTracker: NfccPowerTracker::ProcessCmd: Enter, Received len :9
04-17 20:09:50.868  1023  4429 D NxpTml  : PN54X - Write requested.....
04-17 20:09:50.868  1023  4429 D NxpTml  : PN54X - Invoking I2C Write.....
04-17 20:09:50.868  1023  4429 D NxpNciX : len =   9 > 0000067499000D0150
04-17 20:09:50.868  1023  4429 D NxpTml  : PN54X - I2C Write successful.....
04-17 20:09:50.868  1023  4429 D NxpTml  : PN54X - Posting Fresh Write message.....
04-17 20:09:50.868  1023  4429 D NxpTml  : PN54X - Tml Writer Thread Running................
04-17 20:09:50.868  1023  4431 D NxpHal  : write successful status = 0x0
04-17 20:09:50.871  1023  4427 D NxpTml  : PN54X - I2C Read successful.....
04-17 20:09:50.871  1023  4427 D NxpNciR : len =   6 > 600603010001
04-17 20:09:50.871  1023  4427 D NxpTml  : PN54X - Posting read message.....
04-17 20:09:50.871  1023  4431 D NxpHal  : read successful status = 0x0
04-17 20:09:50.871  1023  4431 D NfccPowerTracker: NfccPowerTracker::ProcessNtf: Enter
04-17 20:09:50.872  1023  4427 D NxpTml  : PN54X - Read requested.....
04-17 20:09:50.872  1023  4427 D NxpTml  : PN54X - Invoking I2C Read.....
04-17 20:09:50.875  1023  4427 D NxpTml  : PN54X - I2C Read successful.....
04-17 20:09:50.875  1023  4427 D NxpNciR : len =   5 > 0000029000
04-17 20:09:50.875  1023  4427 D NxpTml  : PN54X - Posting read message.....
04-17 20:09:50.875  1023  4431 D NxpHal  : read successful status = 0x0
04-17 20:09:50.876  1023  4427 D NxpTml  : PN54X - Read requested.....
04-17 20:09:50.876  1023  4427 D NxpTml  : PN54X - Invoking I2C Read.....
04-17 20:09:50.881  1023  1023 D NfccPowerTracker: NfccPowerTracker::ProcessCmd: Enter, Received len :10
04-17 20:09:50.881  1023  4429 D NxpTml  : PN54X - Write requested.....
04-17 20:09:50.881  1023  4429 D NxpTml  : PN54X - Invoking I2C Write.....
04-17 20:09:50.882  1023  4429 D NxpNciX : len =  10 > 000007749A000E021007
04-17 20:09:50.882  1023  4429 D NxpTml  : PN54X - I2C Write successful.....
04-17 20:09:50.882  1023  4429 D NxpTml  : PN54X - Posting Fresh Write message.....
04-17 20:09:50.882  1023  4429 D NxpTml  : PN54X - Tml Writer Thread Running................
04-17 20:09:50.882  1023  4431 D NxpHal  : write successful status = 0x0
04-17 20:09:50.885  1023  4427 D NxpTml  : PN54X - I2C Read successful.....
04-17 20:09:50.885  1023  4427 D NxpNciR : len =   6 > 600603010001
04-17 20:09:50.885  1023  4427 D NxpTml  : PN54X - Posting read message.....
04-17 20:09:50.885  1023  4431 D NxpHal  : read successful status = 0x0
04-17 20:09:50.885  1023  4431 D NfccPowerTracker: NfccPowerTracker::ProcessNtf: Enter
04-17 20:09:50.886  1023  4427 D NxpTml  : PN54X - Read requested.....
04-17 20:09:50.886  1023  4427 D NxpTml  : PN54X - Invoking I2C Read.....
04-17 20:09:50.889  1023  4427 D NxpTml  : PN54X - I2C Read successful.....
04-17 20:09:50.889  1023  4427 D NxpNciR : len =   5 > 0000029000
04-17 20:09:50.889  1023  4427 D NxpTml  : PN54X - Posting read message.....
04-17 20:09:50.889  1023  4431 D NxpHal  : read successful status = 0x0
04-17 20:09:50.890  1023  4427 D NxpTml  : PN54X - Read requested.....
04-17 20:09:50.890  1023  4427 D NxpTml  : PN54X - Invoking I2C Read.....
04-17 20:09:50.890  1023  1023 D NfccPowerTracker: NfccPowerTracker::ProcessCmd: Enter, Received len :9
04-17 20:09:50.890  1023  4429 D NxpTml  : PN54X - Write requested.....
04-17 20:09:50.890  1023  4429 D NxpTml  : PN54X - Invoking I2C Write.....
04-17 20:09:50.891  1023  4429 D NxpNciX : len =   9 > 0000067499000D0104
04-17 20:09:50.891  1023  4429 D NxpTml  : PN54X - I2C Write successful.....
04-17 20:09:50.891  1023  4429 D NxpTml  : PN54X - Posting Fresh Write message.....
04-17 20:09:50.891  1023  4429 D NxpTml  : PN54X - Tml Writer Thread Running................
04-17 20:09:50.891  1023  4431 D NxpHal  : write successful status = 0x0
04-17 20:09:50.894  1023  4427 D NxpTml  : PN54X - I2C Read successful.....
04-17 20:09:50.894  1023  4427 D NxpNciR : len =   6 > 600603010001
04-17 20:09:50.894  1023  4427 D NxpTml  : PN54X - Posting read message.....
04-17 20:09:50.894  1023  4431 D NxpHal  : read successful status = 0x0
04-17 20:09:50.894  1023  4431 D NfccPowerTracker: NfccPowerTracker::ProcessNtf: Enter
04-17 20:09:50.895  1023  4427 D NxpTml  : PN54X - Read requested.....
04-17 20:09:50.895  1023  4427 D NxpTml  : PN54X - Invoking I2C Read.....
04-17 20:09:50.897  1023  4427 D NxpTml  : PN54X - I2C Read successful.....
04-17 20:09:50.898  1023  4427 D NxpNciR : len =   5 > 0000029000
04-17 20:09:50.898  1023  4427 D NxpTml  : PN54X - Posting read message.....
04-17 20:09:50.898  1023  4431 D NxpHal  : read successful status = 0x0
04-17 20:09:50.902  1023  4427 D NxpTml  : PN54X - Read requested.....
04-17 20:09:50.902  1023  4427 D NxpTml  : PN54X - Invoking I2C Read.....
04-17 20:09:51.050  1023  1023 D NfccPowerTracker: NfccPowerTracker::ProcessCmd: Enter, Received len :9
04-17 20:09:51.050  1023  4429 D NxpTml  : PN54X - Write requested.....
04-17 20:09:51.050  1023  4429 D NxpTml  : PN54X - Invoking I2C Write.....
04-17 20:09:51.051  1023  4429 D NxpNciX : len =   9 > 0000067499000D0106
04-17 20:09:51.051  1023  4429 D NxpTml  : PN54X - I2C Write successful.....
04-17 20:09:51.051  1023  4429 D NxpTml  : PN54X - Posting Fresh Write message.....
04-17 20:09:51.051  1023  4429 D NxpTml  : PN54X - Tml Writer Thread Running................
04-17 20:09:51.051  1023  4431 D NxpHal  : write successful status = 0x0
04-17 20:09:51.054  1023  4427 D NxpTml  : PN54X - I2C Read successful.....
04-17 20:09:51.054  1023  4427 D NxpNciR : len =   6 > 600603010001
04-17 20:09:51.054  1023  4427 D NxpTml  : PN54X - Posting read message.....
04-17 20:09:51.054  1023  4431 D NxpHal  : read successful status = 0x0
04-17 20:09:51.054  1023  4431 D NfccPowerTracker: NfccPowerTracker::ProcessNtf: Enter
04-17 20:09:51.055  1023  4427 D NxpTml  : PN54X - Read requested.....
04-17 20:09:51.055  1023  4427 D NxpTml  : PN54X - Invoking I2C Read.....
04-17 20:09:51.058  1023  4427 D NxpTml  : PN54X - I2C Read successful.....
04-17 20:09:51.059  1023  4427 D NxpNciR : len =   5 > 0000029000
04-17 20:09:51.059  1023  4427 D NxpTml  : PN54X - Posting read message.....
04-17 20:09:51.059  1023  4431 D NxpHal  : read successful status = 0x0
04-17 20:09:51.060  1023  4427 D NxpTml  : PN54X - Read requested.....
04-17 20:09:51.060  1023  4427 D NxpTml  : PN54X - Invoking I2C Read.....
04-17 20:09:51.065  1023  1023 D NfccPowerTracker: NfccPowerTracker::ProcessCmd: Enter, Received len :12
04-17 20:09:51.065  1023  4429 D NxpTml  : PN54X - Write requested.....
04-17 20:09:51.066  1023  4429 D NxpTml  : PN54X - Invoking I2C Write.....
04-17 20:09:51.066  1023  4429 D NxpNciX : len =  12 > 000009749A000E0427271817
04-17 20:09:51.066  1023  4429 D NxpTml  : PN54X - I2C Write successful.....
04-17 20:09:51.066  1023  4429 D NxpTml  : PN54X - Posting Fresh Write message.....
04-17 20:09:51.066  1023  4429 D NxpTml  : PN54X - Tml Writer Thread Running................
04-17 20:09:51.066  1023  4431 D NxpHal  : write successful status = 0x0
04-17 20:09:51.069  1023  4427 D NxpTml  : PN54X - I2C Read successful.....
04-17 20:09:51.069  1023  4427 D NxpNciR : len =   6 > 600603010001
04-17 20:09:51.069  1023  4427 D NxpTml  : PN54X - Posting read message.....
04-17 20:09:51.069  1023  4431 D NxpHal  : read successful status = 0x0
04-17 20:09:51.069  1023  4431 D NfccPowerTracker: NfccPowerTracker::ProcessNtf: Enter
04-17 20:09:51.070  1023  4427 D NxpTml  : PN54X - Read requested.....
04-17 20:09:51.070  1023  4427 D NxpTml  : PN54X - Invoking I2C Read.....
04-17 20:09:51.072  1023  4427 D NxpTml  : PN54X - I2C Read successful.....
04-17 20:09:51.072  1023  4427 D NxpNciR : len =   5 > 0000029000
04-17 20:09:51.072  1023  4427 D NxpTml  : PN54X - Posting read message.....
04-17 20:09:51.073  1023  4431 D NxpHal  : read successful status = 0x0
04-17 20:09:51.073  1023  4427 D NxpTml  : PN54X - Read requested.....
04-17 20:09:51.073  1023  4427 D NxpTml  : PN54X - Invoking I2C Read.....
04-17 20:09:51.074  1023  1023 D NfccPowerTracker: NfccPowerTracker::ProcessCmd: Enter, Received len :9
04-17 20:09:51.074  1023  4429 D NxpTml  : PN54X - Write requested.....
04-17 20:09:51.074  1023  4429 D NxpTml  : PN54X - Invoking I2C Write.....
04-17 20:09:51.074  1023  4429 D NxpNciX : len =   9 > 0000067499000D01E0
04-17 20:09:51.074  1023  4429 D NxpTml  : PN54X - I2C Write successful.....
04-17 20:09:51.074  1023  4429 D NxpTml  : PN54X - Posting Fresh Write message.....
04-17 20:09:51.074  1023  4429 D NxpTml  : PN54X - Tml Writer Thread Running................
04-17 20:09:51.074  1023  4431 D NxpHal  : write successful status = 0x0
04-17 20:09:51.078  1023  4427 D NxpTml  : PN54X - I2C Read successful.....
04-17 20:09:51.078  1023  4427 D NxpNciR : len =   6 > 600603010001
04-17 20:09:51.078  1023  4427 D NxpTml  : PN54X - Posting read message.....
04-17 20:09:51.078  1023  4431 D NxpHal  : read successful status = 0x0
04-17 20:09:51.078  1023  4431 D NfccPowerTracker: NfccPowerTracker::ProcessNtf: Enter
04-17 20:09:51.078  1023  4427 D NxpTml  : PN54X - Read requested.....
04-17 20:09:51.078  1023  4427 D NxpTml  : PN54X - Invoking I2C Read.....
04-17 20:09:51.081  1023  4427 D NxpTml  : PN54X - I2C Read successful.....
04-17 20:09:51.081  1023  4427 D NxpNciR : len =   5 > 0000029000
04-17 20:09:51.081  1023  4427 D NxpTml  : PN54X - Posting read message.....
04-17 20:09:51.081  1023  4431 D NxpHal  : read successful status = 0x0
04-17 20:09:51.082  1023  4427 D NxpTml  : PN54X - Read requested.....
04-17 20:09:51.082  1023  4427 D NxpTml  : PN54X - Invoking I2C Read.....
04-17 20:09:51.087  1023  1023 D NfccPowerTracker: NfccPowerTracker::ProcessCmd: Enter, Received len :9
04-17 20:09:51.087  1023  4429 D NxpTml  : PN54X - Write requested.....
04-17 20:09:51.088  1023  4429 D NxpTml  : PN54X - Invoking I2C Write.....
04-17 20:09:51.088  1023  4429 D NxpNciX : len =   9 > 000006749A000E0102
04-17 20:09:51.088  1023  4429 D NxpTml  : PN54X - I2C Write successful.....
04-17 20:09:51.088  1023  4429 D NxpTml  : PN54X - Posting Fresh Write message.....
04-17 20:09:51.088  1023  4429 D NxpTml  : PN54X - Tml Writer Thread Running................
04-17 20:09:51.088  1023  4431 D NxpHal  : write successful status = 0x0
04-17 20:09:51.091  1023  4427 D NxpTml  : PN54X - I2C Read successful.....
04-17 20:09:51.091  1023  4427 D NxpNciR : len =   6 > 600603010001
04-17 20:09:51.091  1023  4427 D NxpTml  : PN54X - Posting read message.....
04-17 20:09:51.091  1023  4431 D NxpHal  : read successful status = 0x0
04-17 20:09:51.091  1023  4431 D NfccPowerTracker: NfccPowerTracker::ProcessNtf: Enter
04-17 20:09:51.092  1023  4427 D NxpTml  : PN54X - Read requested.....
04-17 20:09:51.092  1023  4427 D NxpTml  : PN54X - Invoking I2C Read.....
04-17 20:09:51.094  1023  4427 D NxpTml  : PN54X - I2C Read successful.....
04-17 20:09:51.094  1023  4427 D NxpNciR : len =   5 > 0000029000
04-17 20:09:51.094  1023  4427 D NxpTml  : PN54X - Posting read message.....
04-17 20:09:51.094  1023  4431 D NxpHal  : read successful status = 0x0
04-17 20:09:51.095  1023  4427 D NxpTml  : PN54X - Read requested.....
04-17 20:09:51.095  1023  4427 D NxpTml  : PN54X - Invoking I2C Read.....
04-17 20:09:51.096  1023  1023 D NfccPowerTracker: NfccPowerTracker::ProcessCmd: Enter, Received len :9
04-17 20:09:51.097  1023  4429 D NxpTml  : PN54X - Write requested.....
04-17 20:09:51.097  1023  4429 D NxpTml  : PN54X - Invoking I2C Write.....
04-17 20:09:51.097  1023  4429 D NxpNciX : len =   9 > 0000067499000D01E5
04-17 20:09:51.097  1023  4429 D NxpTml  : PN54X - I2C Write successful.....
04-17 20:09:51.097  1023  4429 D NxpTml  : PN54X - Posting Fresh Write message.....
04-17 20:09:51.097  1023  4429 D NxpTml  : PN54X - Tml Writer Thread Running................
04-17 20:09:51.097  1023  4431 D NxpHal  : write successful status = 0x0
04-17 20:09:51.100  1023  4427 D NxpTml  : PN54X - I2C Read successful.....
04-17 20:09:51.100  1023  4427 D NxpNciR : len =   6 > 600603010001
04-17 20:09:51.100  1023  4427 D NxpTml  : PN54X - Posting read message.....
04-17 20:09:51.100  1023  4431 D NxpHal  : read successful status = 0x0
04-17 20:09:51.100  1023  4431 D NfccPowerTracker: NfccPowerTracker::ProcessNtf: Enter
04-17 20:09:51.101  1023  4427 D NxpTml  : PN54X - Read requested.....
04-17 20:09:51.101  1023  4427 D NxpTml  : PN54X - Invoking I2C Read.....
04-17 20:09:51.104  1023  4427 D NxpTml  : PN54X - I2C Read successful.....
04-17 20:09:51.104  1023  4427 D NxpNciR : len =   5 > 0000029000
04-17 20:09:51.104  1023  4427 D NxpTml  : PN54X - Posting read message.....
04-17 20:09:51.104  1023  4431 D NxpHal  : read successful status = 0x0
04-17 20:09:51.105  1023  4427 D NxpTml  : PN54X - Read requested.....
04-17 20:09:51.105  1023  4427 D NxpTml  : PN54X - Invoking I2C Read.....
04-17 20:09:51.111  1023  1023 D NfccPowerTracker: NfccPowerTracker::ProcessCmd: Enter, Received len :9
04-17 20:09:51.111  1023  4429 D NxpTml  : PN54X - Write requested.....
04-17 20:09:51.111  1023  4429 D NxpTml  : PN54X - Invoking I2C Write.....
04-17 20:09:51.112  1023  4429 D NxpNciX : len =   9 > 000006749A000E015A
04-17 20:09:51.112  1023  4429 D NxpTml  : PN54X - I2C Write successful.....
04-17 20:09:51.112  1023  4429 D NxpTml  : PN54X - Posting Fresh Write message.....
04-17 20:09:51.112  1023  4429 D NxpTml  : PN54X - Tml Writer Thread Running................
04-17 20:09:51.112  1023  4431 D NxpHal  : write successful status = 0x0
04-17 20:09:51.115  1023  4427 D NxpTml  : PN54X - I2C Read successful.....
04-17 20:09:51.115  1023  4427 D NxpNciR : len =   6 > 600603010001
04-17 20:09:51.115  1023  4427 D NxpTml  : PN54X - Posting read message.....
04-17 20:09:51.115  1023  4431 D NxpHal  : read successful status = 0x0
04-17 20:09:51.115  1023  4431 D NfccPowerTracker: NfccPowerTracker::ProcessNtf: Enter
04-17 20:09:51.115  1023  4427 D NxpTml  : PN54X - Read requested.....
04-17 20:09:51.115  1023  4427 D NxpTml  : PN54X - Invoking I2C Read.....
04-17 20:09:51.118  1023  4427 D NxpTml  : PN54X - I2C Read successful.....
04-17 20:09:51.118  1023  4427 D NxpNciR : len =   5 > 0000029000
04-17 20:09:51.118  1023  4427 D NxpTml  : PN54X - Posting read message.....
04-17 20:09:51.118  1023  4431 D NxpHal  : read successful status = 0x0
04-17 20:09:51.119  1023  4427 D NxpTml  : PN54X - Read requested.....
04-17 20:09:51.119  1023  4427 D NxpTml  : PN54X - Invoking I2C Read.....
04-17 20:09:51.120  1023  1023 D NfccPowerTracker: NfccPowerTracker::ProcessCmd: Enter, Received len :9
04-17 20:09:51.120  1023  4429 D NxpTml  : PN54X - Write requested.....
04-17 20:09:51.120  1023  4429 D NxpTml  : PN54X - Invoking I2C Write.....
04-17 20:09:51.121  1023  4429 D NxpNciX : len =   9 > 0000067499000D0113
04-17 20:09:51.121  1023  4429 D NxpTml  : PN54X - I2C Write successful.....
04-17 20:09:51.121  1023  4429 D NxpTml  : PN54X - Posting Fresh Write message.....
04-17 20:09:51.121  1023  4429 D NxpTml  : PN54X - Tml Writer Thread Running................
04-17 20:09:51.121  1023  4431 D NxpHal  : write successful status = 0x0
04-17 20:09:51.124  1023  4427 D NxpTml  : PN54X - I2C Read successful.....
04-17 20:09:51.124  1023  4427 D NxpNciR : len =   6 > 600603010001
04-17 20:09:51.124  1023  4427 D NxpTml  : PN54X - Posting read message.....
04-17 20:09:51.124  1023  4431 D NxpHal  : read successful status = 0x0
04-17 20:09:51.124  1023  4431 D NfccPowerTracker: NfccPowerTracker::ProcessNtf: Enter
04-17 20:09:51.125  1023  4427 D NxpTml  : PN54X - Read requested.....
04-17 20:09:51.125  1023  4427 D NxpTml  : PN54X - Invoking I2C Read.....
04-17 20:09:51.129  1023  4427 D NxpTml  : PN54X - I2C Read successful.....
04-17 20:09:51.129  1023  4427 D NxpNciR : len =   5 > 0000029000
04-17 20:09:51.129  1023  4427 D NxpTml  : PN54X - Posting read message.....
04-17 20:09:51.129  1023  4431 D NxpHal  : read successful status = 0x0
04-17 20:09:51.130  8134  8340 D WaveShareV3Handler: Compressed size=8076 bytes, chunk=1016, chunks=8
04-17 20:09:51.130  1023  4427 D NxpTml  : PN54X - Read requested.....
04-17 20:09:51.130  1023  4427 D NxpTml  : PN54X - Invoking I2C Read.....
04-17 20:09:51.132  1023  1023 D NfccPowerTracker: NfccPowerTracker::ProcessCmd: Enter, Received len :256
04-17 20:09:51.132  1023  4429 D NxpTml  : PN54X - Write requested.....
04-17 20:09:51.132  1023  4429 D NxpTml  : PN54X - Invoking I2C Write.....
04-17 20:09:51.139  1023  4429 D NxpNciX : len = 256 > 1000FD749E00000003F8ABCDEFFF00ABCDEFFF00ABCDEFFF00ABCDEFFF00ABCDEF17008002ABCDEF600003C000020003A0ABCDEF06000F0000000004ABCDEF5100022000020004ABCDEF0700088000000004ABCDEF500001C22381C22004042ACAC705C84008870B070B8E80ABCDEF4F000224208204400204492920C60840088898888C04ABCDEF50000223C082028001842929204404800F0888988804ABCDEF500003F2008403800064492923840480091FC8808804ABCDEF50000202008206800024292928440500098808988804ABCDEF50000204008302400044492928C40300088818888804ABCDEF500001E203E1C2200783A9292744020008478B07
04-17 20:09:51.139  1023  4429 D NxpTml  : PN54X - I2C Write successful.....
04-17 20:09:51.139  1023  4429 D NxpTml  : PN54X - Posting Fresh Write message.....
04-17 20:09:51.139  1023  4429 D NxpTml  : PN54X - Tml Writer Thread Running................
04-17 20:09:51.139  1023  4431 D NxpHal  : write successful status = 0x0
04-17 20:09:51.143  1023  4427 D NxpTml  : PN54X - I2C Read successful.....
04-17 20:09:51.143  1023  4427 D NxpNciR : len =   6 > 600603010001
04-17 20:09:51.143  1023  4427 D NxpTml  : PN54X - Posting read message.....
04-17 20:09:51.143  1023  4431 D NxpHal  : read successful status = 0x0
04-17 20:09:51.143  1023  4431 D NfccPowerTracker: NfccPowerTracker::ProcessNtf: Enter
04-17 20:09:51.144  1023  1023 D NfccPowerTracker: NfccPowerTracker::ProcessCmd: Enter, Received len :256
04-17 20:09:51.144  1023  4427 D NxpTml  : PN54X - Read requested.....
04-17 20:09:51.144  1023  4427 D NxpTml  : PN54X - Invoking I2C Read.....
04-17 20:09:51.145  1023  4429 D NxpTml  : PN54X - Write requested.....
04-17 20:09:51.145  1023  4429 D NxpTml  : PN54X - Invoking I2C Write.....
04-17 20:09:51.151  1023  4429 D NxpNciX : len = 256 > 1000FD080380ABCDEF5B000200000008ABCDEF5F000200000010ABCDEF5F000C00000008ABCDEFFF00ABCDEFFF00ABCDEFFF00ABCDEFFF00ABCDEFFF00ABCDEFFF00ABCDEFFF00ABCDEF450018000002ABCDEF56000E1E00000002000C003C080000020000007E380070780030FC007070006060E0400060ABCDEF41000231000000060014002208000002000000004400084000480800888800909110C00180ABCDEF410004110004000A00040021081C2C1A1C58006040000440008408008888010909102001ABCDEF42000210800400020004002208222226226600004000087000841000885001090908400160ABCDEF41000410800000120004007C0862
04-17 20:09:51.152  1023  4429 D NxpTml  : PN54X - I2C Write successful.....
04-17 20:09:51.152  1023  4429 D NxpTml  : PN54X - Posting Fresh Write message.....
04-17 20:09:51.152  1023  4429 D NxpTml  : PN54X - Tml Writer Thread Running................
04-17 20:09:51.152  1023  4431 D NxpHal  : write successful status = 0x0
04-17 20:09:51.166  1023  4427 D NxpTml  : PN54X - I2C Read successful.....
04-17 20:09:51.166  1023  4427 D NxpNciR : len =   6 > 600603010001
04-17 20:09:51.166  1023  4427 D NxpTml  : PN54X - Posting read message.....
04-17 20:09:51.166  1023  4431 D NxpHal  : read successful status = 0x0
04-17 20:09:51.166  1023  4431 D NfccPowerTracker: NfccPowerTracker::ProcessNtf: Enter
04-17 20:09:51.166  1023  1023 D NfccPowerTracker: NfccPowerTracker::ProcessCmd: Enter, Received len :256
04-17 20:09:51.166  1023  4427 D NxpTml  : PN54X - Read requested.....
04-17 20:09:51.166  1023  4429 D NxpTml  : PN54X - Write requested.....
04-17 20:09:51.166  1023  4427 D NxpTml  : PN54X - Invoking I2C Read.....
04-17 20:09:51.167  1023  4429 D NxpTml  : PN54X - Invoking I2C Write.....
04-17 20:09:51.173  1023  4429 D NxpNciX : len = 256 > 1000FD62424242007C3800080C00841001085001090908200110ABCDEF410004108000002200040023083F22427E42004004001004008C1000888801091910400210ABCDEF410002210000003F0004002108402262404200200400200400842000888800890910200110ABCDEF41000413000400020C04002208202226204200400C00400820482020888800909110400110ABCDEF41000F1C000400020404003C2E1E421A1E420040F000FCF03030402070F0007060E02000E0ABCDEFAD007F80ABCDEF080001FEABCDEF070003FC00000003F8ABCDEFFF00ABCDEFFF00ABCDEF38000FABCDEF09001C3C1C7E1838103818100038707018F0207060E0300000
04-17 20:09:51.173  1023  4429 D NxpTml  : PN54X - I2C Write successful.....
04-17 20:09:51.173  1023  4429 D NxpTml  : PN54X - Posting Fresh Write message.....
04-17 20:09:51.174  1023  4429 D NxpTml  : PN54X - Tml Writer Thread Running................
04-17 20:09:51.174  1023  4431 D NxpHal  : write successful status = 0x0
04-17 20:09:51.190  1023  4427 D NxpTml  : PN54X - I2C Read successful.....
04-17 20:09:51.190  1023  4427 D NxpNciR : len =   6 > 600603010001
04-17 20:09:51.190  1023  4427 D NxpTml  : PN54X - Posting read message.....
04-17 20:09:51.190  1023  4431 D NxpHal  : read successful status = 0x0
04-17 20:09:51.190  1023  4431 D NfccPowerTracker: NfccPowerTracker::ProcessNtf: Enter
04-17 20:09:51.190  1023  1023 D NfccPowerTracker: NfccPowerTracker::ProcessCmd: Enter, Received len :256
04-17 20:09:51.190  1023  4429 D NxpTml  : PN54X - Write requested.....
04-17 20:09:51.190  1023  4429 D NxpTml  : PN54X - Invoking I2C Write.....
04-17 20:09:51.191  1023  4427 D NxpTml  : PN54X - Read requested.....
04-17 20:09:51.191  1023  4427 D NxpTml  : PN54X - Invoking I2C Read.....
04-17 20:09:51.197  1023  4429 D NxpNciX : len = 256 > 1000FD00E1E0C3F0C1C081C3E1C003838380878303070782ABCDEF2E0010ABCDEF090022202202242438446070004448482808E088901830000001110120112221822022000242444180450C888807ABCDEF2E00100E0D210E2E0E1C080002202204424400444010008484842008210908085000000011021022122042202200042424428041004844ABCDEF2F0008111191113110220400023C4204422418425810008484845810208888109000000011C210221120842045C00424242280810C48CF03ABCDEF2E0006111111311110210000040222044218084444100084848480702078E8E0900000002032104211404220462004242444838103474080AB
04-17 20:09:51.197  1023  4429 D NxpTml  : PN54X - I2C Write successful.....
04-17 20:09:51.197  1023  4429 D NxpTml  : PN54X - Posting Fresh Write message.....
04-17 20:09:51.197  1023  4429 D NxpTml  : PN54X - Tml Writer Thread Running................
04-17 20:09:51.197  1023  4431 D NxpHal  : write successful status = 0x0
04-17 20:09:51.214  1023  4427 D NxpTml  : PN54X - I2C Read successful.....
04-17 20:09:51.214  1023  4427 D NxpNciR : len =   6 > 600603010001
04-17 20:09:51.214  1023  4427 D NxpTml  : PN54X - Posting read message.....
04-17 20:09:51.214  1023  4431 D NxpHal  : read successful status = 0x0
04-17 20:09:51.214  1023  4431 D NfccPowerTracker: NfccPowerTracker::ProcessNtf: Enter
04-17 20:09:51.214  1023  1023 D NfccPowerTracker: NfccPowerTracker::ProcessCmd: Enter, Received len :14
04-17 20:09:51.215  1023  4427 D NxpTml  : PN54X - Read requested.....
04-17 20:09:51.215  1023  4427 D NxpTml  : PN54X - Invoking I2C Read.....
04-17 20:09:51.215  1023  4429 D NxpTml  : PN54X - Write requested.....
04-17 20:09:51.215  1023  4429 D NxpTml  : PN54X - Invoking I2C Write.....
04-17 20:09:51.215  1023  4429 D NxpNciX : len =  14 > 00000BCDEF2E00019F90A11F2120
04-17 20:09:51.215  1023  4429 D NxpTml  : PN54X - I2C Write successful.....
04-17 20:09:51.215  1023  4429 D NxpTml  : PN54X - Posting Fresh Write message.....
04-17 20:09:51.215  1023  4429 D NxpTml  : PN54X - Tml Writer Thread Running................
04-17 20:09:51.215  1023  4431 D NxpHal  : write successful status = 0x0
04-17 20:09:51.237  1023  4427 D NxpTml  : PN54X - I2C Read successful.....
04-17 20:09:51.237  1023  4427 D NxpNciR : len =   6 > 600603010001
04-17 20:09:51.237  1023  4427 D NxpTml  : PN54X - Posting read message.....
04-17 20:09:51.238  1023  4431 D NxpHal  : read successful status = 0x0
04-17 20:09:51.238  1023  4431 D NfccPowerTracker: NfccPowerTracker::ProcessNtf: Enter
04-17 20:09:51.238  1023  4427 D NxpTml  : PN54X - Read requested.....
04-17 20:09:51.238  1023  4427 D NxpTml  : PN54X - Invoking I2C Read.....
04-17 20:09:51.363  1038  1322 W SDM     : RCIntfImpl::ValidateMaskLayer: Unsupported mask layer format RGBA_8888_UBWC (12) on layer(0l, 0ft, 1200fr, 36b).
04-17 20:09:51.363  1038  1322 W SDM     : RCIntfImpl::ValidateMaskLayer: Unsupported mask layer format RGBA_8888_UBWC (12) on layer(0l, 0ft, 1200fr, 36b).
04-17 20:09:51.369  1038  1322 W SDM     : DisplayBase::Commit: Failed to set the data on driver for display: 32-0, Error: -1, status: 0
04-17 20:09:51.412  1023  4427 D NxpTml  : PN54X - I2C Read successful.....
04-17 20:09:51.412  1023  4427 D NxpNciR : len =   5 > 600802B200
04-17 20:09:51.412  1023  4427 D NxpTml  : PN54X - Posting read message.....
04-17 20:09:51.412  1023  4431 D NxpHal  : read successful status = 0x0
04-17 20:09:51.412  1023  4431 D NfccPowerTracker: NfccPowerTracker::ProcessNtf: Enter
04-17 20:09:51.413  1023  1023 D NfccPowerTracker: NfccPowerTracker::ProcessCmd: Enter, Received len :4
04-17 20:09:51.413  1023  4429 D NxpTml  : PN54X - Write requested.....
04-17 20:09:51.413  1023  4429 D NxpTml  : PN54X - Invoking I2C Write.....
04-17 20:09:51.414  1023  4427 D NxpTml  : PN54X - Read requested.....
04-17 20:09:51.414  1023  4427 D NxpTml  : PN54X - Invoking I2C Read.....
04-17 20:09:51.414  1023  4429 D NxpNciX : len =   4 > 21060103
04-17 20:09:51.414  1023  4429 D NxpTml  : PN54X - I2C Write successful.....
04-17 20:09:51.414  1023  4429 D NxpTml  : PN54X - Posting Fresh Write message.....
04-17 20:09:51.414  1023  4429 D NxpTml  : PN54X - Tml Writer Thread Running................
04-17 20:09:51.414  1023  4431 D NxpHal  : write successful status = 0x0
04-17 20:09:51.418  1023  4427 D NxpTml  : PN54X - I2C Read successful.....
04-17 20:09:51.418  1023  4427 D NxpNciR : len =   4 > 41060100
04-17 20:09:51.418  1023  4427 D NxpTml  : PN54X - Posting read message.....
04-17 20:09:51.418  1023  4431 D NxpHal  : read successful status = 0x0
04-17 20:09:51.418  1023  4427 D NxpTml  : PN54X - Read requested.....
04-17 20:09:51.418  1023  4427 D NxpTml  : PN54X - Invoking I2C Read.....
04-17 20:09:51.421  1603  2666 D LOWI-9.0.1.89.z: [LOWI-Scan] wait_event:Wait done with Cmd 34
04-17 20:09:51.421  1603  2666 D LOWI-9.0.1.89.z: [LOWI-Scan] do_listen_events: Rcvd valid Netlink Cmd 34 Err 0
04-17 20:09:51.421  1525  2141 D WifiNl80211Manager: Scan result ready event
04-17 20:09:51.421  1603  2666 D LOWI-9.0.1.89.z: [LOWI-Scan] 
04-17 20:09:51.421  1603  2666 D LOWI-9.0.1.89.z: [LOWI-Scan] print_bss_handler: Report Probe TSF 969216257 as it greater than Beacon TSF 0
04-17 20:09:51.421  1603  2666 D LOWI-9.0.1.89.z: [LOWI-Scan] decode_rsn_wpa_ie: LOWI_ENCRYPTION_TYPE_WPA_PSK
04-17 20:09:51.421  1603  2666 D LOWI-9.0.1.89.z: [LOWI-Scan] BSS 0c:72:74:**:**:56 LOWI_PHY_MODE_11AC_VHT20_2G(11), Beacon Interval: 100, LOWI_ENCRYPTION_TYPE_WPA_PSK 11mcRanging: No, ANQP: No, LCI: No, Civic: No, capability(0x1031): ESS Privacy ShortPreamble
04-17 20:09:51.421  1603  2666 D LOWI-9.0.1.89.z: [LOWI-Scan] BSS 0c:72:74:**:**:56 FREQ: 2412, cFreq1[40:80:160] = [0:0:0] cFreq2 = 0 Country Code = DE 
04-17 20:09:51.421  1525  2141 D WifiNative: Scan result ready event
04-17 20:09:51.421  1603  2666 D LOWI-9.0.1.89.z: [LOWI-Scan] BSS 0c:72:74:**:**:56 (wlan0) ASSO: NO AddInfo: 0x0, TSF 0, 00:16:09.216, RSSI: -134, CPL: 127, AGE: 0,  SSID Ami, TSFDelta: 0x0, TXRate: 0
04-17 20:09:51.421  1603  2666 D LOWI-9.0.1.89.z: [LOWI-Scan] 
04-17 20:09:51.421  1603  2666 D LOWI-9.0.1.89.z: [LOWI-Scan] print_bss_handler: Report Probe TSF 969216265 as it greater than Beacon TSF 0
04-17 20:09:51.421  1603  2666 D LOWI-9.0.1.89.z: [LOWI-Scan] decode_rsn_wpa_ie: LOWI_ENCRYPTION_TYPE_WPA_PSK
04-17 20:09:51.421  1603  2666 D LOWI-9.0.1.89.z: [LOWI-Scan] BSS 78:45:58:**:**:87 LOWI_PHY_MODE_11NG_HT20(5), Beacon Interval: 100, LOWI_ENCRYPTION_TYPE_WPA_PSK 11mcRanging: No, ANQP: No, LCI: No, Civic: No, capability(0x0411): ESS Privacy ShortSlotTime
04-17 20:09:51.421  1603  2666 D LOWI-9.0.1.89.z: [LOWI-Scan] BSS 78:45:58:**:**:87 FREQ: 2462, cFreq1[40:80:160] = [0:0:0] cFreq2 = 0 Country Code =    
04-17 20:09:51.421  1603  2666 D LOWI-9.0.1.89.z: [LOWI-Scan] BSS 78:45:58:**:**:87 (wlan0) ASSO: NO AddInfo: 0x0, TSF 0, 00:16:09.216, RSSI: -104, CPL: 127, AGE: 0,  SSID TC, TSFDelta: 0x0, TXRate: 0
04-17 20:09:51.421  1603  2666 D LOWI-9.0.1.89.z: [LOWI-Scan] 
04-17 20:09:51.421  1603  2666 D LOWI-9.0.1.89.z: [LOWI-Scan] print_bss_handler: Report Probe TSF 969216277 as it greater than Beacon TSF 0
04-17 20:09:51.421  1603  2666 D LOWI-9.0.1.89.z: [LOWI-Scan] decode_rsn_wpa_ie: LOWI_ENCRYPTION_TYPE_WPA_PSK
04-17 20:09:51.421  1603  2666 D LOWI-9.0.1.89.z: [LOWI-Scan] BSS 7a:45:58:**:**:50 LOWI_PHY_MODE_11AC_VHT40(9), Beacon Interval: 100, LOWI_ENCRYPTION_TYPE_WPA_PSK 11mcRanging: No, ANQP: No, LCI: No, Civic: No, capability(0x0111): ESS Privacy SpectrumMgmt
04-17 20:09:51.421  1603  2666 D LOWI-9.0.1.89.z: [LOWI-Scan] BSS 7a:45:58:**:**:50 FREQ: 5180, cFreq1[40:80:160] = [5190:0:0] cFreq2 = 0 Country Code =    
04-17 20:09:51.421  1603  2666 D LOWI-9.0.1.89.z: [LOWI-Scan] BSS 7a:45:58:**:**:50 (wlan0) ASSO: NO AddInfo: 0x0, TSF 0, 00:16:09.216, RSSI: -160, CPL: 127, AGE: 0,  SSID TC, TSFDelta: 0x0, TXRate: 0
04-17 20:09:51.421  1603  2666 D LOWI-9.0.1.89.z: [LOWI-Scan] 
04-17 20:09:51.421  1603  2666 D LOWI-9.0.1.89.z: [LOWI-Scan] print_bss_handler: Report Probe TSF 969216273 as it greater than Beacon TSF 0
04-17 20:09:51.421  1603  2666 D LOWI-9.0.1.89.z: [LOWI-Scan] decode_rsn_wpa_ie: LOWI_ENCRYPTION_TYPE_WPA_PSK
04-17 20:09:51.421  1603  2666 D LOWI-9.0.1.89.z: [LOWI-Scan] BSS 7a:45:58:**:**:88 LOWI_PHY_MODE_11AC_VHT40(9), Beacon Interval: 100, LOWI_ENCRYPTION_TYPE_WPA_PSK 11mcRanging: No, ANQP: No, LCI: No, Civic: No, capability(0x0111): ESS Privacy SpectrumMgmt
04-17 20:09:51.421  1603  2666 D LOWI-9.0.1.89.z: [LOWI-Scan] BSS 7a:45:58:**:**:88 FREQ: 5180, cFreq1[40:80:160] = [5190:0:0] cFreq2 = 0 Country Code =    
04-17 20:09:51.421  1603  2666 D LOWI-9.0.1.89.z: [LOWI-Scan] BSS 7a:45:58:**:**:88 (wlan0) ASSO: NO AddInfo: 0x0, TSF 0, 00:16:09.216, RSSI: -90, CPL: 127, AGE: 0,  SSID TC, TSFDelta: 0x0, TXRate: 0
04-17 20:09:51.421  1603  2666 D LOWI-9.0.1.89.z: [LOWI-Scan] 
04-17 20:09:51.421  1603  2666 D LOWI-9.0.1.89.z: [LOWI-Scan] print_bss_handler: Report Probe TSF 969216280 as it greater than Beacon TSF 0
04-17 20:09:51.421  1603  2666 D LOWI-9.0.1.89.z: [LOWI-Scan] decode_rsn_wpa_ie: LOWI_ENCRYPTION_TYPE_WPA_PSK
04-17 20:09:51.421  1603  2666 D LOWI-9.0.1.89.z: [LOWI-Scan] BSS 7a:45:58:**:**:e8 LOWI_PHY_MODE_11AC_VHT40(9), Beacon Interval: 100, LOWI_ENCRYPTION_TYPE_WPA_PSK 11mcRanging: No, ANQP: No, LCI: No, Civic: No, capability(0x0111): ESS Privacy SpectrumMgmt
04-17 20:09:51.421  1603  2666 D LOWI-9.0.1.89.z: [LOWI-Scan] BSS 7a:45:58:**:**:e8 FREQ: 5180, cFreq1[40:80:160] = [5190:0:0] cFreq2 = 0 Country Code =    
04-17 20:09:51.421  1603  2666 D LOWI-9.0.1.89.z: [LOWI-Scan] BSS 7a:45:58:**:**:e8 (wlan0) ASSO: NO AddInfo: 0x0, TSF 0, 00:16:09.216, RSSI: -126, CPL: 127, AGE: 0,  SSID TC, TSFDelta: 0x0, TXRate: 0
04-17 20:09:51.422  1603  2666 D LOWI-9.0.1.89.z: [LOWI-Scan] 
04-17 20:09:51.422  1603  2666 D LOWI-9.0.1.89.z: [LOWI-Scan] print_bss_handler: Report Probe TSF 969216291 as it greater than Beacon TSF 0
04-17 20:09:51.422  1603  2666 D LOWI-9.0.1.89.z: [LOWI-Scan] decode_rsn_wpa_ie: LOWI_ENCRYPTION_TYPE_WPA_PSK
04-17 20:09:51.422  1603  2666 D LOWI-9.0.1.89.z: [LOWI-Scan] BSS 0c:72:74:**:**:5a LOWI_PHY_MODE_11AC_VHT80(10), Beacon Interval: 100, LOWI_ENCRYPTION_TYPE_WPA_PSK 11mcRanging: No, ANQP: No, LCI: No, Civic: No, capability(0x1511): ESS Privacy SpectrumMgmt ShortSlotTime
04-17 20:09:51.422  1603  2666 D LOWI-9.0.1.89.z: [LOWI-Scan] BSS 0c:72:74:**:**:5a FREQ: 5260, cFreq1[40:80:160] = [5270:5290:0] cFreq2 = 0 Country Code = DE 
04-17 20:09:51.422  1603  2666 D LOWI-9.0.1.89.z: [LOWI-Scan] BSS 0c:72:74:**:**:5a (wlan0) ASSO: NO AddInfo: 0x0, TSF 0, 00:16:09.216, RSSI: -142, CPL: 127, AGE: 0,  SSID Ami, TSFDelta: 0x0, TXRate: 0
04-17 20:09:51.422  1603  2666 D LOWI-9.0.1.89.z: [LOWI-Scan] 
04-17 20:09:51.422  1603  2666 D LOWI-9.0.1.89.z: [LOWI-Scan] print_bss_handler: Report Probe TSF 969216294 as it greater than Beacon TSF 0
04-17 20:09:51.422  1603  2666 D LOWI-9.0.1.89.z: [LOWI-Scan] decode_rsn_wpa_ie: LOWI_ENCRYPTION_TYPE_WPA_PSK
04-17 20:09:51.422  1603  2666 D LOWI-9.0.1.89.z: [LOWI-Scan] BSS dc:39:6f:**:**:51 LOWI_PHY_MODE_11AC_VHT80(10), Beacon Interval: 100, LOWI_ENCRYPTION_TYPE_WPA_PSK 11mcRanging: No, ANQP: No, LCI: No, Civic: No, capability(0x1511): ESS Privacy SpectrumMgmt ShortSlotTime
04-17 20:09:51.422  1603  2666 D LOWI-9.0.1.89.z: [LOWI-Scan] BSS dc:39:6f:**:**:51 FREQ: 5500, cFreq1[40:80:160] = [5510:5530:0] cFreq2 = 0 Country Code = DE 
04-17 20:09:51.422  1603  2666 D LOWI-9.0.1.89.z: [LOWI-Scan] BSS dc:39:6f:**:**:51 (wlan0) ASSO: NO AddInfo: 0x0, TSF 0, 00:16:09.216, RSSI: -176, CPL: 127, AGE: 0,  SSID Ami, TSFDelta: 0x0, TXRate: 0
04-17 20:09:51.422  1603  2666 D LOWI-9.0.1.89.z: [LOWI-Scan] 
04-17 20:09:51.422  1603  2666 D LOWI-9.0.1.89.z: [LOWI-Scan] print_bss_handler: Report Probe TSF 969216270 as it greater than Beacon TSF 0
04-17 20:09:51.422  1603  2666 D LOWI-9.0.1.89.z: [LOWI-Scan] decode_rsn_wpa_ie: LOWI_ENCRYPTION_TYPE_WPA_PSK
04-17 20:09:51.422  1603  2666 D LOWI-9.0.1.89.z: [LOWI-Scan] BSS 60:d5:61:**:**:cf LOWI_PHY_MODE_11NG_HT20(5), Beacon Interval: 100, LOWI_ENCRYPTION_TYPE_WPA_PSK 11mcRanging: No, ANQP: No, LCI: No, Civic: No, capability(0x0431): ESS Privacy ShortPreamble ShortSlotTime
04-17 20:09:51.422  1603  2666 D LOWI-9.0.1.89.z: [LOWI-Scan] BSS 60:d5:61:**:**:cf FREQ: 2472, cFreq1[40:80:160] = [0:0:0] cFreq2 = 0 Country Code =    
04-17 20:09:51.422  1603  2666 D LOWI-9.0.1.89.z: [LOWI-Scan] BSS 60:d5:61:**:**:cf (wlan0) ASSO: NO AddInfo: 0x0, TSF 0, 00:16:09.216, RSSI: -130, CPL: 127, AGE: 0,  SSID , TSFDelta: 0x0, TXRate: 0
04-17 20:09:51.422  1603  2666 D LOWI-9.0.1.89.z: [LOWI-Scan] 
04-17 20:09:51.422  1603  2666 D LOWI-9.0.1.89.z: [LOWI-Scan] print_bss_handler: Report Probe TSF 944636444 as it greater than Beacon TSF 0
04-17 20:09:51.422  1603  2666 D LOWI-9.0.1.89.z: [LOWI-Scan] decode_rsn_wpa_ie: LOWI_ENCRYPTION_TYPE_WPA_PSK
04-17 20:09:51.422  1603  2666 D LOWI-9.0.1.89.z: [LOWI-Scan] adjust_age:AP AGE upper limit reached. Dont store
04-17 20:09:51.422  1603  2666 D LOWI-9.0.1.89.z: [LOWI-Scan] BSS 08:3a:2f:**:**:a2 LOWI_PHY_MODE_11NG_HT20(5), Beacon Interval: 100, LOWI_ENCRYPTION_TYPE_WPA_PSK 11mcRanging: No, ANQP: No, LCI: No, Civic: No, capability(0x0411): ESS Privacy ShortSlotTime
04-17 20:09:51.422  1603  2666 D LOWI-9.0.1.89.z: [LOWI-Scan] BSS 08:3a:2f:**:**:a2 FREQ: 2472, cFreq1[40:80:160] = [0:0:0] cFreq2 = 0 Country Code =    
04-17 20:09:51.422  1603  2666 D LOWI-9.0.1.89.z: [LOWI-Scan] BSS 08:3a:2f:**:**:a2 (wlan0) ASSO: NO AddInfo: 0x0, TSF 0, 00:15:44.636, RSSI: -162, CPL: 127, AGE: 24580,  SSID NVR083a2f152aa2, TSFDelta: 0x0, TXRate: 0
04-17 20:09:51.422  1603  2666 D LOWI-9.0.1.89.z: [LOWI-Scan] 
04-17 20:09:51.422  1603  2666 D LOWI-9.0.1.89.z: [LOWI-Scan] print_bss_handler: Report Probe TSF 969216268 as it greater than Beacon TSF 0
04-17 20:09:51.422  1603  2666 D LOWI-9.0.1.89.z: [LOWI-Scan] decode_rsn_wpa_ie: LOWI_ENCRYPTION_TYPE_WPA_PSK
04-17 20:09:51.422  1603  2666 D LOWI-9.0.1.89.z: [LOWI-Scan] BSS 7a:45:58:**:**:87 LOWI_PHY_MODE_11NG_HT20(5), Beacon Interval: 100, LOWI_ENCRYPTION_TYPE_WPA_PSK 11mcRanging: No, ANQP: No, LCI: No, Civic: No, capability(0x0411): ESS Privacy ShortSlotTime
04-17 20:09:51.422  1603  2666 D LOWI-9.0.1.89.z: [LOWI-Scan] BSS 7a:45:58:**:**:87 FREQ: 2462, cFreq1[40:80:160] = [0:0:0] cFreq2 = 0 Country Code =    
04-17 20:09:51.422  1603  2666 D LOWI-9.0.1.89.z: [LOWI-Scan] BSS 7a:45:58:**:**:87 (wlan0) ASSO: NO AddInfo: 0x0, TSF 0, 00:16:09.216, RSSI: -100, CPL: 127, AGE: 0,  SSID , TSFDelta: 0x0, TXRate: 0
04-17 20:09:51.422  1603  2666 D LOWI-9.0.1.89.z: [LOWI-Scan] 
04-17 20:09:51.422  1603  2666 D LOWI-9.0.1.89.z: [LOWI-Scan] print_bss_handler: Report Probe TSF 969216286 as it greater than Beacon TSF 0
04-17 20:09:51.422  1603  2666 D LOWI-9.0.1.89.z: [LOWI-Scan] BSS 78:45:58:**:**:50 LOWI_PHY_MODE_11AC_VHT40(9), Beacon Interval: 100, LOWI_ENCRYPTION_TYPE_OPEN 11mcRanging: No, ANQP: No, LCI: No, Civic: No, capability(0x0111): ESS Privacy SpectrumMgmt
04-17 20:09:51.422  1603  2666 D LOWI-9.0.1.89.z: [LOWI-Scan] BSS 78:45:58:**:**:50 FREQ: 5180, cFreq1[40:80:160] = [5190:0:0] cFreq2 = 0 Country Code =    
04-17 20:09:51.422  1603  2666 D LOWI-9.0.1.89.z: [LOWI-Scan] BSS 78:45:58:**:**:50 (wlan0) ASSO: NO AddInfo: 0x0, TSF 0, 00:16:09.216, RSSI: -164, CPL: 127, AGE: 0,  SSID , TSFDelta: 0x0, TXRate: 0
04-17 20:09:51.422  1603  2666 D LOWI-9.0.1.89.z: [LOWI-Scan] 
04-17 20:09:51.422  1603  2666 D LOWI-9.0.1.89.z: [LOWI-Scan] print_bss_handler: Report Probe TSF 944636422 as it greater than Beacon TSF 0
04-17 20:09:51.422  1603  2666 D LOWI-9.0.1.89.z: [LOWI-Scan] decode_rsn_wpa_ie: LOWI_ENCRYPTION_TYPE_WPA_PSK
04-17 20:09:51.422  1603  2666 D LOWI-9.0.1.89.z: [LOWI-Scan] adjust_age:AP AGE upper limit reached. Dont store
04-17 20:09:51.422  1603  2666 D LOWI-9.0.1.89.z: [LOWI-Scan] BSS 7a:45:58:**:**:6a LOWI_PHY_MODE_11NG_HT20(5), Beacon Interval: 100, LOWI_ENCRYPTION_TYPE_WPA_PSK 11mcRanging: No, ANQP: No, LCI: No, Civic: No, capability(0x0411): ESS Privacy ShortSlotTime
04-17 20:09:51.422  1603  2666 D LOWI-9.0.1.89.z: [LOWI-Scan] BSS 7a:45:58:**:**:6a FREQ: 2462, cFreq1[40:80:160] = [0:0:0] cFreq2 = 0 Country Code =    
04-17 20:09:51.422  1603  2666 D LOWI-9.0.1.89.z: [LOWI-Scan] BSS 7a:45:58:**:**:6a (wlan0) ASSO: NO AddInfo: 0x0, TSF 0, 00:15:44.636, RSSI: -152, CPL: 127, AGE: 24580,  SSID , TSFDelta: 0x0, TXRate: 0
04-17 20:09:51.422  1603  2666 D LOWI-9.0.1.89.z: [LOWI-Scan] 
04-17 20:09:51.422  1603  2666 D LOWI-9.0.1.89.z: [LOWI-Scan] print_bss_handler: Report Probe TSF 959180537 as it greater than Beacon TSF 0
04-17 20:09:51.422  1603  2666 D LOWI-9.0.1.89.z: [LOWI-Scan] decode_rsn_wpa_ie: LOWI_ENCRYPTION_TYPE_WPA_PSK
04-17 20:09:51.422  1603  2666 D LOWI-9.0.1.89.z: [LOWI-Scan] adjust_age:AP AGE upper limit reached. Dont store
04-17 20:09:51.422  1603  2666 D LOWI-9.0.1.89.z: [LOWI-Scan] BSS 78:45:58:**:**:e7 LOWI_PHY_MODE_11NG_HT20(5), Beacon Interval: 100, LOWI_ENCRYPTION_TYPE_WPA_PSK 11mcRanging: No, ANQP: No, LCI: No, Civic: No, capability(0x0411): ESS Privacy ShortSlotTime
04-17 20:09:51.422  1603  2666 D LOWI-9.0.1.89.z: [LOWI-Scan] BSS 78:45:58:**:**:e7 FREQ: 2412, cFreq1[40:80:160] = [0:0:0] cFreq2 = 0 Country Code =    
04-17 20:09:51.422  1603  2666 D LOWI-9.0.1.89.z: [LOWI-Scan] BSS 78:45:58:**:**:e7 (wlan0) ASSO: NO AddInfo: 0x0, TSF 0, 00:15:59.180, RSSI: -144, CPL: 127, AGE: 10036,  SSID TC, TSFDelta: 0x0, TXRate: 0
04-17 20:09:51.422  1603  2666 D LOWI-9.0.1.89.z: [LOWI-Scan] 
04-17 20:09:51.422  1023  4427 D NxpTml  : PN54X - I2C Read successful.....
04-17 20:09:51.422  1603  2666 D LOWI-9.0.1.89.z: [LOWI-Scan] print_bss_handler: Report Probe TSF 949247958 as it greater than Beacon TSF 0
04-17 20:09:51.422  1603  2666 D LOWI-9.0.1.89.z: [LOWI-Scan] decode_rsn_wpa_ie: LOWI_ENCRYPTION_TYPE_WPA_PSK
04-17 20:09:51.422  1603  2666 D LOWI-9.0.1.89.z: [LOWI-Scan] adjust_age:AP AGE upper limit reached. Dont store
04-17 20:09:51.422  1023  4427 D NxpNciR : len =   5 > 6106020300
04-17 20:09:51.422  1603  2666 D LOWI-9.0.1.89.z: [LOWI-Scan] BSS 7a:45:58:**:**:e8 LOWI_PHY_MODE_11AC_VHT40(9), Beacon Interval: 100, LOWI_ENCRYPTION_TYPE_WPA_PSK 11mcRanging: No, ANQP: No, LCI: No, Civic: No, capability(0x0111): ESS Privacy SpectrumMgmt
04-17 20:09:51.422  1023  4427 D NxpTml  : PN54X - Posting read message.....
04-17 20:09:51.422  1603  2666 D LOWI-9.0.1.89.z: [LOWI-Scan] BSS 7a:45:58:**:**:e8 FREQ: 5180, cFreq1[40:80:160] = [5190:0:0] cFreq2 = 0 Country Code =    
04-17 20:09:51.422  1603  2666 D LOWI-9.0.1.89.z: [LOWI-Scan] BSS 7a:45:58:**:**:e8 (wlan0) ASSO: NO AddInfo: 0x0, TSF 0, 00:15:49.247, RSSI: -144, CPL: 127, AGE: 19972,  SSID , TSFDelta: 0x0, TXRate: 0
04-17 20:09:51.422  1603  2666 D LOWI-9.0.1.89.z: [LOWI-Scan] 
04-17 20:09:51.422  1603  2666 D LOWI-9.0.1.89.z: [LOWI-Scan] print_bss_handler: Report Probe TSF 959180547 as it greater than Beacon TSF 0
04-17 20:09:51.422  1603  2666 D LOWI-9.0.1.89.z: [LOWI-Scan] decode_rsn_wpa_ie: LOWI_ENCRYPTION_TYPE_WPA_PSK
04-17 20:09:51.422  1603  2666 D LOWI-9.0.1.89.z: [LOWI-Scan] adjust_age:AP AGE upper limit reached. Dont store
04-17 20:09:51.422  1603  2666 D LOWI-9.0.1.89.z: [LOWI-Scan] BSS 7a:45:58:**:**:e7 LOWI_PHY_MODE_11NG_HT20(5), Beacon Interval: 100, LOWI_ENCRYPTION_TYPE_WPA_PSK 11mcRanging: No, ANQP: No, LCI: No, Civic: No, capability(0x0411): ESS Privacy ShortSlotTime
04-17 20:09:51.422  1603  2666 D LOWI-9.0.1.89.z: [LOWI-Scan] BSS 7a:45:58:**:**:e7 FREQ: 2412, cFreq1[40:80:160] = [0:0:0] cFreq2 = 0 Country Code =    
04-17 20:09:51.422  1603  2666 D LOWI-9.0.1.89.z: [LOWI-Scan] BSS 7a:45:58:**:**:e7 (wlan0) ASSO: NO AddInfo: 0x0, TSF 0, 00:15:59.180, RSSI: -152, CPL: 127, AGE: 10036,  SSID , TSFDelta: 0x0, TXRate: 0
04-17 20:09:51.422  1603  2666 D LOWI-9.0.1.89.z: [LOWI-Scan] 
04-17 20:09:51.422  1603  2666 D LOWI-9.0.1.89.z: [LOWI-Scan] print_bss_handler: Report Probe TSF 969216288 as it greater than Beacon TSF 0
04-17 20:09:51.422  1603  2666 D LOWI-9.0.1.89.z: [LOWI-Scan] decode_rsn_wpa_ie: LOWI_ENCRYPTION_TYPE_WPA_PSK
04-17 20:09:51.422  1603  2666 D LOWI-9.0.1.89.z: [LOWI-Scan] BSS 7a:45:58:**:**:50 LOWI_PHY_MODE_11AC_VHT40(9), Beacon Interval: 100, LOWI_ENCRYPTION_TYPE_WPA_PSK 11mcRanging: No, ANQP: No, LCI: No, Civic: No, capability(0x0111): ESS Privacy SpectrumMgmt
04-17 20:09:51.422  1603  2666 D LOWI-9.0.1.89.z: [LOWI-Scan] BSS 7a:45:58:**:**:50 FREQ: 5180, cFreq1[40:80:160] = [5190:0:0] cFreq2 = 0 Country Code =    
04-17 20:09:51.422  1603  2666 D LOWI-9.0.1.89.z: [LOWI-Scan] BSS 7a:45:58:**:**:50 (wlan0) ASSO: NO AddInfo: 0x0, TSF 0, 00:16:09.216, RSSI: -166, CPL: 127, AGE: 0,  SSID , TSFDelta: 0x0, TXRate: 0
04-17 20:09:51.422  1603  2666 D LOWI-9.0.1.89.z: [LOWI-Scan] 
04-17 20:09:51.422  1603  2666 D LOWI-9.0.1.89.z: [LOWI-Scan] print_bss_handler: Report Probe TSF 949247879 as it greater than Beacon TSF 0
04-17 20:09:51.422  1603  2666 D LOWI-9.0.1.89.z: [LOWI-Scan] decode_rsn_wpa_ie: LOWI_ENCRYPTION_TYPE_WPA_PSK
04-17 20:09:51.422  1603  2666 D LOWI-9.0.1.89.z: [LOWI-Scan] adjust_age:AP AGE upper limit reached. Dont store
04-17 20:09:51.422  1603  2666 D LOWI-9.0.1.89.z: [LOWI-Scan] BSS d4:24:dd:**:**:1c LOWI_PHY_MODE_11AC_VHT40_2G(12), Beacon Interval: 100, LOWI_ENCRYPTION_TYPE_WPA_PSK 11mcRanging: No, ANQP: No, LCI: No, Civic: No, capability(0x1431): ESS Privacy ShortPreamble ShortSlotTime
04-17 20:09:51.422  1603  2666 D LOWI-9.0.1.89.z: [LOWI-Scan] BSS d4:24:dd:**:**:1c FREQ: 2412, cFreq1[40:80:160] = [2422:0:0] cFreq2 = 0 Country Code = DE 
04-17 20:09:51.422  1603  2666 D LOWI-9.0.1.89.z: [LOWI-Scan] BSS d4:24:dd:**:**:1c (wlan0) ASSO: NO AddInfo: 0x0, TSF 0, 00:15:49.247, RSSI: -164, CPL: 127, AGE: 19972,  SSID FRITZ!Box 7590 XA, TSFDelta: 0x0, TXRate: 0
04-17 20:09:51.422  1603  2666 D LOWI-9.0.1.89.z: [LOWI-Scan] 
04-17 20:09:51.423  1603  2666 D LOWI-9.0.1.89.z: [LOWI-Scan] print_bss_handler: Report Probe TSF 969216254 as it greater than Beacon TSF 0
04-17 20:09:51.423  1603  2666 D LOWI-9.0.1.89.z: [LOWI-Scan] decode_rsn_wpa_ie: LOWI_ENCRYPTION_TYPE_WPA_PSK
04-17 20:09:51.423  1603  2666 D LOWI-9.0.1.89.z: [LOWI-Scan] BSS 74:42:7f:**:**:a8 LOWI_PHY_MODE_11NG_HT20(5), Beacon Interval: 100, LOWI_ENCRYPTION_TYPE_WPA_PSK 11mcRanging: No, ANQP: No, LCI: No, Civic: No, capability(0x1431): ESS Privacy ShortPreamble ShortSlotTime
04-17 20:09:51.423  1603  2666 D LOWI-9.0.1.89.z: [LOWI-Scan] BSS 74:42:7f:**:**:a8 FREQ: 2412, cFreq1[40:80:160] = [0:0:0] cFreq2 = 0 Country Code = DE 
04-17 20:09:51.423  1603  2666 D LOWI-9.0.1.89.z: [LOWI-Scan] BSS 74:42:7f:**:**:a8 (wlan0) ASSO: NO AddInfo: 0x0, TSF 0, 00:16:09.216, RSSI: -170, CPL: 127, AGE: 0,  SSID Pandoras_Box_E, TSFDelta: 0x0, TXRate: 0
04-17 20:09:51.423  1603  2666 D LOWI-9.0.1.89.z: [LOWI-Scan] 
04-17 20:09:51.423  1603  2666 D LOWI-9.0.1.89.z: [LOWI-Scan] print_bss_handler: Report Probe TSF 969216263 as it greater than Beacon TSF 0
04-17 20:09:51.423  1603  2666 D LOWI-9.0.1.89.z: [LOWI-Scan] decode_rsn_wpa_ie: LOWI_ENCRYPTION_TYPE_WPA_PSK
04-17 20:09:51.423  1603  2666 D LOWI-9.0.1.89.z: [LOWI-Scan] BSS 7a:45:58:**:**:4f LOWI_PHY_MODE_11NG_HT20(5), Beacon Interval: 100, LOWI_ENCRYPTION_TYPE_WPA_PSK 11mcRanging: No, ANQP: No, LCI: No, Civic: No, capability(0x0411): ESS Privacy ShortSlotTime
04-17 20:09:51.423  1603  2666 D LOWI-9.0.1.89.z: [LOWI-Scan] BSS 7a:45:58:**:**:4f FREQ: 2437, cFreq1[40:80:160] = [0:0:0] cFreq2 = 0 Country Code =    
04-17 20:09:51.423  1603  2666 D LOWI-9.0.1.89.z: [LOWI-Scan] BSS 7a:45:58:**:**:4f (wlan0) ASSO: NO AddInfo: 0x0, TSF 0, 00:16:09.216, RSSI: -144, CPL: 127, AGE: 0,  SSID , TSFDelta: 0x0, TXRate: 0
04-17 20:09:51.423  1603  2666 D LOWI-9.0.1.89.z: [LOWI-Scan] 
04-17 20:09:51.423  1603  2666 D LOWI-9.0.1.89.z: [LOWI-Scan] print_bss_handler: Report Probe TSF 949247968 as it greater than Beacon TSF 0
04-17 20:09:51.423  1603  2666 D LOWI-9.0.1.89.z: [LOWI-Scan] adjust_age:AP AGE upper limit reached. Dont store
04-17 20:09:51.423  1603  2666 D LOWI-9.0.1.89.z: [LOWI-Scan] BSS 78:45:58:**:**:88 LOWI_PHY_MODE_11AC_VHT40(9), Beacon Interval: 100, LOWI_ENCRYPTION_TYPE_OPEN 11mcRanging: No, ANQP: No, LCI: No, Civic: No, capability(0x0111): ESS Privacy SpectrumMgmt
04-17 20:09:51.423  1603  2666 D LOWI-9.0.1.89.z: [LOWI-Scan] BSS 78:45:58:**:**:88 FREQ: 5180, cFreq1[40:80:160] = [5190:0:0] cFreq2 = 0 Country Code =    
04-17 20:09:51.423  1603  2666 D LOWI-9.0.1.89.z: [LOWI-Scan] BSS 78:45:58:**:**:88 (wlan0) ASSO: NO AddInfo: 0x0, TSF 0, 00:15:49.247, RSSI: -96, CPL: 127, AGE: 19972,  SSID , TSFDelta: 0x0, TXRate: 0
04-17 20:09:51.423  1603  2666 D LOWI-9.0.1.89.z: [LOWI-Scan] 
04-17 20:09:51.423  1603  2666 D LOWI-9.0.1.89.z: [LOWI-Scan] print_bss_handler: Report Probe TSF 969216283 as it greater than Beacon TSF 0
04-17 20:09:51.423  1603  2666 D LOWI-9.0.1.89.z: [LOWI-Scan] decode_rsn_wpa_ie: LOWI_ENCRYPTION_TYPE_WPA_PSK
04-17 20:09:51.423  1603  2666 D LOWI-9.0.1.89.z: [LOWI-Scan] BSS 7a:45:58:**:**:88 LOWI_PHY_MODE_11AC_VHT40(9), Beacon Interval: 100, LOWI_ENCRYPTION_TYPE_WPA_PSK 11mcRanging: No, ANQP: No, LCI: No, Civic: No, capability(0x0111): ESS Privacy SpectrumMgmt
04-17 20:09:51.423  1603  2666 D LOWI-9.0.1.89.z: [LOWI-Scan] BSS 7a:45:58:**:**:88 FREQ: 5180, cFreq1[40:80:160] = [5190:0:0] cFreq2 = 0 Country Code =    
04-17 20:09:51.423  1603  2666 D LOWI-9.0.1.89.z: [LOWI-Scan] BSS 7a:45:58:**:**:88 (wlan0) ASSO: NO AddInfo: 0x0, TSF 0, 00:16:09.216, RSSI: -92, CPL: 127, AGE: 0,  SSID , TSFDelta: 0x0, TXRate: 0
04-17 20:09:51.423  1603  2666 D LOWI-9.0.1.89.z: [LOWI-Scan] 
