04-17 20:09:35.661  1023  4427 D NxpTml  : PN54X - Invoking I2C Read.....
04-17 20:09:35.665  1023  4427 D NxpTml  : PN54X - I2C Read successful.....
04-17 20:09:35.665  1023  4427 D NxpNciR : len =   4 > 41040100
04-17 20:09:35.665  1023  4427 D NxpTml  : PN54X - Posting read message.....
04-17 20:09:35.665  1023  4431 D NxpHal  : read successful status = 0x0
04-17 20:09:35.674  1023  4427 D NxpTml  : PN54X - Read requested.....
04-17 20:09:35.674  1023  4427 D NxpTml  : PN54X - Invoking I2C Read.....
04-17 20:09:35.677  1023  4427 D NxpTml  : PN54X - I2C Read successful.....
04-17 20:09:35.677  1023  4427 D NxpNciR : len =  37 > 61052201020400FF010A040004B0E8A94D0120000000000D0C78777002595A52434F530300
04-17 20:09:35.677  1023  4427 D NxpTml  : PN54X - Posting read message.....
04-17 20:09:35.678  1023  4431 D NxpHal  : read successful status = 0x0
04-17 20:09:35.678  1023  4431 D NxpHal  : NxpNci: RF Interface = ISO-DEP
04-17 20:09:35.678  1023  4431 D NxpHal  : NxpNci: Protocol = ISO-DEP
04-17 20:09:35.678  1023  4431 D NxpHal  : NxpNci: Mode = A Passive Poll
04-17 20:09:35.678  1023  4431 D NfccPowerTracker: NfccPowerTracker::ProcessNtf: Enter
04-17 20:09:35.678  1023  4427 D NxpTml  : PN54X - Read requested.....
04-17 20:09:35.678  1023  4427 D NxpTml  : PN54X - Invoking I2C Read.....
04-17 20:09:35.678  1023  1023 D NfccPowerTracker: NfccPowerTracker::ProcessCmd: Enter, Received len :4
04-17 20:09:35.678  1023  4429 D NxpTml  : PN54X - Write requested.....
04-17 20:09:35.678  1023  4429 D NxpTml  : PN54X - Invoking I2C Write.....
04-17 20:09:35.679  1023  4429 D NxpNciX : len =   4 > 21060101
04-17 20:09:35.679  1023  4429 D NxpTml  : PN54X - I2C Write successful.....
04-17 20:09:35.679  1023  4429 D NxpTml  : PN54X - Posting Fresh Write message.....
04-17 20:09:35.679  1023  4429 D NxpTml  : PN54X - Tml Writer Thread Running................
04-17 20:09:35.679  1023  4431 D NxpHal  : write successful status = 0x0
04-17 20:09:35.682  1023  4427 D NxpTml  : PN54X - I2C Read successful.....
04-17 20:09:35.682  1023  4427 D NxpNciR : len =   4 > 41060100
04-17 20:09:35.682  1023  4427 D NxpTml  : PN54X - Posting read message.....
04-17 20:09:35.682  1023  4431 D NxpHal  : read successful status = 0x0
04-17 20:09:35.682  1023  4427 D NxpTml  : PN54X - Read requested.....
04-17 20:09:35.682  1023  4427 D NxpTml  : PN54X - Invoking I2C Read.....
04-17 20:09:35.685  1023  4427 D NxpTml  : PN54X - I2C Read successful.....
04-17 20:09:35.685  1023  4427 D NxpNciR : len =   5 > 6106020100
04-17 20:09:35.685  1023  4427 D NxpTml  : PN54X - Posting read message.....
04-17 20:09:35.685  1023  4431 D NxpHal  : read successful status = 0x0
04-17 20:09:35.685  1023  4431 D NfccPowerTracker: NfccPowerTracker::ProcessNtf: Enter
04-17 20:09:35.685  1023  4431 D NfccPowerTracker: mActiveDurationFromLastScreenUpdate: 71681
04-17 20:09:35.685  1023  1023 D NfccPowerTracker: NfccPowerTracker::ProcessCmd: Enter, Received len :6
04-17 20:09:35.685  1023  4427 D NxpTml  : PN54X - Read requested.....
04-17 20:09:35.685  1023  4427 D NxpTml  : PN54X - Invoking I2C Read.....
04-17 20:09:35.685  1023  4429 D NxpTml  : PN54X - Write requested.....
04-17 20:09:35.685  1023  4429 D NxpTml  : PN54X - Invoking I2C Write.....
04-17 20:09:35.686  1023  4429 D NxpNciX : len =   6 > 210403028080
04-17 20:09:35.686  1023  4429 D NxpTml  : PN54X - I2C Write successful.....
04-17 20:09:35.686  1023  4429 D NxpTml  : PN54X - Posting Fresh Write message.....
04-17 20:09:35.686  1023  4429 D NxpTml  : PN54X - Tml Writer Thread Running................
04-17 20:09:35.686  1023  4431 D NxpHal  : write successful status = 0x0
04-17 20:09:35.689  1023  4427 D NxpTml  : PN54X - I2C Read successful.....
04-17 20:09:35.689  1023  4427 D NxpNciR : len =   4 > 41040100
04-17 20:09:35.689  1023  4427 D NxpTml  : PN54X - Posting read message.....
04-17 20:09:35.689  1023  4431 D NxpHal  : read successful status = 0x0
04-17 20:09:35.689  1023  4427 D NxpTml  : PN54X - Read requested.....
04-17 20:09:35.689  1023  4427 D NxpTml  : PN54X - Invoking I2C Read.....
04-17 20:09:35.692  1092  1092 I vendor.zebra.hardware.health@1.0-service: getZebraHealthInfo
04-17 20:09:35.693  1023  4427 D NxpTml  : PN54X - I2C Read successful.....
04-17 20:09:35.693  1023  4427 D NxpNciR : len =  24 > 61051502808000FF010A040004B0E8A94D01080000000000
04-17 20:09:35.693  1023  4427 D NxpTml  : PN54X - Posting read message.....
04-17 20:09:35.693  1023  4431 D NxpHal  : read successful status = 0x0
04-17 20:09:35.693  1023  4431 D NxpHal  : NxpNci: RF Interface = Mifare Enable MifareExtns
04-17 20:09:35.693  1023  4431 D NxpHal  : NxpNci: RF Interface = MIFARE
04-17 20:09:35.693  1023  4431 D NxpHal  : NxpNci: Protocol = MIFARE
04-17 20:09:35.693  1023  4431 D NxpHal  : NxpNci: Mode = A Passive Poll
04-17 20:09:35.693  1023  4431 D NfccPowerTracker: NfccPowerTracker::ProcessNtf: Enter
04-17 20:09:35.694  3150  4551 I com.android.nfc: --- WEIRD: removing null entry 392
04-17 20:09:35.694  3150  4551 W com.android.nfc: JNI WARNING: DeleteGlobalRef(0x3102) failed to find entry
04-17 20:09:35.694  3562  3596 D com.zebra.valueadd.enfc.ENFCSettingsService: readSharedPreference : nfc_cpu_boost : false
04-17 20:09:35.694  3562  3596 D com.zebra.valueadd.enfc.ENFCSettingsService: readENFCPreference : nfc_cpu_boost : false
04-17 20:09:35.694  3150  3150 D EnterpriseNfcAdapter:  readENFCPreference : nfc_cpu_boost=false
04-17 20:09:35.695  1525  2141 D vibrator.VibratorManagerService: Starting vibrate for vibration 26
04-17 20:09:35.695  3150  9475 D NativeNfcTag: Starting background presence check
04-17 20:09:35.696  1525  4665 E BatteryService: The battery temperature is 25 and battery present is true ,not going for shutdown
04-17 20:09:35.697  1023  4427 D NxpTml  : PN54X - Read requested.....
04-17 20:09:35.697  1023  4427 D NxpTml  : PN54X - Invoking I2C Read.....
04-17 20:09:35.698  1079  1079 D vendor.qti.vibrator: Vibrator on for timeoutMs: 200
04-17 20:09:35.698  1079  9477 D vendor.qti.vibrator: Starting on on another thread
04-17 20:09:35.714  1178  1889 E PersistableBundle: Failed at frameworks/native/libs/binder/PersistableBundle.cpp:160 (erase)
04-17 20:09:35.734  1178  1889 E PersistableBundle: Failed at frameworks/native/libs/binder/PersistableBundle.cpp:160 (erase)
04-17 20:09:35.736  8134  8340 W NfcFlasher: SecurityException mid-transfer: Permission Denial: Tag ( ID: B0 E8 A9 4D ) is out of date
04-17 20:09:35.742  8134  8340 D StabilityLog: Logged: 2026-04-17T20:09:35,V3,isodep_forced,fail,577,0,tag_expired
04-17 20:09:35.750  1038  1322 W SDM     : RCIntfImpl::ValidateMaskLayer: Unsupported mask layer format RGBA_8888_UBWC (12) on layer(0l, 0ft, 1200fr, 36b).
04-17 20:09:35.751  1038  1322 W SDM     : RCIntfImpl::ValidateMaskLayer: Unsupported mask layer format RGBA_8888_UBWC (12) on layer(0l, 0ft, 1200fr, 36b).
04-17 20:09:35.751  1038  1322 W SDM     : DisplayBase::Commit: Failed to set the data on driver for display: 32-0, Error: -1, status: 0
04-17 20:09:35.771  1038  1322 W SDM     : DisplayBase::Commit: Failed to set the data on driver for display: 32-0, Error: -1, status: 0
04-17 20:09:35.774  1525  2141 D CoreBackPreview: Window{77c4f6c u0 Toast}: Setting back callback OnBackInvokedCallbackInfo{mCallback=android.window.IOnBackInvokedCallback$Stub$Proxy@3f79f3b, mPriority=0, mIsAnimationCallback=false}
04-17 20:09:35.774  2136  2136 W ndroid.systemui: type=1400 audit(0.0:475): avc:  denied  { read } for  name="u:object_r:vendor_display_prop:s0" dev="tmpfs" ino=2980 scontext=u:r:platform_app:s0:c512,c768 tcontext=u:object_r:vendor_display_prop:s0 tclass=file permissive=0 app=com.android.systemui
04-17 20:09:35.780  1184  1184 W Layer   : gatherBufferInfo: Received unknown dataspace from gralloc
04-17 20:09:35.780  1184  1184 W Layer   : gatherBufferInfo: Received unknown dataspace from gralloc
04-17 20:09:35.784  2136  2136 W libc    : Access denied finding property "vendor.display.enable_optimal_refresh_rate"
04-17 20:09:35.786  2136  2195 E OpenGLRenderer: Unable to match the desired swap behavior.
04-17 20:09:35.787  1038  1322 W SDM     : RCIntfImpl::ValidateMaskLayer: Unsupported mask layer format RGBA_8888_UBWC (12) on layer(0l, 0ft, 1200fr, 36b).
04-17 20:09:35.787  1038  1322 W SDM     : RCIntfImpl::ValidateMaskLayer: Unsupported mask layer format RGBA_8888_UBWC (12) on layer(0l, 0ft, 1200fr, 36b).
04-17 20:09:35.792  1038  1322 W SDM     : DisplayBase::Commit: Failed to set the data on driver for display: 32-0, Error: -1, status: 0
04-17 20:09:35.798  2136  2649 W libc    : Access denied finding property "vendor.torch.protection"
04-17 20:09:35.812  1184  1184 W Layer   : gatherBufferInfo: Received unknown dataspace from gralloc
04-17 20:09:35.812  1184  1184 W Layer   : gatherBufferInfo: Received unknown dataspace from gralloc
04-17 20:09:35.819  1038  1322 W SDM     : RCIntfImpl::ValidateMaskLayer: Unsupported mask layer format RGBA_8888_UBWC (12) on layer(0l, 0ft, 1200fr, 36b).
04-17 20:09:35.819  1038  1322 W SDM     : RCIntfImpl::ValidateMaskLayer: Unsupported mask layer format RGBA_8888_UBWC (12) on layer(0l, 0ft, 1200fr, 36b).
04-17 20:09:35.827  1038  1322 W SDM     : DisplayBase::Commit: Failed to set the data on driver for display: 32-0, Error: -1, status: 0
04-17 20:09:35.846  1184  1184 W Layer   : gatherBufferInfo: Received unknown dataspace from gralloc
04-17 20:09:35.846  1184  1184 W Layer   : gatherBufferInfo: Received unknown dataspace from gralloc
04-17 20:09:35.850  1038  1322 W SDM     : RCIntfImpl::ValidateMaskLayer: Unsupported mask layer format RGBA_8888_UBWC (12) on layer(0l, 0ft, 1200fr, 36b).
04-17 20:09:35.850  1038  1322 W SDM     : RCIntfImpl::ValidateMaskLayer: Unsupported mask layer format RGBA_8888_UBWC (12) on layer(0l, 0ft, 1200fr, 36b).
04-17 20:09:35.856  1038  1322 W SDM     : DisplayBase::Commit: Failed to set the data on driver for display: 32-0, Error: -1, status: 0
04-17 20:09:35.867  1184  1184 W Layer   : gatherBufferInfo: Received unknown dataspace from gralloc
04-17 20:09:35.867  1184  1184 W Layer   : gatherBufferInfo: Received unknown dataspace from gralloc
04-17 20:09:35.870  1038  1322 W SDM     : RCIntfImpl::ValidateMaskLayer: Unsupported mask layer format RGBA_8888_UBWC (12) on layer(0l, 0ft, 1200fr, 36b).
04-17 20:09:35.870  1038  1322 W SDM     : RCIntfImpl::ValidateMaskLayer: Unsupported mask layer format RGBA_8888_UBWC (12) on layer(0l, 0ft, 1200fr, 36b).
04-17 20:09:35.879  1038  1322 W SDM     : DisplayBase::Commit: Failed to set the data on driver for display: 32-0, Error: -1, status: 0
04-17 20:09:35.896  1184  1184 W Layer   : gatherBufferInfo: Received unknown dataspace from gralloc
04-17 20:09:35.896  1184  1184 W Layer   : gatherBufferInfo: Received unknown dataspace from gralloc
04-17 20:09:35.897  1525  1998 D vibrator.VibratorManagerService: Vibration 26 finished with EndInfo{status=FINISHED, endedBy=null}
04-17 20:09:35.897  1525  1998 D vibrator.VibratorManagerService: Reporting vibration 26 finished with EndInfo{status=FINISHED, endedBy=null}
04-17 20:09:35.897  1525  1998 D vibrator.VibratorManagerService: Vibration for uid=1027 and with attrs=VibrationAttributes: Usage=HARDWARE_FEEDBACK Audio Usage= USAGE_UNKNOWN Flags=0 ended with status FINISHED
04-17 20:09:35.898  1079  9477 D vendor.qti.vibrator: Notifying on complete
04-17 20:09:35.899  1525  2141 D vibrator.VibratorManagerService: Vibration 26 on vibrator 0 complete, notifying thread
04-17 20:09:35.899  1079  1079 D vendor.qti.vibrator: QTI Vibrator off
04-17 20:09:35.899  1038  1322 W SDM     : RCIntfImpl::ValidateMaskLayer: Unsupported mask layer format RGBA_8888_UBWC (12) on layer(0l, 0ft, 1200fr, 36b).
04-17 20:09:35.899  1038  1322 W SDM     : RCIntfImpl::ValidateMaskLayer: Unsupported mask layer format RGBA_8888_UBWC (12) on layer(0l, 0ft, 1200fr, 36b).
04-17 20:09:35.900  1525  1998 D vibrator.VibratorManagerService: VibrationThread released after finished vibration
04-17 20:09:35.900  1525  1998 D vibrator.VibratorManagerService: Processing VibrationThread released callback
04-17 20:09:35.906  1038  1322 W SDM     : DisplayBase::Commit: Failed to set the data on driver for display: 32-0, Error: -1, status: 0
04-17 20:09:35.915  1184  1184 W Layer   : gatherBufferInfo: Received unknown dataspace from gralloc
04-17 20:09:35.916  1184  1184 W Layer   : gatherBufferInfo: Received unknown dataspace from gralloc
04-17 20:09:35.919  1038  1322 W SDM     : RCIntfImpl::ValidateMaskLayer: Unsupported mask layer format RGBA_8888_UBWC (12) on layer(0l, 0ft, 1200fr, 36b).
04-17 20:09:35.919  1038  1322 W SDM     : RCIntfImpl::ValidateMaskLayer: Unsupported mask layer format RGBA_8888_UBWC (12) on layer(0l, 0ft, 1200fr, 36b).
04-17 20:09:35.927  1038  1322 W SDM     : DisplayBase::Commit: Failed to set the data on driver for display: 32-0, Error: -1, status: 0
04-17 20:09:35.946  1184  1184 W Layer   : gatherBufferInfo: Received unknown dataspace from gralloc
04-17 20:09:35.947  1184  1184 W Layer   : gatherBufferInfo: Received unknown dataspace from gralloc
04-17 20:09:35.951  1038  1322 W SDM     : RCIntfImpl::ValidateMaskLayer: Unsupported mask layer format RGBA_8888_UBWC (12) on layer(0l, 0ft, 1200fr, 36b).
04-17 20:09:35.951  1038  1322 W SDM     : RCIntfImpl::ValidateMaskLayer: Unsupported mask layer format RGBA_8888_UBWC (12) on layer(0l, 0ft, 1200fr, 36b).
04-17 20:09:35.957  1038  1322 W SDM     : DisplayBase::Commit: Failed to set the data on driver for display: 32-0, Error: -1, status: 0
04-17 20:09:35.979  1184  1184 W Layer   : gatherBufferInfo: Received unknown dataspace from gralloc
04-17 20:09:35.979  1184  1184 W Layer   : gatherBufferInfo: Received unknown dataspace from gralloc
04-17 20:09:35.982  1038  1322 W SDM     : RCIntfImpl::ValidateMaskLayer: Unsupported mask layer format RGBA_8888_UBWC (12) on layer(0l, 0ft, 1200fr, 36b).
04-17 20:09:35.983  1038  1322 W SDM     : RCIntfImpl::ValidateMaskLayer: Unsupported mask layer format RGBA_8888_UBWC (12) on layer(0l, 0ft, 1200fr, 36b).
04-17 20:09:35.989  1038  1322 W SDM     : DisplayBase::Commit: Failed to set the data on driver for display: 32-0, Error: -1, status: 0
04-17 20:09:35.999  1184  1184 W Layer   : gatherBufferInfo: Received unknown dataspace from gralloc
04-17 20:09:36.000  1184  1184 W Layer   : gatherBufferInfo: Received unknown dataspace from gralloc
04-17 20:09:36.003  1038  1322 W SDM     : RCIntfImpl::ValidateMaskLayer: Unsupported mask layer format RGBA_8888_UBWC (12) on layer(0l, 0ft, 1200fr, 36b).
04-17 20:09:36.003  1038  1322 W SDM     : RCIntfImpl::ValidateMaskLayer: Unsupported mask layer format RGBA_8888_UBWC (12) on layer(0l, 0ft, 1200fr, 36b).
04-17 20:09:36.011  1038  1322 W SDM     : DisplayBase::Commit: Failed to set the data on driver for display: 32-0, Error: -1, status: 0
04-17 20:09:36.029  1184  1184 W Layer   : gatherBufferInfo: Received unknown dataspace from gralloc
04-17 20:09:36.029  1184  1184 W Layer   : gatherBufferInfo: Received unknown dataspace from gralloc
04-17 20:09:36.032  1038  1322 W SDM     : RCIntfImpl::ValidateMaskLayer: Unsupported mask layer format RGBA_8888_UBWC (12) on layer(0l, 0ft, 1200fr, 36b).
04-17 20:09:36.032  1038  1322 W SDM     : RCIntfImpl::ValidateMaskLayer: Unsupported mask layer format RGBA_8888_UBWC (12) on layer(0l, 0ft, 1200fr, 36b).
04-17 20:09:36.039  1038  1322 W SDM     : DisplayBase::Commit: Failed to set the data on driver for display: 32-0, Error: -1, status: 0
04-17 20:09:36.049  1184  1184 W Layer   : gatherBufferInfo: Received unknown dataspace from gralloc
04-17 20:09:36.049  1184  1184 W Layer   : gatherBufferInfo: Received unknown dataspace from gralloc
04-17 20:09:36.053  1038  1322 W SDM     : RCIntfImpl::ValidateMaskLayer: Unsupported mask layer format RGBA_8888_UBWC (12) on layer(0l, 0ft, 1200fr, 36b).
04-17 20:09:36.054  1038  1322 W SDM     : RCIntfImpl::ValidateMaskLayer: Unsupported mask layer format RGBA_8888_UBWC (12) on layer(0l, 0ft, 1200fr, 36b).
04-17 20:09:36.061  1038  1322 W SDM     : DisplayBase::Commit: Failed to set the data on driver for display: 32-0, Error: -1, status: 0
04-17 20:09:36.079  1184  1184 W Layer   : gatherBufferInfo: Received unknown dataspace from gralloc
04-17 20:09:36.079  1184  1184 W Layer   : gatherBufferInfo: Received unknown dataspace from gralloc
04-17 20:09:36.082  1038  1322 W SDM     : RCIntfImpl::ValidateMaskLayer: Unsupported mask layer format RGBA_8888_UBWC (12) on layer(0l, 0ft, 1200fr, 36b).
04-17 20:09:36.083  1038  1322 W SDM     : RCIntfImpl::ValidateMaskLayer: Unsupported mask layer format RGBA_8888_UBWC (12) on layer(0l, 0ft, 1200fr, 36b).
04-17 20:09:36.089  1038  1322 W SDM     : DisplayBase::Commit: Failed to set the data on driver for display: 32-0, Error: -1, status: 0
04-17 20:09:36.099  1184  1184 W Layer   : gatherBufferInfo: Received unknown dataspace from gralloc
04-17 20:09:36.099  1184  1184 W Layer   : gatherBufferInfo: Received unknown dataspace from gralloc
04-17 20:09:36.102  1038  1322 W SDM     : RCIntfImpl::ValidateMaskLayer: Unsupported mask layer format RGBA_8888_UBWC (12) on layer(0l, 0ft, 1200fr, 36b).
04-17 20:09:36.103  1038  1322 W SDM     : RCIntfImpl::ValidateMaskLayer: Unsupported mask layer format RGBA_8888_UBWC (12) on layer(0l, 0ft, 1200fr, 36b).
04-17 20:09:36.110  1038  1322 W SDM     : DisplayBase::Commit: Failed to set the data on driver for display: 32-0, Error: -1, status: 0
04-17 20:09:36.128  1184  1184 W Layer   : gatherBufferInfo: Received unknown dataspace from gralloc
04-17 20:09:36.129  1184  1184 W Layer   : gatherBufferInfo: Received unknown dataspace from gralloc
04-17 20:09:36.132  1038  1322 W SDM     : RCIntfImpl::ValidateMaskLayer: Unsupported mask layer format RGBA_8888_UBWC (12) on layer(0l, 0ft, 1200fr, 36b).
04-17 20:09:36.132  1038  1322 W SDM     : RCIntfImpl::ValidateMaskLayer: Unsupported mask layer format RGBA_8888_UBWC (12) on layer(0l, 0ft, 1200fr, 36b).
04-17 20:09:36.139  1038  1322 W SDM     : DisplayBase::Commit: Failed to set the data on driver for display: 32-0, Error: -1, status: 0
04-17 20:09:36.149  1184  1184 W Layer   : gatherBufferInfo: Received unknown dataspace from gralloc
04-17 20:09:36.150  1184  1184 W Layer   : gatherBufferInfo: Received unknown dataspace from gralloc
04-17 20:09:36.154  1038  1322 W SDM     : RCIntfImpl::ValidateMaskLayer: Unsupported mask layer format RGBA_8888_UBWC (12) on layer(0l, 0ft, 1200fr, 36b).
04-17 20:09:36.154  1038  1322 W SDM     : RCIntfImpl::ValidateMaskLayer: Unsupported mask layer format RGBA_8888_UBWC (12) on layer(0l, 0ft, 1200fr, 36b).
04-17 20:09:36.161  1038  1322 W SDM     : DisplayBase::Commit: Failed to set the data on driver for display: 32-0, Error: -1, status: 0
04-17 20:09:36.179  1184  1184 W Layer   : gatherBufferInfo: Received unknown dataspace from gralloc
04-17 20:09:36.179  1184  1184 W Layer   : gatherBufferInfo: Received unknown dataspace from gralloc
04-17 20:09:36.183  1038  1322 W SDM     : RCIntfImpl::ValidateMaskLayer: Unsupported mask layer format RGBA_8888_UBWC (12) on layer(0l, 0ft, 1200fr, 36b).
04-17 20:09:36.183  1038  1322 W SDM     : RCIntfImpl::ValidateMaskLayer: Unsupported mask layer format RGBA_8888_UBWC (12) on layer(0l, 0ft, 1200fr, 36b).
04-17 20:09:36.189  1038  1322 W SDM     : DisplayBase::Commit: Failed to set the data on driver for display: 32-0, Error: -1, status: 0
04-17 20:09:36.237  1474  2175 D BufferPoolAccessor2.0: bufferpool2 0xb4000074f388cda8 : 0(0 size) total buffers - 0(0 size) used buffers - 0/22 (recycle/alloc) - 22/22 (fetch/transfer)
04-17 20:09:36.237  1474  2175 D BufferPoolAccessor2.0: evictor expired: 1, evicted: 1
04-17 20:09:36.297  1038  1322 W SDM     : RCIntfImpl::ValidateMaskLayer: Unsupported mask layer format RGBA_8888_UBWC (12) on layer(0l, 0ft, 1200fr, 36b).
04-17 20:09:36.297  1038  1322 W SDM     : RCIntfImpl::ValidateMaskLayer: Unsupported mask layer format RGBA_8888_UBWC (12) on layer(0l, 0ft, 1200fr, 36b).
04-17 20:09:36.305  1038  1322 W SDM     : DisplayBase::Commit: Failed to set the data on driver for display: 32-0, Error: -1, status: 0
04-17 20:09:36.694  1178  1889 D audioserver: FGS Logger Transaction failed
04-17 20:09:36.694  1178  1889 D audioserver: -129
04-17 20:09:36.817  1474  9466 D BufferPoolAccessor2.0: bufferpool2 0xb4000074f388bfc8 : 43(77670 size) total buffers - 1(426 size) used buffers - 3/46 (recycle/alloc) - 43/45 (fetch/transfer)
04-17 20:09:38.113  1184  1184 W Layer   : gatherBufferInfo: Received unknown dataspace from gralloc
04-17 20:09:38.113  1184  1184 W Layer   : gatherBufferInfo: Received unknown dataspace from gralloc
04-17 20:09:38.117  1038  1322 W SDM     : RCIntfImpl::ValidateMaskLayer: Unsupported mask layer format RGBA_8888_UBWC (12) on layer(0l, 0ft, 1200fr, 36b).
04-17 20:09:38.117  1038  1322 W SDM     : RCIntfImpl::ValidateMaskLayer: Unsupported mask layer format RGBA_8888_UBWC (12) on layer(0l, 0ft, 1200fr, 36b).
04-17 20:09:38.119  1038  1322 W SDM     : DisplayBase::Commit: Failed to set the data on driver for display: 32-0, Error: -1, status: 0
04-17 20:09:38.130  1184  1184 W Layer   : gatherBufferInfo: Received unknown dataspace from gralloc
04-17 20:09:38.130  1184  1184 W Layer   : gatherBufferInfo: Received unknown dataspace from gralloc
04-17 20:09:38.134  1038  1322 W SDM     : DisplayBase::Commit: Failed to set the data on driver for display: 32-0, Error: -1, status: 0
04-17 20:09:38.146  1184  1184 W Layer   : gatherBufferInfo: Received unknown dataspace from gralloc
04-17 20:09:38.146  1184  1184 W Layer   : gatherBufferInfo: Received unknown dataspace from gralloc
04-17 20:09:38.149  1038  1322 W SDM     : DisplayBase::Commit: Failed to set the data on driver for display: 32-0, Error: -1, status: 0
04-17 20:09:38.162  1184  1184 W Layer   : gatherBufferInfo: Received unknown dataspace from gralloc
04-17 20:09:38.162  1184  1184 W Layer   : gatherBufferInfo: Received unknown dataspace from gralloc
04-17 20:09:38.165  1038  1322 W SDM     : DisplayBase::Commit: Failed to set the data on driver for display: 32-0, Error: -1, status: 0
04-17 20:09:38.179  1184  1184 W Layer   : gatherBufferInfo: Received unknown dataspace from gralloc
04-17 20:09:38.179  1184  1184 W Layer   : gatherBufferInfo: Received unknown dataspace from gralloc
04-17 20:09:38.182  1038  1322 W SDM     : DisplayBase::Commit: Failed to set the data on driver for display: 32-0, Error: -1, status: 0
04-17 20:09:38.197  1184  1184 W Layer   : gatherBufferInfo: Received unknown dataspace from gralloc
04-17 20:09:38.197  1184  1184 W Layer   : gatherBufferInfo: Received unknown dataspace from gralloc
04-17 20:09:38.200  1038  1322 W SDM     : DisplayBase::Commit: Failed to set the data on driver for display: 32-0, Error: -1, status: 0
04-17 20:09:38.212  1184  1184 W Layer   : gatherBufferInfo: Received unknown dataspace from gralloc
04-17 20:09:38.212  1184  1184 W Layer   : gatherBufferInfo: Received unknown dataspace from gralloc
04-17 20:09:38.216  1038  1322 W SDM     : DisplayBase::Commit: Failed to set the data on driver for display: 32-0, Error: -1, status: 0
04-17 20:09:38.229  1184  1184 W Layer   : gatherBufferInfo: Received unknown dataspace from gralloc
04-17 20:09:38.229  1184  1184 W Layer   : gatherBufferInfo: Received unknown dataspace from gralloc
04-17 20:09:38.232  1038  1322 W SDM     : DisplayBase::Commit: Failed to set the data on driver for display: 32-0, Error: -1, status: 0
04-17 20:09:38.244  6184  7059 I PlayCommon: [91] Preparing logs for uploading
04-17 20:09:38.245  1184  1184 W Layer   : gatherBufferInfo: Received unknown dataspace from gralloc
04-17 20:09:38.245  1184  1184 W Layer   : gatherBufferInfo: Received unknown dataspace from gralloc
04-17 20:09:38.246  6184  7059 I PlayCommon: [91] Connecting to server for timestamp: https://play.googleapis.com/play/log/timestamp
04-17 20:09:38.249  1038  1322 W SDM     : DisplayBase::Commit: Failed to set the data on driver for display: 32-0, Error: -1, status: 0
04-17 20:09:38.252  6184  7059 E PlayCommon: [91] Failed to connect to server for server timestamp: java.net.UnknownHostException: Unable to resolve host "play.googleapis.com": No address associated with hostname
04-17 20:09:38.256  1525  4140 D ActivityManager: com.google.android.gms is skipped freeze by freezeAppAsyncInternalLSP
04-17 20:09:38.260  1525  2040 E WifiScoringParams: Invalid frequency(-1), using 5G as default rssi array
04-17 20:09:38.262  1184  1184 W Layer   : gatherBufferInfo: Received unknown dataspace from gralloc
04-17 20:09:38.262  1184  1184 W Layer   : gatherBufferInfo: Received unknown dataspace from gralloc
04-17 20:09:38.265  1038  1322 W SDM     : DisplayBase::Commit: Failed to set the data on driver for display: 32-0, Error: -1, status: 0
04-17 20:09:38.268  1525  2141 D ActivityManager: com.google.android.gms is skipped freeze by freezeAppAsyncInternalLSP
04-17 20:09:38.273  1525  2046 I FUSIONNATIVE: getFusionWifiHAL: Fusion AIDL service available!
04-17 20:09:38.274  1449  1449 I fusionconfd: getVoiceCallState: returns 0
04-17 20:09:38.274  1091  1091 I vendor.zebra.fusion_aidl-service:  getParam: VOICE_CALL_IN_PROGRESS:  0
04-17 20:09:38.275  1091  1091 I vendor.zebra.fusion_aidl-service:  getParam: allow_zebra_app_scans 0
04-17 20:09:38.278  3365  3421 W DeviceStateUtils: Active network is null
04-17 20:09:38.278  1184  1184 W Layer   : gatherBufferInfo: Received unknown dataspace from gralloc
04-17 20:09:38.278  1184  1184 W Layer   : gatherBufferInfo: Received unknown dataspace from gralloc
04-17 20:09:38.278  3365  3421 W Auth    : [TokenResponseCallback] TokenResponse failed with exception [CONTEXT service_id=343 ]
04-17 20:09:38.278  3365  3421 W Auth    : csad: Failed to process request
04-17 20:09:38.278  3365  3421 W Auth    : 	at csak.a(:com.google.android.gms@260632029@26.06.32 (190400-869789857):23)
04-17 20:09:38.278  3365  3421 W Auth    : 	at cseh.b(:com.google.android.gms@260632029@26.06.32 (190400-869789857):15)
04-17 20:09:38.278  3365  3421 W Auth    : 	at csdg.a(:com.google.android.gms@260632029@26.06.32 (190400-869789857):82)
04-17 20:09:38.278  3365  3421 W Auth    : 	at krp.a(:com.google.android.gms@260632029@26.06.32 (190400-869789857):19)
04-17 20:09:38.278  3365  3421 W Auth    : 	at csdn.a(:com.google.android.gms@260632029@26.06.32 (190400-869789857):6)
04-17 20:09:38.278  3365  3421 W Auth    : 	at bwfv.a(:com.google.android.gms@260632029@26.06.32 (190400-869789857):9)
04-17 20:09:38.278  3365  3421 W Auth    : 	at aepw.b(:com.google.android.gms@260632029@26.06.32 (190400-869789857):13)
04-17 20:09:38.278  3365  3421 W Auth    : 	at aepw.a(:com.google.android.gms@260632029@26.06.32 (190400-869789857):135)
04-17 20:09:38.278  3365  3421 W Auth    : 	at amwf.b(:com.google.android.gms@260632029@26.06.32 (190400-869789857):28)
04-17 20:09:38.278  3365  3421 W Auth    : 	at aflk.d(:com.google.android.gms@260632029@26.06.32 (190400-869789857):170)
04-17 20:09:38.278  3365  3421 W Auth    : 	at aflk.b(:com.google.android.gms@260632029@26.06.32 (190400-869789857):48)
04-17 20:09:38.278  3365  3421 W Auth    : 	at afli.a(:com.google.android.gms@260632029@26.06.32 (190400-869789857):744)
04-17 20:09:38.278  3365  3421 W Auth    : 	at aflh.b(:com.google.android.gms@260632029@26.06.32 (190400-869789857):142)
04-17 20:09:38.278  3365  3421 W Auth    : 	at ywt.d(:com.google.android.gms@260632029@26.06.32 (190400-869789857):662)
04-17 20:09:38.278  3365  3421 W Auth    : 	at afer.getAuthToken(:com.google.android.gms@260632029@26.06.32 (190400-869789857):411)
04-17 20:09:38.278  3365  3421 W Auth    : 	at android.accounts.AbstractAccountAuthenticator$Transport.getAuthToken(AbstractAccountAuthenticator.java:251)
04-17 20:09:38.278  3365  3421 W Auth    : 	at android.accounts.IAccountAuthenticator$Stub.onTransact(IAccountAuthenticator.java:253)
04-17 20:09:38.278  3365  3421 W Auth    : 	at android.os.Binder.transact(Binder.java:1183)
04-17 20:09:38.278  3365  3421 W Auth    : 	at chyr.onTransact(:com.google.android.gms@260632029@26.06.32 (190400-869789857):10)
04-17 20:09:38.278  3365  3421 W Auth    : 	at android.os.Binder.transact(Binder.java:1183)
04-17 20:09:38.278  3365  3421 W Auth    : 	at bwjq.onTransact(:com.google.android.gms@260632029@26.06.32 (190400-869789857):161)
04-17 20:09:38.278  3365  3421 W Auth    : 	at android.os.Binder.execTransactInternal(Binder.java:1344)
04-17 20:09:38.278  3365  3421 W Auth    : 	at android.os.Binder.execTransact(Binder.java:1275)
04-17 20:09:38.278  3365  3421 W Auth    : Caused by: csdj: Connectivity error
04-17 20:09:38.278  3365  3421 W Auth    : 	at csdg.a(:com.google.android.gms@260632029@26.06.32 (190400-869789857):76)
04-17 20:09:38.278  3365  3421 W Auth    : 	... 20 more
04-17 20:09:38.278  3365  3421 W Auth    : Caused by: java.io.IOException
04-17 20:09:38.278  3365  3421 W Auth    : 	at csdg.a(:com.google.android.gms@260632029@26.06.32 (190400-869789857):73)
04-17 20:09:38.278  3365  3421 W Auth    : 	... 20 more
04-17 20:09:38.280  1038  1322 W SDM     : DisplayBase::Commit: Failed to set the data on driver for display: 32-0, Error: -1, status: 0
04-17 20:09:38.280  3365  3421 E AuthPII : [RequestTokenManager] getToken() -> NETWORK_ERROR. App: com.android.vending, Service: oauth2:https://www.googleapis.com/auth/googleplay
04-17 20:09:38.280  3365  3421 E AuthPII : begw: Error when calling server using GmsNetworkStack.
04-17 20:09:38.280  3365  3421 E AuthPII : 	at aflk.b(:com.google.android.gms@260632029@26.06.32 (190400-869789857):1606)
04-17 20:09:38.280  3365  3421 E AuthPII : 	at afli.a(:com.google.android.gms@260632029@26.06.32 (190400-869789857):744)
04-17 20:09:38.280  3365  3421 E AuthPII : 	at aflh.b(:com.google.android.gms@260632029@26.06.32 (190400-869789857):142)
04-17 20:09:38.280  3365  3421 E AuthPII : 	at ywt.d(:com.google.android.gms@260632029@26.06.32 (190400-869789857):662)
04-17 20:09:38.280  3365  3421 E AuthPII : 	at afer.getAuthToken(:com.google.android.gms@260632029@26.06.32 (190400-869789857):411)
04-17 20:09:38.280  3365  3421 E AuthPII : 	at android.accounts.AbstractAccountAuthenticator$Transport.getAuthToken(AbstractAccountAuthenticator.java:251)
04-17 20:09:38.280  3365  3421 E AuthPII : 	at android.accounts.IAccountAuthenticator$Stub.onTransact(IAccountAuthenticator.java:253)
04-17 20:09:38.280  3365  3421 E AuthPII : 	at android.os.Binder.transact(Binder.java:1183)
04-17 20:09:38.280  3365  3421 E AuthPII : 	at chyr.onTransact(:com.google.android.gms@260632029@26.06.32 (190400-869789857):10)
04-17 20:09:38.280  3365  3421 E AuthPII : 	at android.os.Binder.transact(Binder.java:1183)
04-17 20:09:38.280  3365  3421 E AuthPII : 	at bwjq.onTransact(:com.google.android.gms@260632029@26.06.32 (190400-869789857):161)
04-17 20:09:38.280  3365  3421 E AuthPII : 	at android.os.Binder.execTransactInternal(Binder.java:1344)
04-17 20:09:38.280  3365  3421 E AuthPII : 	at android.os.Binder.execTransact(Binder.java:1275)
04-17 20:09:38.280  3365  3421 E AuthPII : Caused by: begw: Error requesting token.
04-17 20:09:38.280  3365  3421 E AuthPII : 	at aflk.d(:com.google.android.gms@260632029@26.06.32 (190400-869789857):212)
04-17 20:09:38.280  3365  3421 E AuthPII : 	at aflk.b(:com.google.android.gms@260632029@26.06.32 (190400-869789857):48)
04-17 20:09:38.280  3365  3421 E AuthPII : 	... 12 more
04-17 20:09:38.280  3365  3421 E AuthPII : Caused by: java.util.concurrent.ExecutionException: csad: Failed to process request
04-17 20:09:38.280  3365  3421 E AuthPII : 	at gxuz.j(:com.google.android.gms@260632029@26.06.32 (190400-869789857):21)
04-17 20:09:38.280  3365  3421 E AuthPII : 	at gxvi.v(:com.google.android.gms@260632029@26.06.32 (190400-869789857):107)
04-17 20:09:38.280  3365  3421 E AuthPII : 	at aflk.d(:com.google.android.gms@260632029@26.06.32 (190400-869789857):197)
04-17 20:09:38.280  3365  3421 E AuthPII : 	... 13 more
04-17 20:09:38.280  3365  3421 E AuthPII : Caused by: csad: Failed to process request
04-17 20:09:38.280  3365  3421 E AuthPII : 	at csak.a(:com.google.android.gms@260632029@26.06.32 (190400-869789857):23)
04-17 20:09:38.280  3365  3421 E AuthPII : 	at cseh.b(:com.google.android.gms@260632029@26.06.32 (190400-869789857):15)
04-17 20:09:38.280  3365  3421 E AuthPII : 	at csdg.a(:com.google.android.gms@260632029@26.06.32 (190400-869789857):82)
04-17 20:09:38.280  3365  3421 E AuthPII : 	at krp.a(:com.google.android.gms@260632029@26.06.32 (190400-869789857):19)
04-17 20:09:38.280  3365  3421 E AuthPII : 	at csdn.a(:com.google.android.gms@260632029@26.06.32 (190400-869789857):6)
04-17 20:09:38.280  3365  3421 E AuthPII : 	at bwfv.a(:com.google.android.gms@260632029@26.06.32 (190400-869789857):9)
04-17 20:09:38.280  3365  3421 E AuthPII : 	at aepw.b(:com.google.android.gms@260632029@26.06.32 (190400-869789857):13)
04-17 20:09:38.280  3365  3421 E AuthPII : 	at aepw.a(:com.google.android.gms@260632029@26.06.32 (190400-869789857):135)
04-17 20:09:38.280  3365  3421 E AuthPII : 	at amwf.b(:com.google.android.gms@260632029@26.06.32 (190400-869789857):28)
04-17 20:09:38.280  3365  3421 E AuthPII : 	at aflk.d(:com.google.android.gms@260632029@26.06.32 (190400-869789857):170)
04-17 20:09:38.280  3365  3421 E AuthPII : 	... 13 more
04-17 20:09:38.280  3365  3421 E AuthPII : Caused by: csdj: Connectivity error
04-17 20:09:38.280  3365  3421 E AuthPII : 	at csdg.a(:com.google.android.gms@260632029@26.06.32 (190400-869789857):76)
04-17 20:09:38.280  3365  3421 E AuthPII : 	... 20 more
04-17 20:09:38.280  3365  3421 E AuthPII : Caused by: java.io.IOException
04-17 20:09:38.280  3365  3421 E AuthPII : 	at csdg.a(:com.google.android.gms@260632029@26.06.32 (190400-869789857):73)
04-17 20:09:38.280  3365  3421 E AuthPII : 	... 20 more
04-17 20:09:38.281  3365  3421 E AuthPII : Message is Error when calling server using GmsNetworkStack.
04-17 20:09:38.281  3365  3421 E AuthPII : begw: Error when calling server using GmsNetworkStack.
04-17 20:09:38.281  3365  3421 E AuthPII : 	at aflk.b(:com.google.android.gms@260632029@26.06.32 (190400-869789857):1606)
04-17 20:09:38.281  3365  3421 E AuthPII : 	at afli.a(:com.google.android.gms@260632029@26.06.32 (190400-869789857):744)
04-17 20:09:38.281  3365  3421 E AuthPII : 	at aflh.b(:com.google.android.gms@260632029@26.06.32 (190400-869789857):142)
04-17 20:09:38.281  3365  3421 E AuthPII : 	at ywt.d(:com.google.android.gms@260632029@26.06.32 (190400-869789857):662)
04-17 20:09:38.281  3365  3421 E AuthPII : 	at afer.getAuthToken(:com.google.android.gms@260632029@26.06.32 (190400-869789857):411)
04-17 20:09:38.281  3365  3421 E AuthPII : 	at android.accounts.AbstractAccountAuthenticator$Transport.getAuthToken(AbstractAccountAuthenticator.java:251)
04-17 20:09:38.281  3365  3421 E AuthPII : 	at android.accounts.IAccountAuthenticator$Stub.onTransact(IAccountAuthenticator.java:253)
04-17 20:09:38.281  3365  3421 E AuthPII : 	at android.os.Binder.transact(Binder.java:1183)
04-17 20:09:38.281  3365  3421 E AuthPII : 	at chyr.onTransact(:com.google.android.gms@260632029@26.06.32 (190400-869789857):10)
04-17 20:09:38.281  3365  3421 E AuthPII : 	at android.os.Binder.transact(Binder.java:1183)
04-17 20:09:38.281  3365  3421 E AuthPII : 	at bwjq.onTransact(:com.google.android.gms@260632029@26.06.32 (190400-869789857):161)
04-17 20:09:38.281  3365  3421 E AuthPII : 	at android.os.Binder.execTransactInternal(Binder.java:1344)
04-17 20:09:38.281  3365  3421 E AuthPII : 	at android.os.Binder.execTransact(Binder.java:1275)
04-17 20:09:38.281  3365  3421 E AuthPII : Caused by: begw: Error requesting token.
04-17 20:09:38.281  3365  3421 E AuthPII : 	at aflk.d(:com.google.android.gms@260632029@26.06.32 (190400-869789857):212)
04-17 20:09:38.281  3365  3421 E AuthPII : 	at aflk.b(:com.google.android.gms@260632029@26.06.32 (190400-869789857):48)
04-17 20:09:38.281  3365  3421 E AuthPII : 	... 12 more
04-17 20:09:38.281  3365  3421 E AuthPII : Caused by: java.util.concurrent.ExecutionException: csad: Failed to process request
04-17 20:09:38.281  3365  3421 E AuthPII : 	at gxuz.j(:com.google.android.gms@260632029@26.06.32 (190400-869789857):21)
04-17 20:09:38.281  3365  3421 E AuthPII : 	at gxvi.v(:com.google.android.gms@260632029@26.06.32 (190400-869789857):107)
04-17 20:09:38.281  3365  3421 E AuthPII : 	at aflk.d(:com.google.android.gms@260632029@26.06.32 (190400-869789857):197)
04-17 20:09:38.281  3365  3421 E AuthPII : 	... 13 more
04-17 20:09:38.281  3365  3421 E AuthPII : Caused by: csad: Failed to process request
04-17 20:09:38.281  3365  3421 E AuthPII : 	at csak.a(:com.google.android.gms@260632029@26.06.32 (190400-869789857):23)
04-17 20:09:38.281  3365  3421 E AuthPII : 	at cseh.b(:com.google.android.gms@260632029@26.06.32 (190400-869789857):15)
04-17 20:09:38.281  3365  3421 E AuthPII : 	at csdg.a(:com.google.android.gms@260632029@26.06.32 (190400-869789857):82)
04-17 20:09:38.281  3365  3421 E AuthPII : 	at krp.a(:com.google.android.gms@260632029@26.06.32 (190400-869789857):19)
04-17 20:09:38.281  3365  3421 E AuthPII : 	at csdn.a(:com.google.android.gms@260632029@26.06.32 (190400-869789857):6)
04-17 20:09:38.281  3365  3421 E AuthPII : 	at bwfv.a(:com.google.android.gms@260632029@26.06.32 (190400-869789857):9)
04-17 20:09:38.281  3365  3421 E AuthPII : 	at aepw.b(:com.google.android.gms@260632029@26.06.32 (190400-869789857):13)
04-17 20:09:38.281  3365  3421 E AuthPII : 	at aepw.a(:com.google.android.gms@260632029@26.06.32 (190400-869789857):135)
04-17 20:09:38.281  3365  3421 E AuthPII : 	at amwf.b(:com.google.android.gms@260632029@26.06.32 (190400-869789857):28)
04-17 20:09:38.281  3365  3421 E AuthPII : 	at aflk.d(:com.google.android.gms@260632029@26.06.32 (190400-869789857):170)
04-17 20:09:38.281  3365  3421 E AuthPII : 	... 13 more
04-17 20:09:38.281  3365  3421 E AuthPII : Caused by: csdj: Connectivity error
04-17 20:09:38.281  3365  3421 E AuthPII : 	at csdg.a(:com.google.android.gms@260632029@26.06.32 (190400-869789857):76)
04-17 20:09:38.281  3365  3421 E AuthPII : 	... 20 more
04-17 20:09:38.281  3365  3421 E AuthPII : Caused by: java.io.IOException
04-17 20:09:38.281  3365  3421 E AuthPII : 	at csdg.a(:com.google.android.gms@260632029@26.06.32 (190400-869789857):73)
04-17 20:09:38.281  3365  3421 E AuthPII : 	... 20 more
04-17 20:09:38.281  3365  3421 I Auth    : (REDACTED) [GetToken] GetToken failed for app=%s with non recoverable status code: %s 
04-17 20:09:38.282  3365  3421 W Auth    : [ChimeraGetToken] exception while trying to fetch auth tokens for app=com.google.android.gsf, scope=oauth2:https://www.googleapis.com/auth/googleplay [CONTEXT service_id=153 ]
04-17 20:09:38.282  3365  3421 W Auth    : aflc: GetToken failed with status code: NetworkError
04-17 20:09:38.282  3365  3421 W Auth    : 	at aflh.b(:com.google.android.gms@260632029@26.06.32 (190400-869789857):346)
04-17 20:09:38.282  3365  3421 W Auth    : 	at ywt.d(:com.google.android.gms@260632029@26.06.32 (190400-869789857):662)
04-17 20:09:38.282  3365  3421 W Auth    : 	at afer.getAuthToken(:com.google.android.gms@260632029@26.06.32 (190400-869789857):411)
04-17 20:09:38.282  3365  3421 W Auth    : 	at android.accounts.AbstractAccountAuthenticator$Transport.getAuthToken(AbstractAccountAuthenticator.java:251)
04-17 20:09:38.282  3365  3421 W Auth    : 	at android.accounts.IAccountAuthenticator$Stub.onTransact(IAccountAuthenticator.java:253)
04-17 20:09:38.282  3365  3421 W Auth    : 	at android.os.Binder.transact(Binder.java:1183)
04-17 20:09:38.282  3365  3421 W Auth    : 	at chyr.onTransact(:com.google.android.gms@260632029@26.06.32 (190400-869789857):10)
04-17 20:09:38.282  3365  3421 W Auth    : 	at android.os.Binder.transact(Binder.java:1183)
04-17 20:09:38.282  3365  3421 W Auth    : 	at bwjq.onTransact(:com.google.android.gms@260632029@26.06.32 (190400-869789857):161)
04-17 20:09:38.282  3365  3421 W Auth    : 	at android.os.Binder.execTransactInternal(Binder.java:1344)
04-17 20:09:38.282  3365  3421 W Auth    : 	at android.os.Binder.execTransact(Binder.java:1275)
04-17 20:09:38.282  3365  3421 W GLSActivity: [GmsAccountAuthenticatorImpl] error status while fetching token:NetworkError
04-17 20:09:38.286  1525  4140 D ActivityManager: com.google.android.gms is skipped freeze by freezeAppAsyncInternalLSP
04-17 20:09:38.286  6184  7059 E PlayCommon: [91] Failed to get auth token: java.io.IOException: NetworkError
04-17 20:09:38.287  6184  7059 W PlayCommon: [91] Deferring log upload because couldn't retrieve auth token
04-17 20:09:38.294  1184  1184 W Layer   : gatherBufferInfo: Received unknown dataspace from gralloc
04-17 20:09:38.294  1184  1184 W Layer   : gatherBufferInfo: Received unknown dataspace from gralloc
04-17 20:09:38.296  1038  1322 W SDM     : DisplayBase::Commit: Failed to set the data on driver for display: 32-0, Error: -1, status: 0
04-17 20:09:38.311  1184  1184 W Layer   : gatherBufferInfo: Received unknown dataspace from gralloc
04-17 20:09:38.311  1184  1184 W Layer   : gatherBufferInfo: Received unknown dataspace from gralloc
04-17 20:09:38.313  1038  1322 W SDM     : DisplayBase::Commit: Failed to set the data on driver for display: 32-0, Error: -1, status: 0
04-17 20:09:38.329  1184  1184 W Layer   : gatherBufferInfo: Received unknown dataspace from gralloc
04-17 20:09:38.329  1184  1184 W Layer   : gatherBufferInfo: Received unknown dataspace from gralloc
04-17 20:09:38.332  1038  1322 W SDM     : DisplayBase::Commit: Failed to set the data on driver for display: 32-0, Error: -1, status: 0
04-17 20:09:38.344  2136  2136 W WindowOnBackDispatcher: sendCancelIfRunning: isInProgress=falsecallback=android.view.ViewRootImpl$$ExternalSyntheticLambda17@1783464
04-17 20:09:38.344  1525  2141 D CoreBackPreview: Window{77c4f6c u0 Toast}: Setting back callback null
04-17 20:09:38.346  1184  1184 W Layer   : gatherBufferInfo: Received unknown dataspace from gralloc
04-17 20:09:38.346  1184  1184 W Layer   : gatherBufferInfo: Received unknown dataspace from gralloc
04-17 20:09:38.350  1525  2141 W InputManager-JNI: Input channel object '77c4f6c Toast (client)' was disposed without first being removed with the input manager!
04-17 20:09:38.350  1038  1322 W SDM     : DisplayBase::Commit: Failed to set the data on driver for display: 32-0, Error: -1, status: 0
04-17 20:09:38.351  1525  2141 W NotificationService: Toast already killed. pkg=com.adient.nfcv4 token=android.os.BinderProxy@c4a57e9
04-17 20:09:38.370  1038  1322 W SDM     : RCIntfImpl::ValidateMaskLayer: Unsupported mask layer format RGBA_8888_UBWC (12) on layer(0l, 0ft, 1200fr, 36b).
04-17 20:09:38.370  1038  1322 W SDM     : RCIntfImpl::ValidateMaskLayer: Unsupported mask layer format RGBA_8888_UBWC (12) on layer(0l, 0ft, 1200fr, 36b).
04-17 20:09:38.377  1038  1322 W SDM     : DisplayBase::Commit: Failed to set the data on driver for display: 32-0, Error: -1, status: 0
04-17 20:09:38.405  1038  1322 W SDM     : RCIntfImpl::ValidateMaskLayer: Unsupported mask layer format RGBA_8888_UBWC (12) on layer(0l, 0ft, 1200fr, 36b).
04-17 20:09:38.405  1038  1322 W SDM     : RCIntfImpl::ValidateMaskLayer: Unsupported mask layer format RGBA_8888_UBWC (12) on layer(0l, 0ft, 1200fr, 36b).
04-17 20:09:38.406  1038  1322 W SDM     : DisplayBase::Commit: Failed to set the data on driver for display: 32-0, Error: -1, status: 0
04-17 20:09:38.410  1603  2666 D LOWI-9.0.1.89.z: [LOWI-Scan] wait_event:Wait done with Cmd 33
04-17 20:09:38.410  1603  2666 D LOWI-9.0.1.89.z: [LOWI-Scan] do_listen_events: Rcvd valid Netlink Cmd 0 Err 0
04-17 20:09:38.411  1449  2654 D fusionconfd: SkinnyCat: inside listen events
04-17 20:09:38.411  1430  1626 D SMARTMU : #(1626) [ os_wlan_driver_event.cpp : 40] ------------------>  NL80211_CMD_TRIGGER_SCAN : 33 
04-17 20:09:38.514  1038  1322 W SDM     : RCIntfImpl::ValidateMaskLayer: Unsupported mask layer format RGBA_8888_UBWC (12) on layer(0l, 0ft, 1200fr, 36b).
04-17 20:09:38.514  1038  1322 W SDM     : RCIntfImpl::ValidateMaskLayer: Unsupported mask layer format RGBA_8888_UBWC (12) on layer(0l, 0ft, 1200fr, 36b).
04-17 20:09:38.522  1038  1322 W SDM     : DisplayBase::Commit: Failed to set the data on driver for display: 32-0, Error: -1, status: 0
04-17 20:09:38.967  6184  7052 I PlayCommon: [90] Preparing logs for uploading
04-17 20:09:38.969  6184  7052 I PlayCommon: [90] Connecting to server for timestamp: https://play.googleapis.com/play/log/timestamp
04-17 20:09:38.970  6184  7052 E PlayCommon: [90] Failed to connect to server for server timestamp: java.net.UnknownHostException: Unable to resolve host "play.googleapis.com": No address associated with hostname
04-17 20:09:38.977  1525  4140 D ActivityManager: com.google.android.gms is skipped freeze by freezeAppAsyncInternalLSP
04-17 20:09:38.994  3365  3421 W DeviceStateUtils: Active network is null
04-17 20:09:38.997  3365  3421 W Auth    : [TokenResponseCallback] TokenResponse failed with exception [CONTEXT service_id=343 ]
04-17 20:09:38.997  3365  3421 W Auth    : csad: Failed to process request
04-17 20:09:38.997  3365  3421 W Auth    : 	at csak.a(:com.google.android.gms@260632029@26.06.32 (190400-869789857):23)
04-17 20:09:38.997  3365  3421 W Auth    : 	at cseh.b(:com.google.android.gms@260632029@26.06.32 (190400-869789857):15)
04-17 20:09:38.997  3365  3421 W Auth    : 	at csdg.a(:com.google.android.gms@260632029@26.06.32 (190400-869789857):82)
04-17 20:09:38.997  3365  3421 W Auth    : 	at krp.a(:com.google.android.gms@260632029@26.06.32 (190400-869789857):19)
04-17 20:09:38.997  3365  3421 W Auth    : 	at csdn.a(:com.google.android.gms@260632029@26.06.32 (190400-869789857):6)
04-17 20:09:38.997  3365  3421 W Auth    : 	at bwfv.a(:com.google.android.gms@260632029@26.06.32 (190400-869789857):9)
04-17 20:09:38.997  3365  3421 W Auth    : 	at aepw.b(:com.google.android.gms@260632029@26.06.32 (190400-869789857):13)
04-17 20:09:38.997  3365  3421 W Auth    : 	at aepw.a(:com.google.android.gms@260632029@26.06.32 (190400-869789857):135)
04-17 20:09:38.997  3365  3421 W Auth    : 	at amwf.b(:com.google.android.gms@260632029@26.06.32 (190400-869789857):28)
04-17 20:09:38.997  3365  3421 W Auth    : 	at aflk.d(:com.google.android.gms@260632029@26.06.32 (190400-869789857):170)
04-17 20:09:38.997  3365  3421 W Auth    : 	at aflk.b(:com.google.android.gms@260632029@26.06.32 (190400-869789857):48)
04-17 20:09:38.997  3365  3421 W Auth    : 	at afli.a(:com.google.android.gms@260632029@26.06.32 (190400-869789857):744)
04-17 20:09:38.997  3365  3421 W Auth    : 	at aflh.b(:com.google.android.gms@260632029@26.06.32 (190400-869789857):142)
04-17 20:09:38.997  3365  3421 W Auth    : 	at ywt.d(:com.google.android.gms@260632029@26.06.32 (190400-869789857):662)
04-17 20:09:38.997  3365  3421 W Auth    : 	at afer.getAuthToken(:com.google.android.gms@260632029@26.06.32 (190400-869789857):411)
04-17 20:09:38.997  3365  3421 W Auth    : 	at android.accounts.AbstractAccountAuthenticator$Transport.getAuthToken(AbstractAccountAuthenticator.java:251)
04-17 20:09:38.997  3365  3421 W Auth    : 	at android.accounts.IAccountAuthenticator$Stub.onTransact(IAccountAuthenticator.java:253)
04-17 20:09:38.997  3365  3421 W Auth    : 	at android.os.Binder.transact(Binder.java:1183)
04-17 20:09:38.997  3365  3421 W Auth    : 	at chyr.onTransact(:com.google.android.gms@260632029@26.06.32 (190400-869789857):10)
04-17 20:09:38.997  3365  3421 W Auth    : 	at android.os.Binder.transact(Binder.java:1183)
04-17 20:09:38.997  3365  3421 W Auth    : 	at bwjq.onTransact(:com.google.android.gms@260632029@26.06.32 (190400-869789857):161)
04-17 20:09:38.997  3365  3421 W Auth    : 	at android.os.Binder.execTransactInternal(Binder.java:1344)
04-17 20:09:38.997  3365  3421 W Auth    : 	at android.os.Binder.execTransact(Binder.java:1275)
04-17 20:09:38.997  3365  3421 W Auth    : Caused by: csdj: Connectivity error
04-17 20:09:38.997  3365  3421 W Auth    : 	at csdg.a(:com.google.android.gms@260632029@26.06.32 (190400-869789857):76)
04-17 20:09:38.997  3365  3421 W Auth    : 	... 20 more
04-17 20:09:38.997  3365  3421 W Auth    : Caused by: java.io.IOException
04-17 20:09:38.997  3365  3421 W Auth    : 	at csdg.a(:com.google.android.gms@260632029@26.06.32 (190400-869789857):73)
04-17 20:09:38.997  3365  3421 W Auth    : 	... 20 more
04-17 20:09:38.999  3365  3421 E AuthPII : [RequestTokenManager] getToken() -> NETWORK_ERROR. App: com.android.vending, Service: oauth2:https://www.googleapis.com/auth/googleplay
04-17 20:09:38.999  3365  3421 E AuthPII : begw: Error when calling server using GmsNetworkStack.
04-17 20:09:38.999  3365  3421 E AuthPII : 	at aflk.b(:com.google.android.gms@260632029@26.06.32 (190400-869789857):1606)
04-17 20:09:38.999  3365  3421 E AuthPII : 	at afli.a(:com.google.android.gms@260632029@26.06.32 (190400-869789857):744)
04-17 20:09:38.999  3365  3421 E AuthPII : 	at aflh.b(:com.google.android.gms@260632029@26.06.32 (190400-869789857):142)
04-17 20:09:38.999  3365  3421 E AuthPII : 	at ywt.d(:com.google.android.gms@260632029@26.06.32 (190400-869789857):662)
04-17 20:09:38.999  3365  3421 E AuthPII : 	at afer.getAuthToken(:com.google.android.gms@260632029@26.06.32 (190400-869789857):411)
04-17 20:09:38.999  3365  3421 E AuthPII : 	at android.accounts.AbstractAccountAuthenticator$Transport.getAuthToken(AbstractAccountAuthenticator.java:251)
04-17 20:09:38.999  3365  3421 E AuthPII : 	at android.accounts.IAccountAuthenticator$Stub.onTransact(IAccountAuthenticator.java:253)
04-17 20:09:38.999  3365  3421 E AuthPII : 	at android.os.Binder.transact(Binder.java:1183)
04-17 20:09:38.999  3365  3421 E AuthPII : 	at chyr.onTransact(:com.google.android.gms@260632029@26.06.32 (190400-869789857):10)
04-17 20:09:38.999  3365  3421 E AuthPII : 	at android.os.Binder.transact(Binder.java:1183)
04-17 20:09:38.999  3365  3421 E AuthPII : 	at bwjq.onTransact(:com.google.android.gms@260632029@26.06.32 (190400-869789857):161)
04-17 20:09:38.999  3365  3421 E AuthPII : 	at android.os.Binder.execTransactInternal(Binder.java:1344)
